Component: Arm Compiler for Embedded 6.18 Tool: armlink [5e4cc100]

==============================================================================

Section Cross References

    hal_entry.o(.text.hal_entry) refers to hal_data.o(.rodata.g_uart7) for g_uart7
    hal_entry.o(.text.hal_entry) refers to hal_data.o(.rodata.g_timer_1ms) for g_timer_1ms
    hal_entry.o(.text.hal_entry) refers to bsp_delay.o(.text.R_BSP_SoftwareDelay) for R_BSP_SoftwareDelay
    hal_entry.o(.text.hal_entry) refers to tjc_usart_hmi.o(.text.UART_HIM_Init) for UART_HIM_Init
    hal_entry.o(.text.hal_entry) refers to as608pro.o(.text.AS608_Init) for AS608_Init
    hal_entry.o(.text.hal_entry) refers to pn532.o(.text.PN532_INIT) for PN532_INIT
    hal_entry.o(.text.hal_entry) refers to k230_connect.o(.text.uart8_init) for uart8_init
    hal_entry.o(.text.hal_entry) refers to esp_connect.o(.text.uart2_init) for uart2_init
    hal_entry.o(.text.hal_entry) refers to asr_pro.o(.text.uart9_init) for uart9_init
    hal_entry.o(.text.hal_entry) refers to motor.o(.text.motor_init) for motor_init
    hal_entry.o(.text.hal_entry) refers to printf8.o(i.__0printf$8) for __2printf
    hal_entry.o(.text.hal_entry) refers to as608pro.o(.text.finger_search) for finger_search
    hal_entry.o(.text.hal_entry) refers to tjc_usart_hmi.o(.text.HIM_connection) for HIM_connection
    hal_entry.o(.text.hal_entry) refers to pn532.o(.text.PN532_connect) for PN532_connect
    hal_entry.o(.text.hal_entry) refers to fun.o(.text.key_scan) for key_scan
    hal_entry.o(.text.hal_entry) refers to k230_connect.o(.text.process_uart8_data) for process_uart8_data
    hal_entry.o(.text.hal_entry) refers to esp_connect.o(.text.process_uart2_data) for process_uart2_data
    hal_entry.o(.text.hal_entry) refers to esp_connect.o(.text.update_clock_display) for update_clock_display
    hal_entry.o(.text.hal_entry) refers to motor.o(.text.motor_task) for motor_task
    hal_entry.o(.ARM.exidx.text.hal_entry) refers to hal_entry.o(.text.hal_entry) for [Anonymous Symbol]
    hal_entry.o(.text.R_BSP_WarmStart) refers to common_data.o(.bss.g_ioport_ctrl) for g_ioport_ctrl
    hal_entry.o(.text.R_BSP_WarmStart) refers to pin_data.o(.rodata.g_bsp_pin_cfg) for g_bsp_pin_cfg
    hal_entry.o(.text.R_BSP_WarmStart) refers to r_ioport.o(.text.R_IOPORT_Open) for R_IOPORT_Open
    hal_entry.o(.ARM.exidx.text.R_BSP_WarmStart) refers to hal_entry.o(.text.R_BSP_WarmStart) for [Anonymous Symbol]
    as608pro.o(.text.finger_addtion) refers to puts.o(i.puts) for puts
    as608pro.o(.text.finger_addtion) refers to bsp_delay.o(.text.R_BSP_SoftwareDelay) for R_BSP_SoftwareDelay
    as608pro.o(.text.finger_addtion) refers to as608pro.o(.rodata.str1.1) for .Lstr
    as608pro.o(.text.finger_addtion) refers to as608pro.o(.bss.str1) for str1
    as608pro.o(.text.finger_addtion) refers to tjc_usart_hmi.o(.text.tjc_send_string) for tjc_send_string
    as608pro.o(.text.finger_addtion) refers to as608pro.o(.text.AS608_AddFR) for AS608_AddFR
    as608pro.o(.ARM.exidx.text.finger_addtion) refers to as608pro.o(.text.finger_addtion) for [Anonymous Symbol]
    as608pro.o(.text.AS608_AddFR) refers to as608pro.o(.text.PS_GetImage) for PS_GetImage
    as608pro.o(.text.AS608_AddFR) refers to as608pro.o(.text.PS_GenChar) for PS_GenChar
    as608pro.o(.text.AS608_AddFR) refers to as608pro.o(.text.PS_Match) for PS_Match
    as608pro.o(.text.AS608_AddFR) refers to as608pro.o(.text.PS_RegModel) for PS_RegModel
    as608pro.o(.text.AS608_AddFR) refers to as608pro.o(.bss.ValidN) for ValidN
    as608pro.o(.text.AS608_AddFR) refers to as608pro.o(.text.PS_ValidTempleteNum) for PS_ValidTempleteNum
    as608pro.o(.text.AS608_AddFR) refers to as608pro.o(.text.PS_StoreChar) for PS_StoreChar
    as608pro.o(.ARM.exidx.text.AS608_AddFR) refers to as608pro.o(.text.AS608_AddFR) for [Anonymous Symbol]
    as608pro.o(.text.finger_search) refers to as608pro.o(.text.AS608_PressFR) for AS608_PressFR
    as608pro.o(.text.finger_search) refers to printf8.o(i.__0printf$8) for __2printf
    as608pro.o(.text.finger_search) refers to as608pro.o(.bss.str1) for str1
    as608pro.o(.text.finger_search) refers to tjc_usart_hmi.o(.text.tjc_send_string) for tjc_send_string
    as608pro.o(.text.finger_search) refers to esp_connect.o(.text.uart2_send_value) for uart2_send_value
    as608pro.o(.text.finger_search) refers to asr_pro.o(.text.uart9_send_value) for uart9_send_value
    as608pro.o(.text.finger_search) refers to puts.o(i.puts) for puts
    as608pro.o(.text.finger_search) refers to bsp_delay.o(.text.R_BSP_SoftwareDelay) for R_BSP_SoftwareDelay
    as608pro.o(.text.finger_search) refers to motor.o(.bss.motor_flag) for motor_flag
    as608pro.o(.text.finger_search) refers to esp_connect.o(.text.dakai_clock_display) for dakai_clock_display
    as608pro.o(.ARM.exidx.text.finger_search) refers to as608pro.o(.text.finger_search) for [Anonymous Symbol]
[...]
    Image$$BSS$$ZI$$Length                   0x00000ae4   Number         0  anon$$obj.o ABSOLUTE
    AS608_DeleteFR                           0x00000af5   Thumb Code    30  as608pro.o(.text.AS608_DeleteFR)
    AS608_GetFRNumber                        0x00000b13   Thumb Code    20  as608pro.o(.text.AS608_GetFRNumber)
    AS608_Init                               0x00000b27   Thumb Code    38  as608pro.o(.text.AS608_Init)
    AS608_PressFR                            0x00000b4d   Thumb Code   110  as608pro.o(.text.AS608_PressFR)
    BusFault_Handler                         0x00000bbb   Thumb Code     4  startup.o(.text.Default_Handler)
    DebugMon_Handler                         0x00000bbb   Thumb Code     4  startup.o(.text.Default_Handler)
    Default_Handler                          0x00000bbb   Thumb Code     4  startup.o(.text.Default_Handler)
    HardFault_Handler                        0x00000bbb   Thumb Code     4  startup.o(.text.Default_Handler)
    MemManage_Handler                        0x00000bbb   Thumb Code     4  startup.o(.text.Default_Handler)
    PendSV_Handler                           0x00000bbb   Thumb Code     4  startup.o(.text.Default_Handler)
    SVC_Handler                              0x00000bbb   Thumb Code     4  startup.o(.text.Default_Handler)
    SecureFault_Handler                      0x00000bbb   Thumb Code     4  startup.o(.text.Default_Handler)
    SysTick_Handler                          0x00000bbb   Thumb Code     4  startup.o(.text.Default_Handler)
    UsageFault_Handler                       0x00000bbb   Thumb Code     4  startup.o(.text.Default_Handler)
    HIM_connection                           0x00000bc1   Thumb Code  1120  tjc_usart_hmi.o(.text.HIM_connection)
    NMI_Handler                              0x00001139   Thumb Code    68  bsp_group_irq.o(.text.NMI_Handler)
    PN532_GetFirmVersion                     0x0000117d   Thumb Code   120  pn532.o(.text.PN532_GetFirmVersion)
    PN532_GetTick                            0x000011f5   Thumb Code    12  pn532_hal.o(.text.PN532_GetTick)
    PN532_I2C_Receive                        0x00001201   Thumb Code   182  pn532_hal.o(.text.PN532_I2C_Receive)
    PN532_I2C_Transmit                       0x000012b9   Thumb Code   174  pn532_hal.o(.text.PN532_I2C_Transmit)
    PN532_INIT                               0x00001369   Thumb Code    72  pn532.o(.text.PN532_INIT)
    PN532_Init_Hardware                      0x000013c9   Thumb Code    38  pn532_hal.o(.text.PN532_Init_Hardware)
    PN532_ReadPassTarget                     0x000013ef   Thumb Code   162  pn532.o(.text.PN532_ReadPassTarget)
    PN532_SetSamConfig                       0x00001491   Thumb Code   122  pn532.o(.text.PN532_SetSamConfig)
    PN532_WaitReady                          0x0000150d   Thumb Code   114  pn532.o(.text.PN532_WaitReady)
    PN532_connect                            0x00001581   Thumb Code   416  pn532.o(.text.PN532_connect)
    PN532_parse_frame                        0x0000178d   Thumb Code    94  pn532.o(.text.PN532_parse_frame)
    PN532_recv                               0x000017eb   Thumb Code    36  pn532.o(.text.PN532_recv)
    PN532_recv_ack                           0x0000180f   Thumb Code    66  pn532.o(.text.PN532_recv_ack)
    PN532_recv_data                          0x00001851   Thumb Code    48  pn532.o(.text.PN532_recv_data)
    PN532_send_data                          0x00001881   Thumb Code    90  pn532.o(.text.PN532_send_data)
    PS_DeletChar                             0x000018dd   Thumb Code   256  as608pro.o(.text.PS_DeletChar)
    PS_Empty                                 0x000019dd   Thumb Code   124  as608pro.o(.text.PS_Empty)
    PS_GenChar                               0x00001a59   Thumb Code   152  as608pro.o(.text.PS_GenChar)
    PS_GetImage                              0x00001af1   Thumb Code   124  as608pro.o(.text.PS_GetImage)
    PS_HandShake                             0x00001b6d   Thumb Code   198  as608pro.o(.text.PS_HandShake)
    PS_HighSpeedSearch                       0x00001c35   Thumb Code   312  as608pro.o(.text.PS_HighSpeedSearch)
    PS_Match                                 0x00001d6d   Thumb Code   124  as608pro.o(.text.PS_Match)
    PS_ReadSysPara                           0x00001de9   Thumb Code   154  as608pro.o(.text.PS_ReadSysPara)
    PS_RegModel                              0x00001e85   Thumb Code   124  as608pro.o(.text.PS_RegModel)
    PS_StoreChar                             0x00001f01   Thumb Code   222  as608pro.o(.text.PS_StoreChar)
    PS_ValidTempleteNum                      0x00001fe1   Thumb Code   130  as608pro.o(.text.PS_ValidTempleteNum)
    R_BSP_Init_RTC                           0x00002065   Thumb Code   122  bsp_clocks.o(.text.R_BSP_Init_RTC)
    R_BSP_RegisterProtectDisable             0x000020df   Thumb Code    78  bsp_register_protection.o(.text.R_BSP_RegisterProtectDisable)
    R_BSP_RegisterProtectEnable              0x0000212d   Thumb Code    82  bsp_register_protection.o(.text.R_BSP_RegisterProtectEnable)
    R_BSP_SoftwareDelay                      0x0000217f   Thumb Code    72  bsp_delay.o(.text.R_BSP_SoftwareDelay)
    R_BSP_SubClockStabilizeWaitAfterReset    0x000021c7   Thumb Code     2  bsp_clocks.o(.text.R_BSP_SubClockStabilizeWaitAfterReset)
    R_BSP_WarmStart                          0x000021c9   Thumb Code    26  hal_entry.o(.text.R_BSP_WarmStart)
    R_GPT_CallbackSet                        0x000021e3   Thumb Code    14  r_gpt.o(.text.R_GPT_CallbackSet)
    R_GPT_Close                              0x000021f1   Thumb Code   148  r_gpt.o(.text.R_GPT_Close)
    R_GPT_CompareMatchSet                    0x00002285   Thumb Code    14  r_gpt.o(.text.R_GPT_CompareMatchSet)
    R_GPT_Disable                            0x00002293   Thumb Code    30  r_gpt.o(.text.R_GPT_Disable)
    R_GPT_DutyCycleSet                       0x000022b1   Thumb Code   164  r_gpt.o(.text.R_GPT_DutyCycleSet)
    R_GPT_Enable                             0x00002355   Thumb Code    56  r_gpt.o(.text.R_GPT_Enable)
    R_GPT_InfoGet                            0x0000238d   Thumb Code    60  r_gpt.o(.text.R_GPT_InfoGet)
    R_GPT_Open                               0x000023c9   Thumb Code   580  r_gpt.o(.text.R_GPT_Open)
    R_GPT_PeriodSet                          0x0000260d   Thumb Code    56  r_gpt.o(.text.R_GPT_PeriodSet)
    R_GPT_Reset                              0x00002645   Thumb Code    10  r_gpt.o(.text.R_GPT_Reset)
    R_GPT_Start                              0x0000264f   Thumb Code    10  r_gpt.o(.text.R_GPT_Start)
    R_GPT_StatusGet                          0x00002659   Thumb Code    18  r_gpt.o(.text.R_GPT_StatusGet)
    R_GPT_Stop                               0x0000266b   Thumb Code    10  r_gpt.o(.text.R_GPT_Stop)
    R_IIC_MASTER_Abort                       0x00002675   Thumb Code    50  r_iic_master.o(.text.R_IIC_MASTER_Abort)
    R_IIC_MASTER_CallbackSet                 0x000026a7   Thumb Code    14  r_iic_master.o(.text.R_IIC_MASTER_CallbackSet)
    R_IIC_MASTER_Close                       0x000026b5   Thumb Code   208  r_iic_master.o(.text.R_IIC_MASTER_Close)
    R_IIC_MASTER_Open                        0x00002785   Thumb Code   128  r_iic_master.o(.text.R_IIC_MASTER_Open)
    R_IIC_MASTER_Read                        0x00002805   Thumb Code    12  r_iic_master.o(.text.R_IIC_MASTER_Read)
    R_IIC_MASTER_SlaveAddressSet             0x00002811   Thumb Code    10  r_iic_master.o(.text.R_IIC_MASTER_SlaveAddressSet)
    R_IIC_MASTER_StatusGet                   0x0000281b   Thumb Code    24  r_iic_master.o(.text.R_IIC_MASTER_StatusGet)
    R_IIC_MASTER_Write                       0x00002833   Thumb Code    12  r_iic_master.o(.text.R_IIC_MASTER_Write)
    R_IOPORT_Close                           0x0000283f   Thumb Code    10  r_ioport.o(.text.R_IOPORT_Close)
    R_IOPORT_Open                            0x00002849   Thumb Code    22  r_ioport.o(.text.R_IOPORT_Open)
    R_IOPORT_PinCfg                          0x0000285f   Thumb Code   174  r_ioport.o(.text.R_IOPORT_PinCfg)
    R_IOPORT_PinEventInputRead               0x0000290d   Thumb Code    40  r_ioport.o(.text.R_IOPORT_PinEventInputRead)
    R_IOPORT_PinEventOutputWrite             0x00002935   Thumb Code    60  r_ioport.o(.text.R_IOPORT_PinEventOutputWrite)
    R_IOPORT_PinRead                         0x00002971   Thumb Code    34  r_ioport.o(.text.R_IOPORT_PinRead)
    R_IOPORT_PinWrite                        0x00002993   Thumb Code    36  r_ioport.o(.text.R_IOPORT_PinWrite)
    R_IOPORT_PinsCfg                         0x000029b7   Thumb Code    12  r_ioport.o(.text.R_IOPORT_PinsCfg)
    R_IOPORT_PortDirectionSet                0x000029c3   Thumb Code    44  r_ioport.o(.text.R_IOPORT_PortDirectionSet)
    R_IOPORT_PortEventInputRead              0x000029ef   Thumb Code    24  r_ioport.o(.text.R_IOPORT_PortEventInputRead)
    R_IOPORT_PortEventOutputWrite            0x00002a07   Thumb Code    32  r_ioport.o(.text.R_IOPORT_PortEventOutputWrite)
    R_IOPORT_PortRead                        0x00002a27   Thumb Code    22  r_ioport.o(.text.R_IOPORT_PortRead)
    R_IOPORT_PortWrite                       0x00002a3d   Thumb Code    32  r_ioport.o(.text.R_IOPORT_PortWrite)
    R_SCI_UART_Abort                         0x00002a5d   Thumb Code    34  r_sci_uart.o(.text.R_SCI_UART_Abort)
    R_SCI_UART_BaudSet                       0x00002a7f   Thumb Code   104  r_sci_uart.o(.text.R_SCI_UART_BaudSet)
    R_SCI_UART_CallbackSet                   0x00002ae7   Thumb Code    14  r_sci_uart.o(.text.R_SCI_UART_CallbackSet)
    R_SCI_UART_Close                         0x00002af5   Thumb Code   166  r_sci_uart.o(.text.R_SCI_UART_Close)
    R_SCI_UART_InfoGet                       0x00002b9b   Thumb Code    12  r_sci_uart.o(.text.R_SCI_UART_InfoGet)
    R_SCI_UART_Open                          0x00002ba7   Thumb Code   826  r_sci_uart.o(.text.R_SCI_UART_Open)
    R_SCI_UART_Read                          0x00002ee1   Thumb Code    10  r_sci_uart.o(.text.R_SCI_UART_Read)
    R_SCI_UART_ReadStop                      0x00002eeb   Thumb Code    14  r_sci_uart.o(.text.R_SCI_UART_ReadStop)
    R_SCI_UART_Write                         0x00002ef9   Thumb Code    74  r_sci_uart.o(.text.R_SCI_UART_Write)
    Reset_Handler                            0x00002f45   Thumb Code    10  startup.o(.text.Reset_Handler)
    SendHead                                 0x00003041   Thumb Code    86  as608pro.o(.text.SendHead)
    SystemCoreClockUpdate                    0x000030ef   Thumb Code    44  bsp_clocks.o(.text.SystemCoreClockUpdate)
    SystemInit                               0x0000311d   Thumb Code   244  system.o(.text.SystemInit)
    UART_HIM_Init                            0x00003211   Thumb Code    32  tjc_usart_hmi.o(.text.UART_HIM_Init)
    bsp_clock_init                           0x00003231   Thumb Code   316  bsp_clocks.o(.text.bsp_clock_init)
    bsp_init                                 0x0000336d   Thumb Code     2  bsp_common.o(.text.bsp_init_internal)
    bsp_init_internal                        0x0000336d   Thumb Code     2  bsp_common.o(.text.bsp_init_internal)
    bsp_irq_cfg                              0x00003371   Thumb Code   150  bsp_irq.o(.text.bsp_irq_cfg)
    bsp_prv_software_delay_loop              0x00003407   Thumb Code     8  bsp_delay.o(.text.bsp_prv_software_delay_loop)
    dakai_clock_display                      0x000034e9   Thumb Code    60  esp_connect.o(.text.dakai_clock_display)
    finger_addtion                           0x0000353d   Thumb Code   200  as608pro.o(.text.finger_addtion)
    finger_search                            0x00003675   Thumb Code   232  as608pro.o(.text.finger_search)
    fputc                                    0x000037c9   Thumb Code    52  fun.o(.text.fputc)
    g_system_tick                            0x000037fd   Thumb Code    16  pn532_hal.o(.text.g_system_tick)
    gpt_counter_overflow_isr                 0x0000386b   Thumb Code   172  r_gpt.o(.text.gpt_counter_overflow_isr)
    hal_entry                                0x00003919   Thumb Code   132  hal_entry.o(.text.hal_entry)
    i2c_master_callback                      0x000039b1   Thumb Code    62  pn532_hal.o(.text.i2c_master_callback)
    iic_master_eri_isr                       0x000039ef   Thumb Code   328  r_iic_master.o(.text.iic_master_eri_isr)
    iic_master_rxi_isr                       0x00003e2b   Thumb Code   398  r_iic_master.o(.text.iic_master_rxi_isr)
    iic_master_tei_isr                       0x00003fb9   Thumb Code   222  r_iic_master.o(.text.iic_master_tei_isr)
    iic_master_txi_isr                       0x00004099   Thumb Code   282  r_iic_master.o(.text.iic_master_txi_isr)
    key_scan                                 0x000041b5   Thumb Code   192  fun.o(.text.key_scan)
    main                                     0x000042a5   Thumb Code    10  main.o(.text.main)
    motor_init                               0x000042af   Thumb Code   298  motor.o(.text.motor_init)
    motor_task                               0x000043d9   Thumb Code   288  motor.o(.text.motor_task)
    process_uart2_data                       0x000044f9   Thumb Code   220  esp_connect.o(.text.process_uart2_data)
    process_uart8_data                       0x00004621   Thumb Code   184  k230_connect.o(.text.process_uart8_data)
    sci_uart_eri_isr                         0x00004855   Thumb Code   106  r_sci_uart.o(.text.sci_uart_eri_isr)
    sci_uart_rxi_isr                         0x000048bf   Thumb Code   136  r_sci_uart.o(.text.sci_uart_rxi_isr)
    sci_uart_tei_isr                         0x00004947   Thumb Code    74  r_sci_uart.o(.text.sci_uart_tei_isr)
    sci_uart_txi_isr                         0x00004991   Thumb Code   140  r_sci_uart.o(.text.sci_uart_txi_isr)
    send_wifi_to_esp32                       0x00004a1d   Thumb Code    44  esp_connect.o(.text.send_wifi_to_esp32)
    timeout_search_1ms                       0x00004a69   Thumb Code    42  as608pro.o(.text.timeout_search_1ms)
    timer_1ms_callback                       0x00004a93   Thumb Code   112  fun.o(.text.timer_1ms_callback)
    timer_callback                           0x00004b03   Thumb Code    92  esp_connect.o(.text.timer_callback)
    tjc_send_string                          0x00004b61   Thumb Code   164  tjc_usart_hmi.o(.text.tjc_send_string)
    uart2_callback                           0x00004c05   Thumb Code   258  esp_connect.o(.text.uart2_callback)
    uart2_init                               0x00004d07   Thumb Code   102  esp_connect.o(.text.uart2_init)
    uart2_send_string                        0x00004d6d   Thumb Code    52  esp_connect.o(.text.uart2_send_string)
    uart2_send_value                         0x00004da1   Thumb Code    28  esp_connect.o(.text.uart2_send_value)
    uart3_callback                           0x00004dc5   Thumb Code   122  as608pro.o(.text.uart3_callback)
    uart5_callback                           0x00004e3f   Thumb Code   124  tjc_usart_hmi.o(.text.uart5_callback)
    uart7_callback                           0x00004ebb   Thumb Code    56  fun.o(.text.uart7_callback)
    uart8_callback                           0x00004ef5   Thumb Code   182  k230_connect.o(.text.uart8_callback)
    uart8_init                               0x00004fab   Thumb Code    50  k230_connect.o(.text.uart8_init)
    uart8_send_value                         0x00004fdd   Thumb Code    64  k230_connect.o(.text.uart8_send_value)
    uart9_callback                           0x00005025   Thumb Code   160  asr_pro.o(.text.uart9_callback)
    uart9_init                               0x000050c5   Thumb Code    14  asr_pro.o(.text.uart9_init)
    uart9_send_value                         0x000050d5   Thumb Code    64  asr_pro.o(.text.uart9_send_value)
    update_clock_display                     0x0000511d   Thumb Code    90  esp_connect.o(.text.update_clock_display)
    __0printf$8                              0x00005179   Thumb Code    22  printf8.o(i.__0printf$8)
    __1printf$8                              0x00005179   Thumb Code     0  printf8.o(i.__0printf$8)
    __2printf                                0x00005179   Thumb Code     0  printf8.o(i.__0printf$8)
    __0snprintf$8                            0x00005199   Thumb Code    48  printf8.o(i.__0snprintf$8)
    __1snprintf$8                            0x00005199   Thumb Code     0  printf8.o(i.__0snprintf$8)
    __2snprintf                              0x00005199   Thumb Code     0  printf8.o(i.__0snprintf$8)
    __0sprintf$8                             0x000051cd   Thumb Code    34  printf8.o(i.__0sprintf$8)
    __1sprintf$8                             0x000051cd   Thumb Code     0  printf8.o(i.__0sprintf$8)
    __2sprintf                               0x000051cd   Thumb Code     0  printf8.o(i.__0sprintf$8)
    __aeabi_errno_addr                       0x000051f5   Thumb Code     4  errno.o(i.__aeabi_errno_addr)
    __rt_errno_addr                          0x000051f5   Thumb Code     0  errno.o(i.__aeabi_errno_addr)
    puts                                     0x00005681   Thumb Code    30  puts.o(i.puts)
    __ctype_table                            0x000056a4   Data         129  ctype_o.o(.constdata)
    g_bsp_pin_cfg                            0x00005734   Data          12  pin_data.o(.rodata.g_bsp_pin_cfg)
    g_bsp_pin_cfg_data                       0x00005740   Data         216  pin_data.o(.rodata.g_bsp_pin_cfg_data)
    g_i2c1                                   0x00005818   Data          12  hal_data.o(.rodata.g_i2c1)
    g_i2c1_cfg                               0x00005824   Data          56  hal_data.o(.rodata.g_i2c1_cfg)
    g_i2c1_extend                            0x0000585c   Data          16  hal_data.o(.rodata.g_i2c1_extend)
    g_i2c_master_on_iic                      0x0000586c   Data          32  r_iic_master.o(.rodata.g_i2c_master_on_iic)
    g_interrupt_event_link_select            0x0000588c   Data         384  vector_data.o(.rodata.g_interrupt_event_link_select)
    g_ioport                                 0x00005a0c   Data          12  common_data.o(.rodata.g_ioport)
    g_ioport_on_ioport                       0x00005a18   Data          52  r_ioport.o(.rodata.g_ioport_on_ioport)
    g_timer1_cfg                             0x00005a4c   Data          36  hal_data.o(.rodata.g_timer1_cfg)
    g_timer1_extend                          0x00005a70   Data          84  hal_data.o(.rodata.g_timer1_extend)
    g_timer2_cfg                             0x00005ac4   Data          36  hal_data.o(.rodata.g_timer2_cfg)
    g_timer2_extend                          0x00005ae8   Data          84  hal_data.o(.rodata.g_timer2_extend)
    g_timer_1ms                              0x00005b3c   Data          12  hal_data.o(.rodata.g_timer_1ms)
    g_timer_1ms_cfg                          0x00005b48   Data          36  hal_data.o(.rodata.g_timer_1ms_cfg)
    g_timer_1ms_extend                       0x00005b6c   Data          84  hal_data.o(.rodata.g_timer_1ms_extend)
    g_timer_on_gpt                           0x00005bc0   Data          52  r_gpt.o(.rodata.g_timer_on_gpt)
    g_uart2                                  0x00005bf4   Data          12  hal_data.o(.rodata.g_uart2)
    g_uart2_cfg                              0x00005c00   Data          68  hal_data.o(.rodata.g_uart2_cfg)
    g_uart2_cfg_extend                       0x00005c44   Data          44  hal_data.o(.rodata.g_uart2_cfg_extend)
    g_uart3                                  0x00005c70   Data          12  hal_data.o(.rodata.g_uart3)
    g_uart3_cfg                              0x00005c7c   Data          68  hal_data.o(.rodata.g_uart3_cfg)
    g_uart3_cfg_extend                       0x00005cc0   Data          44  hal_data.o(.rodata.g_uart3_cfg_extend)
    g_uart5                                  0x00005cec   Data          12  hal_data.o(.rodata.g_uart5)
    g_uart5_cfg                              0x00005cf8   Data          68  hal_data.o(.rodata.g_uart5_cfg)
    g_uart5_cfg_extend                       0x00005d3c   Data          44  hal_data.o(.rodata.g_uart5_cfg_extend)
    g_uart7                                  0x00005d68   Data          12  hal_data.o(.rodata.g_uart7)
    g_uart7_cfg                              0x00005d74   Data          68  hal_data.o(.rodata.g_uart7_cfg)
    g_uart7_cfg_extend                       0x00005db8   Data          44  hal_data.o(.rodata.g_uart7_cfg_extend)
    g_uart8                                  0x00005de4   Data          12  hal_data.o(.rodata.g_uart8)
    g_uart8_cfg                              0x00005df0   Data          68  hal_data.o(.rodata.g_uart8_cfg)
    g_uart8_cfg_extend                       0x00005e34   Data          44  hal_data.o(.rodata.g_uart8_cfg_extend)
    g_uart9                                  0x00005e60   Data          12  hal_data.o(.rodata.g_uart9)
    g_uart9_cfg                              0x00005e6c   Data          68  hal_data.o(.rodata.g_uart9_cfg)
    g_uart9_cfg_extend                       0x00005eb0   Data          44  hal_data.o(.rodata.g_uart9_cfg_extend)
    g_uart_on_sci                            0x00005edc   Data          36  r_sci_uart.o(.rodata.g_uart_on_sci)
    gp_start_of_nonsecure_callable_flash     0x00005f00   Data           4  bsp_security.o(.rodata.gp_start_of_nonsecure_callable_flash)
    gp_start_of_nonsecure_callable_ram       0x00005f04   Data           4  bsp_security.o(.rodata.gp_start_of_nonsecure_callable_ram)
    gp_start_of_nonsecure_data_flash         0x00005f08   Data           4  bsp_security.o(.rodata.gp_start_of_nonsecure_data_flash)
    gp_start_of_nonsecure_flash              0x00005f0c   Data           4  bsp_security.o(.rodata.gp_start_of_nonsecure_flash)
    gp_start_of_nonsecure_ram                0x00005f10   Data           4  bsp_security.o(.rodata.gp_start_of_nonsecure_ram)
    gp_start_of_secure_data_flash            0x00005f14   Data           4  bsp_security.o(.rodata.gp_start_of_secure_data_flash)
    gp_start_of_secure_flash                 0x00005f18   Data           4  bsp_security.o(.rodata.gp_start_of_secure_flash)
    gp_start_of_secure_ram                   0x00005f1c   Data           4  bsp_security.o(.rodata.gp_start_of_secure_ram)
    pn532_ack                                0x00005f20   Data           6  pn532.o(.rodata.pn532_ack)
    Load$$DATA$$Base                         0x00006084   Number         0  anon$$obj.o ABSOLUTE
    Image$$__tz_FLASH_C$$Base                0x00007400   Number         0  anon$$obj.o ABSOLUTE
    Image$$__tz_FLASH_N$$Base                0x00008000   Number         0  anon$$obj.o ABSOLUTE
    Image$$__tz_DATA_FLASH_N$$Base           0x08000000   Number         0  anon$$obj.o ABSOLUTE
    Image$$__tz_DATA_FLASH_S$$Base           0x08000000   Number         0  anon$$obj.o ABSOLUTE
    Image$$DATA$$Base                        0x20000000   Number         0  anon$$obj.o ABSOLUTE
    Image$$__tz_RAM_S$$Base                  0x20000000   Number         0  anon$$obj.o ABSOLUTE
    __stdout                                 0x20000000   Data           4  stdout.o(.data)
    AS608Addr                                0x20000008   Data           4  as608pro.o(.data.AS608Addr)
    authorized_cards                         0x2000000c   Data         128  pn532.o(.data.authorized_cards)
    g_uart2_baud_setting                     0x2000008e   Data           4  hal_data.o(.data.g_uart2_baud_setting)
    g_uart3_baud_setting                     0x20000092   Data           4  hal_data.o(.data.g_uart3_baud_setting)
    g_uart5_baud_setting                     0x20000096   Data           4  hal_data.o(.data.g_uart5_baud_setting)
    g_uart7_baud_setting                     0x2000009a   Data           4  hal_data.o(.data.g_uart7_baud_setting)
    g_uart8_baud_setting                     0x2000009e   Data           4  hal_data.o(.data.g_uart8_baud_setting)
    g_uart9_baud_setting                     0x200000a2   Data           4  hal_data.o(.data.g_uart9_baud_setting)
    level_2                                  0x200000ac   Data           4  fun.o(.data.level_2)
    num_cards                                0x200000b0   Data           1  pn532.o(.data.num_cards)
    AS608Para                                0x200000b4   Data          12  as608pro.o(.bss.AS608Para)
    Image$$BSS$$ZI$$Base                     0x200000b4   Number         0  anon$$obj.o ABSOLUTE
    AS608_USART_RX_BUF                       0x200000c1   Data         400  as608pro.o(.bss.AS608_USART_RX_BUF)
    AS608_USART_RX_STA                       0x20000252   Data           2  as608pro.o(.bss.AS608_USART_RX_STA)
    SystemCoreClock                          0x200002d4   Data           4  system.o(.bss.SystemCoreClock)
    USART_Rbuffer_Num                        0x200002d8   Data           1  tjc_usart_hmi.o(.bss.USART_Rbuffer_Num)
    ValidN                                   0x200002da   Data           2  as608pro.o(.bss.ValidN)
    a                                        0x200002dc   Data           4  tjc_usart_hmi.o(.bss.a)
    count                                    0x200002e0   Data           4  fun.o(.bss.count)
    g_bsp_group_irq_sources                  0x200002e4   Data          64  bsp_group_irq.o(.bss.g_bsp_group_irq_sources)
    g_i2c1_ctrl                              0x2000032c   Data          64  hal_data.o(.bss.g_i2c1_ctrl)
    g_ioport_ctrl                            0x20000374   Data           8  common_data.o(.bss.g_ioport_ctrl)
    g_protect_counters                       0x2000037c   Data           8  bsp_register_protection.o(.bss.g_protect_counters)
    g_protect_pfswe_counter                  0x20000384   Data           4  bsp_io.o(.bss.g_protect_pfswe_counter)
    g_rx_buf                                 0x2000039c   Data          24  fun.o(.bss.g_rx_buf)
    g_timer1_ctrl                            0x200003bc   Data          32  hal_data.o(.bss.g_timer1_ctrl)
    g_timer2_ctrl                            0x200003dc   Data          32  hal_data.o(.bss.g_timer2_ctrl)
    g_timer_1ms_ctrl                         0x200003fc   Data          32  hal_data.o(.bss.g_timer_1ms_ctrl)
    g_uart2_ctrl                             0x20000420   Data          48  hal_data.o(.bss.g_uart2_ctrl)
    g_uart3_ctrl                             0x20000454   Data          48  hal_data.o(.bss.g_uart3_ctrl)
    g_uart5_ctrl                             0x20000488   Data          48  hal_data.o(.bss.g_uart5_ctrl)
    g_uart7_ctrl                             0x200004c0   Data          48  hal_data.o(.bss.g_uart7_ctrl)
    g_uart8_ctrl                             0x200004f8   Data          48  hal_data.o(.bss.g_uart8_ctrl)
    g_uart9_ctrl                             0x2000052c   Data          48  hal_data.o(.bss.g_uart9_ctrl)
    gp_renesas_isr_context                   0x20000560   Data         384  bsp_irq.o(.bss.gp_renesas_isr_context)
    key_press_time                           0x200006e0   Data           2  fun.o(.bss.key_press_time)
    key_state                                0x200006e4   Data           4  fun.o(.bss.key_state)
    level                                    0x200006ec   Data           4  as608pro.o(.bss.level)
    lock_flag                                0x200006f0   Data           1  tjc_usart_hmi.o(.bss.lock_flag)
    motor_flag                               0x200006f1   Data           1  motor.o(.bss.motor_flag)
    result                                   0x200006f2   Data           1  pn532.o(.bss.result)
    ringBuffer                               0x200006f4   Data         506  tjc_usart_hmi.o(.bss.ringBuffer)
    str                                      0x200008f4   Data         100  tjc_usart_hmi.o(.bss.str)
    str1                                     0x20000958   Data         100  as608pro.o(.bss.str1)
    str2                                     0x200009bc   Data         100  pn532.o(.bss.str2)
    str3                                     0x20000a20   Data         100  k230_connect.o(.bss.str3)
    str5                                     0x20000a84   Data          30  esp_connect.o(.bss.str5)
    uid                                      0x20000b1c   Data          10  pn532.o(.bss.uid)
    uid_len                                  0x20000b26   Data           1  pn532.o(.bss.uid_len)
    version                                  0x20000b27   Data           4  pn532.o(.bss.version)
    Image$$__tz_RAM_C$$Base                  0x20080000   Number         0  anon$$obj.o ABSOLUTE
    Image$$__tz_RAM_N$$Base                  0x20080000   Number         0  anon$$obj.o ABSOLUTE



==============================================================================

Memory Map of the image

  Image Entry point : 0x00002f45

  Load Region LOAD_REGION_FLASH (Base: 0x00000000, Size: 0x00006138, Max: 0x00100000, ABSOLUTE)

    Execution Region __tz_FLASH_S (Exec base: 0x00000000, Load base: 0x00000000, Size: 0x00000000, Max: 0x00000000, ABSOLUTE)

    Exec Addr    Load Addr    Size         Type   Attr      Idx    E Section Name        Object

    0x00000000        -       0x00000000   Zero   RW            1    __tz_FLASH_S.bss    anon$$obj.o


    Execution Region VECTORS (Exec base: 0x00000000, Load base: 0x00000000, Size: 0x000001c0, Max: 0xffffffff, ABSOLUTE, FIXED)

    Exec Addr    Load Addr    Size         Type   Attr      Idx    E Section Name        Object

    0x00000000   0x00000000   0x00000040   Data   RO          465    .fixed_vectors      startup.o
    0x00000040   0x00000040   0x00000180   Data   RO          889    .application_vectors  vector_data.o


    Execution Region MCUBOOT_SCE9_KEY (Exec base: 0x000001c0, Load base: 0x000001c0, Size: 0x00000000, Max: 0xffffffff, ABSOLUTE, FIXED)

    **** No section assigned to this execution region ****


    Execution Region INIT_ARRAY (Exec base: 0x000001c0, Load base: 0x000001c0, Size: 0x00000000, Max: 0xffffffff, ABSOLUTE, FIXED)

    **** No section assigned to this execution region ****


    Execution Region USB_DESC_FS (Exec base: 0x000001c0, Load base: 0x000001c0, Size: 0x00000000, Max: 0xffffffff, ABSOLUTE, FIXED)

    **** No section assigned to this execution region ****


    Execution Region RO_CODE_DATA (Exec base: 0x000001c0, Load base: 0x000001c0, Size: 0x00005ec4, Max: 0xffffffff, ABSOLUTE, FIXED)

    Exec Addr    Load Addr    Size         Type   Attr      Idx    E Section Name        Object

    0x000001c0   0x000001c0   0x00000024   Code   RO          903    .text               mc_w.l(memcpya.o)
    0x000001e4   0x000001e4   0x00000024   Code   RO          905    .text               mc_w.l(memseta.o)
    0x00000208   0x00000208   0x00000024   Code   RO          907    .text               mc_w.l(strstr.o)
    0x0000022c   0x0000022c   0x00000014   Code   RO          909    .text               mc_w.l(strchr.o)
    0x00000240   0x00000240   0x0000000e   Code   RO          911    .text               mc_w.l(strlen.o)
    0x0000024e   0x0000024e   0x0000001a   Code   RO          913    .text               mc_w.l(memcmp.o)
    0x00000268   0x00000268   0x00000012   Code   RO          915    .text               mc_w.l(strcpy.o)
    0x0000027a   0x0000027a   0x00000002   PAD
    0x0000027c   0x0000027c   0x00000038   Code   RO         1180    .text               mc_w.l(__0sscanf.o)
    0x000002b4   0x000002b4   0x0000014c   Code   RO         1182    .text               mc_w.l(_scanf_int.o)
    0x00000400   0x00000400   0x0000001a   Code   RO         1184    .text               mc_w.l(atoi.o)
    0x0000041a   0x0000041a   0x00000062   Code   RO         1198    .text               mc_w.l(uldiv.o)
    0x0000047c   0x0000047c   0x0000001c   Code   RO         1207    .text               mc_w.l(_chval.o)
    0x00000498   0x00000498   0x00000028   Code   RO         1209    .text               mc_w.l(scanf_char.o)
    0x000004c0   0x000004c0   0x00000040   Code   RO         1211    .text               mc_w.l(_sgetc.o)
    0x00000500   0x00000500   0x00000070   Code   RO         1213    .text               mc_w.l(strtol.o)
    0x00000570   0x00000570   0x0000001e   Code   RO         1226    .text               mc_w.l(llshl.o)
    0x0000058e   0x0000058e   0x00000020   Code   RO         1228    .text               mc_w.l(llushr.o)
    0x000005ae   0x000005ae   0x00000002   PAD
    0x000005b0   0x000005b0   0x00000008   Code   RO         1234    .text               mc_w.l(ctype_o.o)
    0x000005b8   0x000005b8   0x00000012   Code   RO         1256    .text               mc_w.l(isspace_o.o)
    0x000005ca   0x000005ca   0x00000002   PAD
    0x000005cc   0x000005cc   0x0000032c   Code   RO         1262    .text               mc_w.l(_scanf.o)
    0x000008f8   0x000008f8   0x0000009e   Code   RO         1264    .text               mc_w.l(_strtoul.o)
    0x00000996   0x00000996   0x00000066   Code   RO           54    .text.AS608_AddFR   as608pro.o
    0x000009fc   0x000009fc   0x000000f8   Code   RO           66    .text.AS608_Check   as608pro.o
    0x00000af4   0x00000af4   0x0000001e   Code   RO          110    .text.AS608_DeleteFR  as608pro.o
    0x00000b12   0x00000b12   0x00000014   Code   RO          112    .text.AS608_GetFRNumber  as608pro.o
    0x00000b26   0x00000b26   0x00000026   Code   RO           64    .text.AS608_Init    as608pro.o
    0x00000b4c   0x00000b4c   0x0000006e   Code   RO           58    .text.AS608_PressFR  as608pro.o
    0x00000bba   0x00000bba   0x00000004   Code   RO          462    .text.Default_Handler  startup.o
    0x00000bbe   0x00000bbe   0x00000002   PAD
    0x00000bc0   0x00000bc0   0x000004f4   Code   RO          303    .text.HIM_connection  tjc_usart_hmi.o
    0x000010b4   0x000010b4   0x00000084   Code   RO           78    .text.JudgeStr      as608pro.o
    0x00001138   0x00001138   0x00000044   Code   RO          548    .text.NMI_Handler   bsp_group_irq.o
    0x0000117c   0x0000117c   0x00000078   Code   RO          180    .text.PN532_GetFirmVersion  pn532.o
    0x000011f4   0x000011f4   0x0000000c   Code   RO          257    .text.PN532_GetTick  pn532_hal.o
    0x00001200   0x00001200   0x000000b6   Code   RO          261    .text.PN532_I2C_Receive  pn532_hal.o
    0x000012b6   0x000012b6   0x00000002   PAD
    0x000012b8   0x000012b8   0x000000ae   Code   RO          259    .text.PN532_I2C_Transmit  pn532_hal.o
    0x00001366   0x00001366   0x00000002   PAD
    0x00001368   0x00001368   0x00000060   Code   RO          178    .text.PN532_INIT    pn532.o
    0x000013c8   0x000013c8   0x00000026   Code   RO          263    .text.PN532_Init_Hardware  pn532_hal.o
    0x000013ee   0x000013ee   0x000000a2   Code   RO          186    .text.PN532_ReadPassTarget  pn532.o
    0x00001490   0x00001490   0x0000007a   Code   RO          182    .text.PN532_SetSamConfig  pn532.o
    0x0000150a   0x0000150a   0x00000002   PAD
    0x0000150c   0x0000150c   0x00000072   Code   RO          190    .text.PN532_WaitReady  pn532.o
    0x0000157e   0x0000157e   0x00000002   PAD
    0x00001580   0x00001580   0x0000020c   Code   RO          184    .text.PN532_connect  pn532.o
    0x0000178c   0x0000178c   0x0000005e   Code   RO          196    .text.PN532_parse_frame  pn532.o
    0x000017ea   0x000017ea   0x00000024   Code   RO          192    .text.PN532_recv    pn532.o
    0x0000180e   0x0000180e   0x00000042   Code   RO          194    .text.PN532_recv_ack  pn532.o
    0x00001850   0x00001850   0x00000030   Code   RO          198    .text.PN532_recv_data  pn532.o
    0x00001880   0x00001880   0x0000005a   Code   RO          188    .text.PN532_send_data  pn532.o
    0x000018da   0x000018da   0x00000002   PAD
    0x000018dc   0x000018dc   0x00000100   Code   RO           90    .text.PS_DeletChar  as608pro.o
    0x000019dc   0x000019dc   0x0000007c   Code   RO           92    .text.PS_Empty      as608pro.o
    0x00001a58   0x00001a58   0x00000098   Code   RO           80    .text.PS_GenChar    as608pro.o
    0x00001af0   0x00001af0   0x0000007c   Code   RO           70    .text.PS_GetImage   as608pro.o
    0x00001b6c   0x00001b6c   0x000000c6   Code   RO          108    .text.PS_HandShake  as608pro.o
    0x00001c32   0x00001c32   0x00000002   PAD
    0x00001c34   0x00001c34   0x00000138   Code   RO          104    .text.PS_HighSpeedSearch  as608pro.o
    0x00001d6c   0x00001d6c   0x0000007c   Code   RO           82    .text.PS_Match      as608pro.o
    0x00001de8   0x00001de8   0x0000009a   Code   RO           96    .text.PS_ReadSysPara  as608pro.o
    0x00001e82   0x00001e82   0x00000002   PAD
    0x00001e84   0x00001e84   0x0000007c   Code   RO           86    .text.PS_RegModel   as608pro.o
    0x00001f00   0x00001f00   0x000000de   Code   RO           88    .text.PS_StoreChar  as608pro.o
    0x00001fde   0x00001fde   0x00000002   PAD
    0x00001fe0   0x00001fe0   0x00000082   Code   RO          106    .text.PS_ValidTempleteNum  as608pro.o
    0x00002062   0x00002062   0x00000002   PAD
    0x00002064   0x00002064   0x0000007a   Code   RO          506    .text.R_BSP_Init_RTC  bsp_clocks.o
    0x000020de   0x000020de   0x0000004e   Code   RO          580    .text.R_BSP_RegisterProtectDisable  bsp_register_protection.o
    0x0000212c   0x0000212c   0x00000052   Code   RO          578    .text.R_BSP_RegisterProtectEnable  bsp_register_protection.o
    0x0000217e   0x0000217e   0x00000048   Code   RO          534    .text.R_BSP_SoftwareDelay  bsp_delay.o
    0x000021c6   0x000021c6   0x00000002   Code   RO          500    .text.R_BSP_SubClockStabilizeWaitAfterReset  bsp_clocks.o
    0x000021c8   0x000021c8   0x0000001a   Code   RO           42    .text.R_BSP_WarmStart  hal_entry.o
    0x000021e2   0x000021e2   0x0000000e   Code   RO          653    .text.R_GPT_CallbackSet  r_gpt.o
    0x000021f0   0x000021f0   0x00000094   Code   RO          655    .text.R_GPT_Close   r_gpt.o
    0x00002284   0x00002284   0x0000000e   Code   RO          647    .text.R_GPT_CompareMatchSet  r_gpt.o
    0x00002292   0x00002292   0x0000001e   Code   RO          641    .text.R_GPT_Disable  r_gpt.o
    0x000022b0   0x000022b0   0x000000a4   Code   RO          645    .text.R_GPT_DutyCycleSet  r_gpt.o
    0x00002354   0x00002354   0x00000038   Code   RO          639    .text.R_GPT_Enable  r_gpt.o
    0x0000238c   0x0000238c   0x0000003c   Code   RO          649    .text.R_GPT_InfoGet  r_gpt.o
    0x000023c8   0x000023c8   0x00000244   Code   RO          631    .text.R_GPT_Open    r_gpt.o
    0x0000260c   0x0000260c   0x00000038   Code   RO          643    .text.R_GPT_PeriodSet  r_gpt.o
    0x00002644   0x00002644   0x0000000a   Code   RO          637    .text.R_GPT_Reset   r_gpt.o
    0x0000264e   0x0000264e   0x0000000a   Code   RO          633    .text.R_GPT_Start   r_gpt.o
    0x00002658   0x00002658   0x00000012   Code   RO          651    .text.R_GPT_StatusGet  r_gpt.o
    0x0000266a   0x0000266a   0x0000000a   Code   RO          635    .text.R_GPT_Stop    r_gpt.o
    0x00002674   0x00002674   0x00000032   Code   RO          696    .text.R_IIC_MASTER_Abort  r_iic_master.o
    0x000026a6   0x000026a6   0x0000000e   Code   RO          700    .text.R_IIC_MASTER_CallbackSet  r_iic_master.o
    0x000026b4   0x000026b4   0x000000d0   Code   RO          704    .text.R_IIC_MASTER_Close  r_iic_master.o
    0x00002784   0x00002784   0x00000080   Code   RO          690    .text.R_IIC_MASTER_Open  r_iic_master.o
    0x00002804   0x00002804   0x0000000c   Code   RO          692    .text.R_IIC_MASTER_Read  r_iic_master.o
    0x00002810   0x00002810   0x0000000a   Code   RO          698    .text.R_IIC_MASTER_SlaveAddressSet  r_iic_master.o
    0x0000281a   0x0000281a   0x00000018   Code   RO          702    .text.R_IIC_MASTER_StatusGet  r_iic_master.o
    0x00002832   0x00002832   0x0000000c   Code   RO          694    .text.R_IIC_MASTER_Write  r_iic_master.o
    0x0000283e   0x0000283e   0x0000000a   Code   RO          731    .text.R_IOPORT_Close  r_ioport.o
    0x00002848   0x00002848   0x00000016   Code   RO          729    .text.R_IOPORT_Open  r_ioport.o
    0x0000285e   0x0000285e   0x000000ae   Code   RO          735    .text.R_IOPORT_PinCfg  r_ioport.o
    0x0000290c   0x0000290c   0x00000028   Code   RO          737    .text.R_IOPORT_PinEventInputRead  r_ioport.o
    0x00002934   0x00002934   0x0000003c   Code   RO          739    .text.R_IOPORT_PinEventOutputWrite  r_ioport.o
    0x00002970   0x00002970   0x00000022   Code   RO          741    .text.R_IOPORT_PinRead  r_ioport.o
    0x00002992   0x00002992   0x00000024   Code   RO          743    .text.R_IOPORT_PinWrite  r_ioport.o
    0x000029b6   0x000029b6   0x0000000c   Code   RO          733    .text.R_IOPORT_PinsCfg  r_ioport.o
    0x000029c2   0x000029c2   0x0000002c   Code   RO          745    .text.R_IOPORT_PortDirectionSet  r_ioport.o
    0x000029ee   0x000029ee   0x00000018   Code   RO          747    .text.R_IOPORT_PortEventInputRead  r_ioport.o
    0x00002a06   0x00002a06   0x00000020   Code   RO          749    .text.R_IOPORT_PortEventOutputWrite  r_ioport.o
    0x00002a26   0x00002a26   0x00000016   Code   RO          751    .text.R_IOPORT_PortRead  r_ioport.o
    0x00002a3c   0x00002a3c   0x00000020   Code   RO          753    .text.R_IOPORT_PortWrite  r_ioport.o
    0x00002a5c   0x00002a5c   0x00000022   Code   RO          778    .text.R_SCI_UART_Abort  r_sci_uart.o
    0x00002a7e   0x00002a7e   0x00000068   Code   RO          774    .text.R_SCI_UART_BaudSet  r_sci_uart.o
    0x00002ae6   0x00002ae6   0x0000000e   Code   RO          780    .text.R_SCI_UART_CallbackSet  r_sci_uart.o
    0x00002af4   0x00002af4   0x000000a6   Code   RO          782    .text.R_SCI_UART_Close  r_sci_uart.o
    0x00002b9a   0x00002b9a   0x0000000c   Code   RO          776    .text.R_SCI_UART_InfoGet  r_sci_uart.o
    0x00002ba6   0x00002ba6   0x0000033a   Code   RO          768    .text.R_SCI_UART_Open  r_sci_uart.o
    0x00002ee0   0x00002ee0   0x0000000a   Code   RO          770    .text.R_SCI_UART_Read  r_sci_uart.o
    0x00002eea   0x00002eea   0x0000000e   Code   RO          784    .text.R_SCI_UART_ReadStop  r_sci_uart.o
    0x00002ef8   0x00002ef8   0x0000004a   Code   RO          772    .text.R_SCI_UART_Write  r_sci_uart.o
    0x00002f42   0x00002f42   0x00000002   PAD
    0x00002f44   0x00002f44   0x0000000a   Code   RO          460  * .text.Reset_Handler  startup.o
    0x00002f4e   0x00002f4e   0x00000002   PAD
    0x00002f50   0x00002f50   0x00000096   Code   RO           72    .text.SendAddr      as608pro.o
    0x00002fe6   0x00002fe6   0x00000002   PAD
    0x00002fe8   0x00002fe8   0x00000056   Code   RO           76    .text.SendCheck     as608pro.o
    0x0000303e   0x0000303e   0x00000002   PAD
    0x00003040   0x00003040   0x00000056   Code   RO           68    .text.SendHead      as608pro.o
    0x00003096   0x00003096   0x00000002   PAD
    0x00003098   0x00003098   0x00000056   Code   RO           74    .text.SendLength    as608pro.o
    0x000030ee   0x000030ee   0x0000002c   Code   RO          490    .text.SystemCoreClockUpdate  bsp_clocks.o
    0x0000311a   0x0000311a   0x00000002   PAD
    0x0000311c   0x0000311c   0x000000f4   Code   RO          473    .text.SystemInit    system.o
    0x00003210   0x00003210   0x00000020   Code   RO          277    .text.UART_HIM_Init  tjc_usart_hmi.o
    0x00003230   0x00003230   0x0000013c   Code   RO          496    .text.bsp_clock_init  bsp_clocks.o
    0x0000336c   0x0000336c   0x00000002   Code   RO          517    .text.bsp_init_internal  bsp_common.o
    0x0000336e   0x0000336e   0x00000002   PAD
    0x00003370   0x00003370   0x00000096   Code   RO          566    .text.bsp_irq_cfg   bsp_irq.o
    0x00003406   0x00003406   0x00000008   Code   RO          536    .text.bsp_prv_software_delay_loop  bsp_delay.o
    0x0000340e   0x0000340e   0x00000002   PAD
    0x00003410   0x00003410   0x000000d8   Code   RO          757    .text.bsp_vbatt_init  r_ioport.o
    0x000034e8   0x000034e8   0x00000054   Code   RO          376    .text.dakai_clock_display  esp_connect.o
    0x0000353c   0x0000353c   0x00000138   Code   RO           52    .text.finger_addtion  as608pro.o
    0x00003674   0x00003674   0x00000154   Code   RO           56    .text.finger_search  as608pro.o
    0x000037c8   0x000037c8   0x00000034   Code   RO          153    .text.fputc         fun.o
    0x000037fc   0x000037fc   0x00000010   Code   RO          255    .text.g_system_tick  pn532_hal.o
    0x0000380c   0x0000380c   0x0000005e   Code   RO          657    .text.gpt_calculate_duty_cycle  r_gpt.o
    0x0000386a   0x0000386a   0x000000ac   Code   RO          671    .text.gpt_counter_overflow_isr  r_gpt.o
    0x00003916   0x00003916   0x00000002   PAD
    0x00003918   0x00003918   0x00000098   Code   RO           40    .text.hal_entry     hal_entry.o
    0x000039b0   0x000039b0   0x0000003e   Code   RO          253    .text.i2c_master_callback  pn532_hal.o
    0x000039ee   0x000039ee   0x00000148   Code   RO          716    .text.iic_master_eri_isr  r_iic_master.o
    0x00003b36   0x00003b36   0x00000036   Code   RO          718    .text.iic_master_notify  r_iic_master.o
    0x00003b6c   0x00003b6c   0x00000172   Code   RO          706    .text.iic_master_open_hw_master  r_iic_master.o
    0x00003cde   0x00003cde   0x00000002   PAD
    0x00003ce0   0x00003ce0   0x0000014a   Code   RO          708    .text.iic_master_read_write  r_iic_master.o
    0x00003e2a   0x00003e2a   0x0000018e   Code   RO          710    .text.iic_master_rxi_isr  r_iic_master.o
    0x00003fb8   0x00003fb8   0x000000de   Code   RO          714    .text.iic_master_tei_isr  r_iic_master.o
    0x00004096   0x00004096   0x00000002   PAD
    0x00004098   0x00004098   0x0000011a   Code   RO          712    .text.iic_master_txi_isr  r_iic_master.o
    0x000041b2   0x000041b2   0x00000002   PAD
    0x000041b4   0x000041b4   0x000000f0   Code   RO          145    .text.key_scan      fun.o
    0x000042a4   0x000042a4   0x0000000a   Code   RO          873    .text.main          main.o
    0x000042ae   0x000042ae   0x0000012a   Code   RO          437    .text.motor_init    motor.o
    0x000043d8   0x000043d8   0x00000120   Code   RO          447    .text.motor_task    motor.o
    0x000044f8   0x000044f8   0x00000128   Code   RO          372    .text.process_uart2_data  esp_connect.o
    0x00004620   0x00004620   0x000000dc   Code   RO          341    .text.process_uart8_data  k230_connect.o
    0x000046fc   0x000046fc   0x00000058   Code   RO          679    .text.r_gpt_enable_irq  r_gpt.o
    0x00004754   0x00004754   0x000000c0   Code   RO          755    .text.r_ioport_pins_config  r_ioport.o
    0x00004814   0x00004814   0x00000040   Code   RO          790    .text.r_sci_uart_call_callback  r_sci_uart.o
    0x00004854   0x00004854   0x0000006a   Code   RO          796    .text.sci_uart_eri_isr  r_sci_uart.o
    0x000048be   0x000048be   0x00000088   Code   RO          792    .text.sci_uart_rxi_isr  r_sci_uart.o
    0x00004946   0x00004946   0x0000004a   Code   RO          794    .text.sci_uart_tei_isr  r_sci_uart.o
    0x00004990   0x00004990   0x0000008c   Code   RO          788    .text.sci_uart_txi_isr  r_sci_uart.o
    0x00004a1c   0x00004a1c   0x0000004c   Code   RO          384    .text.send_wifi_to_esp32  esp_connect.o
    0x00004a68   0x00004a68   0x0000002a   Code   RO           62    .text.timeout_search_1ms  as608pro.o
    0x00004a92   0x00004a92   0x00000070   Code   RO          137    .text.timer_1ms_callback  fun.o
    0x00004b02   0x00004b02   0x0000005c   Code   RO          370    .text.timer_callback  esp_connect.o
    0x00004b5e   0x00004b5e   0x00000002   PAD
    0x00004b60   0x00004b60   0x000000a4   Code   RO          289    .text.tjc_send_string  tjc_usart_hmi.o
    0x00004c04   0x00004c04   0x00000102   Code   RO          378    .text.uart2_callback  esp_connect.o
    0x00004d06   0x00004d06   0x00000066   Code   RO          386    .text.uart2_init    esp_connect.o
    0x00004d6c   0x00004d6c   0x00000034   Code   RO          382    .text.uart2_send_string  esp_connect.o
    0x00004da0   0x00004da0   0x00000024   Code   RO          380    .text.uart2_send_value  esp_connect.o
    0x00004dc4   0x00004dc4   0x0000007a   Code   RO           60    .text.uart3_callback  as608pro.o
    0x00004e3e   0x00004e3e   0x0000007c   Code   RO          299    .text.uart5_callback  tjc_usart_hmi.o
    0x00004eba   0x00004eba   0x00000038   Code   RO          139    .text.uart7_callback  fun.o
    0x00004ef2   0x00004ef2   0x00000002   PAD
    0x00004ef4   0x00004ef4   0x000000b6   Code   RO          343    .text.uart8_callback  k230_connect.o
    0x00004faa   0x00004faa   0x00000032   Code   RO          349    .text.uart8_init    k230_connect.o
    0x00004fdc   0x00004fdc   0x00000048   Code   RO          345    .text.uart8_send_value  k230_connect.o
    0x00005024   0x00005024   0x000000a0   Code   RO          417    .text.uart9_callback  asr_pro.o
    0x000050c4   0x000050c4   0x0000000e   Code   RO          421    .text.uart9_init    asr_pro.o
    0x000050d2   0x000050d2   0x00000002   PAD
    0x000050d4   0x000050d4   0x00000048   Code   RO          419    .text.uart9_send_value  asr_pro.o
    0x0000511c   0x0000511c   0x0000005a   Code   RO          374    .text.update_clock_display  esp_connect.o
    0x00005176   0x00005176   0x00000002   PAD
    0x00005178   0x00005178   0x00000020   Code   RO         1126    i.__0printf$8       mc_w.l(printf8.o)
    0x00005198   0x00005198   0x00000034   Code   RO         1127    i.__0snprintf$8     mc_w.l(printf8.o)
    0x000051cc   0x000051cc   0x00000028   Code   RO         1128    i.__0sprintf$8      mc_w.l(printf8.o)
    0x000051f4   0x000051f4   0x00000008   Code   RO         1200    i.__aeabi_errno_addr  mc_w.l(errno.o)
    0x000051fc   0x000051fc   0x00000410   Code   RO         1133    i._printf_core      mc_w.l(printf8.o)
    0x0000560c   0x0000560c   0x00000024   Code   RO         1134    i._printf_post_padding  mc_w.l(printf8.o)
    0x00005630   0x00005630   0x0000002e   Code   RO         1135    i._printf_pre_padding  mc_w.l(printf8.o)
    0x0000565e   0x0000565e   0x00000016   Code   RO         1136    i._snputc           mc_w.l(printf8.o)
    0x00005674   0x00005674   0x0000000a   Code   RO         1137    i._sputc            mc_w.l(printf8.o)
    0x0000567e   0x0000567e   0x00000002   PAD
    0x00005680   0x00005680   0x00000024   Code   RO          897    i.puts              mc_w.l(puts.o)
    0x000056a4   0x000056a4   0x00000081   Data   RO         1235    .constdata          mc_w.l(ctype_o.o)
    0x00005725   0x00005725   0x00000003   PAD
    0x00005728   0x00005728   0x00000004   Data   RO         1236    .constdata          mc_w.l(ctype_o.o)
    0x0000572c   0x0000572c   0x00000008   Data   RO          583    .rodata.cst8        bsp_register_protection.o
    0x00005734   0x00005734   0x0000000c   Data   RO          883    .rodata.g_bsp_pin_cfg  pin_data.o
    0x00005740   0x00005740   0x000000d8   Data   RO          882    .rodata.g_bsp_pin_cfg_data  pin_data.o
    0x00005818   0x00005818   0x0000000c   Data   RO          866    .rodata.g_i2c1      hal_data.o
    0x00005824   0x00005824   0x00000038   Data   RO          864    .rodata.g_i2c1_cfg  hal_data.o
    0x0000585c   0x0000585c   0x00000010   Data   RO          863    .rodata.g_i2c1_extend  hal_data.o
    0x0000586c   0x0000586c   0x00000020   Data   RO          720    .rodata.g_i2c_master_on_iic  r_iic_master.o
    0x0000588c   0x0000588c   0x00000180   Data   RO          890    .rodata.g_interrupt_event_link_select  vector_data.o
    0x00005a0c   0x00005a0c   0x0000000c   Data   RO          812    .rodata.g_ioport    common_data.o
    0x00005a18   0x00005a18   0x00000034   Data   RO          759    .rodata.g_ioport_on_ioport  r_ioport.o
    0x00005a4c   0x00005a4c   0x00000024   Data   RO          826    .rodata.g_timer1_cfg  hal_data.o
    0x00005a70   0x00005a70   0x00000054   Data   RO          825    .rodata.g_timer1_extend  hal_data.o
    0x00005ac4   0x00005ac4   0x00000024   Data   RO          822    .rodata.g_timer2_cfg  hal_data.o
    0x00005ae8   0x00005ae8   0x00000054   Data   RO          821    .rodata.g_timer2_extend  hal_data.o
    0x00005b3c   0x00005b3c   0x0000000c   Data   RO          852    .rodata.g_timer_1ms  hal_data.o
    0x00005b48   0x00005b48   0x00000024   Data   RO          850    .rodata.g_timer_1ms_cfg  hal_data.o
    0x00005b6c   0x00005b6c   0x00000054   Data   RO          849    .rodata.g_timer_1ms_extend  hal_data.o
    0x00005bc0   0x00005bc0   0x00000034   Data   RO          681    .rodata.g_timer_on_gpt  r_gpt.o
    0x00005bf4   0x00005bf4   0x0000000c   Data   RO          843    .rodata.g_uart2     hal_data.o
    0x00005c00   0x00005c00   0x00000044   Data   RO          841    .rodata.g_uart2_cfg  hal_data.o
    0x00005c44   0x00005c44   0x0000002c   Data   RO          840    .rodata.g_uart2_cfg_extend  hal_data.o
    0x00005c70   0x00005c70   0x0000000c   Data   RO          857    .rodata.g_uart3     hal_data.o
    0x00005c7c   0x00005c7c   0x00000044   Data   RO          855    .rodata.g_uart3_cfg  hal_data.o
    0x00005cc0   0x00005cc0   0x0000002c   Data   RO          854    .rodata.g_uart3_cfg_extend  hal_data.o
    0x00005cec   0x00005cec   0x0000000c   Data   RO          862    .rodata.g_uart5     hal_data.o
    0x00005cf8   0x00005cf8   0x00000044   Data   RO          860    .rodata.g_uart5_cfg  hal_data.o
    0x00005d3c   0x00005d3c   0x0000002c   Data   RO          859    .rodata.g_uart5_cfg_extend  hal_data.o
    0x00005d68   0x00005d68   0x0000000c   Data   RO          848    .rodata.g_uart7     hal_data.o
    0x00005d74   0x00005d74   0x00000044   Data   RO          846    .rodata.g_uart7_cfg  hal_data.o
    0x00005db8   0x00005db8   0x0000002c   Data   RO          845    .rodata.g_uart7_cfg_extend  hal_data.o
    0x00005de4   0x00005de4   0x0000000c   Data   RO          838    .rodata.g_uart8     hal_data.o
    0x00005df0   0x00005df0   0x00000044   Data   RO          836    .rodata.g_uart8_cfg  hal_data.o
    0x00005e34   0x00005e34   0x0000002c   Data   RO          835    .rodata.g_uart8_cfg_extend  hal_data.o
    0x00005e60   0x00005e60   0x0000000c   Data   RO          833    .rodata.g_uart9     hal_data.o
    0x00005e6c   0x00005e6c   0x00000044   Data   RO          831    .rodata.g_uart9_cfg  hal_data.o
    0x00005eb0   0x00005eb0   0x0000002c   Data   RO          830    .rodata.g_uart9_cfg_extend  hal_data.o
    0x00005edc   0x00005edc   0x00000024   Data   RO          798    .rodata.g_uart_on_sci  r_sci_uart.o
    0x00005f00   0x00005f00   0x00000004   Data   RO          619    .rodata.gp_start_of_nonsecure_callable_flash  bsp_security.o
    0x00005f04   0x00005f04   0x00000004   Data   RO          622    .rodata.gp_start_of_nonsecure_callable_ram  bsp_security.o
    0x00005f08   0x00005f08   0x00000004   Data   RO          624    .rodata.gp_start_of_nonsecure_data_flash  bsp_security.o
    0x00005f0c   0x00005f0c   0x00000004   Data   RO          618    .rodata.gp_start_of_nonsecure_flash  bsp_security.o
    0x00005f10   0x00005f10   0x00000004   Data   RO          621    .rodata.gp_start_of_nonsecure_ram  bsp_security.o
    0x00005f14   0x00005f14   0x00000004   Data   RO          625    .rodata.gp_start_of_secure_data_flash  bsp_security.o
    0x00005f18   0x00005f18   0x00000004   Data   RO          620    .rodata.gp_start_of_secure_flash  bsp_security.o
    0x00005f1c   0x00005f1c   0x00000004   Data   RO          623    .rodata.gp_start_of_secure_ram  bsp_security.o
    0x00005f20   0x00005f20   0x00000006   Data   RO          234    .rodata.pn532_ack   pn532.o
    0x00005f26   0x00005f26   0x000000d9   Data   RO          123    .rodata.str1.1      as608pro.o
    0x00005fff   0x00005fff   0x0000001a   Data   RO          327    .rodata.str1.1      tjc_usart_hmi.o
    0x00006019   0x00006019   0x00000018   Data   RO          396    .rodata.str1.1      esp_connect.o
    0x00006031   0x00006031   0x00000003   PAD
    0x00006034   0x00006034   0x00000004   Data   RO          523    .version            bsp_common.o
    0x00006038   0x00006038   0x00000006   Data   RO          524    .version            bsp_common.o
    0x0000603e   0x0000603e   0x00000044   Data   RO          525    .version            bsp_common.o


    Execution Region __tz_RAM_S (Exec base: 0x20000000, Load base: 0x00006084, Size: 0x00000000, Max: 0x00000000, ABSOLUTE)

    Exec Addr    Load Addr    Size         Type   Attr      Idx    E Section Name        Object

    0x20000000        -       0x00000000   Zero   RW            2    __tz_RAM_S.bss      anon$$obj.o


    Execution Region DTC_VECTOR_TABLE (Exec base: 0x20000000, Load base: 0x00006084, Size: 0x00000000, Max: 0x00080000, ABSOLUTE, UNINIT)

    **** No section assigned to this execution region ****


    Execution Region DATA (Exec base: 0x20000000, Load base: 0x00006084, Size: 0x000000b4, Max: 0xffffffff, ABSOLUTE)

    Exec Addr    Load Addr    Size         Type   Attr      Idx    E Section Name        Object

    0x20000000   0x00006084   0x00000004   Data   RW         1186    .data               mc_w.l(stdout.o)
    0x20000004   0x00006088   0x00000004   Data   RW         1203    .data               mc_w.l(errno.o)
    0x20000008   0x0000608c   0x00000004   Data   RW          114    .data.AS608Addr     as608pro.o
    0x2000000c   0x00006090   0x00000080   Data   RW          237    .data.authorized_cards  pn532.o
    0x2000008c   0x00006110   0x00000002   Data   RW          425    .data.g_received_value  asr_pro.o
    0x2000008e   0x00006112   0x00000004   Data   RW          839    .data.g_uart2_baud_setting  hal_data.o
    0x20000092   0x00006116   0x00000004   Data   RW          853    .data.g_uart3_baud_setting  hal_data.o
    0x20000096   0x0000611a   0x00000004   Data   RW          858    .data.g_uart5_baud_setting  hal_data.o
    0x2000009a   0x0000611e   0x00000004   Data   RW          844    .data.g_uart7_baud_setting  hal_data.o
    0x2000009e   0x00006122   0x00000004   Data   RW          834    .data.g_uart8_baud_setting  hal_data.o
    0x200000a2   0x00006126   0x00000004   Data   RW          829    .data.g_uart9_baud_setting  hal_data.o
    0x200000a6   0x0000612a   0x00000002   PAD
    0x200000a8   0x0000612c   0x00000004   Data   RW          166    .data.key_scan.stable_level  fun.o
    0x200000ac   0x00006130   0x00000004   Data   RW          162    .data.level_2       fun.o
    0x200000b0   0x00006134   0x00000001   Data   RW          238    .data.num_cards     pn532.o
    0x200000b1   0x00006135   0x00000001   Data   RW          398    .data.update_clock_display.last_second  esp_connect.o


    Execution Region BSS (Exec base: 0x200000b4, Load base: 0x00006138, Size: 0x00000ae4, Max: 0xffffffff, ABSOLUTE)

    Exec Addr    Load Addr    Size         Type   Attr      Idx    E Section Name        Object

    0x200000b4        -       0x0000000c   Zero   RW          124    .bss.AS608Para      as608pro.o
    0x200000c0        -       0x00000001   Zero   RW          125    .bss.AS608_PressFR.press_state  as608pro.o
    0x200000c1        -       0x00000190   Zero   RW          120    .bss.AS608_USART_RX_BUF  as608pro.o
    0x20000251   0x00006138   0x00000001   PAD
    0x20000252        -       0x00000002   Zero   RW          115    .bss.AS608_USART_RX_STA  as608pro.o
    0x20000254        -       0x00000040   Zero   RW          235    .bss.PN532_recv_buf  pn532.o
    0x20000294        -       0x00000040   Zero   RW          243    .bss.PN532_send_buf  pn532.o
    0x200002d4        -       0x00000004   Zero   RW          477    .bss.SystemCoreClock  system.o
    0x200002d8        -       0x00000001   Zero   RW          314    .bss.USART_Rbuffer_Num  tjc_usart_hmi.o
    0x200002d9   0x00006138   0x00000001   PAD
    0x200002da        -       0x00000002   Zero   RW          122    .bss.ValidN         as608pro.o
    0x200002dc        -       0x00000004   Zero   RW          319    .bss.a              tjc_usart_hmi.o
    0x200002e0        -       0x00000004   Zero   RW          158    .bss.count          fun.o
    0x200002e4        -       0x00000040   Zero   RW          550    .bss.g_bsp_group_irq_sources  bsp_group_irq.o
    0x20000324        -       0x00000001   Zero   RW          390    .bss.g_clock_running  esp_connect.o
    0x20000325        -       0x00000003   Zero   RW          392    .bss.g_current_time  esp_connect.o
    0x20000328        -       0x00000001   Zero   RW          402    .bss.g_data_valid   esp_connect.o
    0x20000329   0x00006138   0x00000003   PAD
    0x2000032c        -       0x00000040   Zero   RW          865    .bss.g_i2c1_ctrl    hal_data.o
    0x2000036c        -       0x00000004   Zero   RW          266    .bss.g_i2c_last_error  pn532_hal.o
    0x20000370        -       0x00000001   Zero   RW          267    .bss.g_i2c_rx_complete  pn532_hal.o
    0x20000371        -       0x00000001   Zero   RW          265    .bss.g_i2c_tx_complete  pn532_hal.o
    0x20000372   0x00006138   0x00000002   PAD
    0x20000374        -       0x00000008   Zero   RW          811    .bss.g_ioport_ctrl  common_data.o
    0x2000037c        -       0x00000008   Zero   RW          582    .bss.g_protect_counters  bsp_register_protection.o
    0x20000384        -       0x00000004   Zero   RW          560    .bss.g_protect_pfswe_counter  bsp_io.o
    0x20000388        -       0x00000010   Zero   RW          394    .bss.g_received_time  esp_connect.o
    0x20000398        -       0x00000002   Zero   RW          353    .bss.g_received_value  k230_connect.o
    0x2000039a        -       0x00000002   Zero   RW          397    .bss.g_received_value  esp_connect.o
    0x2000039c        -       0x00000018   Zero   RW          161    .bss.g_rx_buf       fun.o
    0x200003b4        -       0x00000004   Zero   RW          268    .bss.g_system_tick_ms  pn532_hal.o
    0x200003b8        -       0x00000001   Zero   RW          393    .bss.g_time_valid   esp_connect.o
    0x200003b9   0x00006138   0x00000003   PAD
    0x200003bc        -       0x00000020   Zero   RW          827    .bss.g_timer1_ctrl  hal_data.o
    0x200003dc        -       0x00000020   Zero   RW          823    .bss.g_timer2_ctrl  hal_data.o
    0x200003fc        -       0x00000020   Zero   RW          851    .bss.g_timer_1ms_ctrl  hal_data.o
    0x2000041c        -       0x00000004   Zero   RW          391    .bss.g_timer_count  esp_connect.o
    0x20000420        -       0x00000030   Zero   RW          842    .bss.g_uart2_ctrl   hal_data.o
    0x20000450        -       0x00000004   Zero   RW          388    .bss.g_uart2_tx_complete  esp_connect.o
    0x20000454        -       0x00000030   Zero   RW          856    .bss.g_uart3_ctrl   hal_data.o
    0x20000484        -       0x00000001   Zero   RW          121    .bss.g_uart3_rx_complete  as608pro.o
    0x20000485        -       0x00000001   Zero   RW          118    .bss.g_uart3_tx_complete  as608pro.o
    0x20000486   0x00006138   0x00000002   PAD
    0x20000488        -       0x00000030   Zero   RW          861    .bss.g_uart5_ctrl   hal_data.o
    0x200004b8        -       0x00000004   Zero   RW          318    .bss.g_uart5_rx_complete  tjc_usart_hmi.o
    0x200004bc        -       0x00000004   Zero   RW          317    .bss.g_uart5_tx_complete  tjc_usart_hmi.o
    0x200004c0        -       0x00000030   Zero   RW          847    .bss.g_uart7_ctrl   hal_data.o
    0x200004f0        -       0x00000004   Zero   RW          160    .bss.g_uart7_rx_complete  fun.o
    0x200004f4        -       0x00000004   Zero   RW          159    .bss.g_uart7_tx_complete  fun.o
    0x200004f8        -       0x00000030   Zero   RW          837    .bss.g_uart8_ctrl   hal_data.o
    0x20000528        -       0x00000004   Zero   RW          351    .bss.g_uart8_tx_complete  k230_connect.o
    0x2000052c        -       0x00000030   Zero   RW          832    .bss.g_uart9_ctrl   hal_data.o
    0x2000055c        -       0x00000004   Zero   RW          423    .bss.g_uart9_tx_complete  asr_pro.o
    0x20000560        -       0x00000180   Zero   RW          569    .bss.gp_renesas_isr_context  bsp_irq.o
    0x200006e0        -       0x00000002   Zero   RW          164    .bss.key_press_time  fun.o
    0x200006e2        -       0x00000001   Zero   RW          165    .bss.key_scan.debounce_cnt  fun.o
    0x200006e3   0x00006138   0x00000001   PAD
    0x200006e4        -       0x00000004   Zero   RW          163    .bss.key_state      fun.o
    0x200006e8        -       0x00000002   Zero   RW          354    .bss.last_g_received_value  k230_connect.o
    0x200006ea   0x00006138   0x00000002   PAD
    0x200006ec        -       0x00000004   Zero   RW          116    .bss.level          as608pro.o
    0x200006f0        -       0x00000001   Zero   RW          313    .bss.lock_flag      tjc_usart_hmi.o
    0x200006f1        -       0x00000001   Zero   RW          451    .bss.motor_flag     motor.o
    0x200006f2        -       0x00000001   Zero   RW          240    .bss.result         pn532.o
    0x200006f3   0x00006138   0x00000001   PAD
    0x200006f4        -       0x000001fa   Zero   RW          316    .bss.ringBuffer     tjc_usart_hmi.o
    0x200008ee   0x00006138   0x00000002   PAD
    0x200008f0        -       0x00000004   Zero   RW          119    .bss.rx_timeout_counter  as608pro.o
    0x200008f4        -       0x00000064   Zero   RW          326    .bss.str            tjc_usart_hmi.o
    0x20000958        -       0x00000064   Zero   RW          117    .bss.str1           as608pro.o
    0x200009bc        -       0x00000064   Zero   RW          242    .bss.str2           pn532.o
    0x20000a20        -       0x00000064   Zero   RW          355    .bss.str3           k230_connect.o
    0x20000a84        -       0x0000001e   Zero   RW          395    .bss.str5           esp_connect.o
    0x20000aa2   0x00006138   0x00000002   PAD
    0x20000aa4        -       0x0000000c   Zero   RW          449    .bss.timer1_info    motor.o
    0x20000ab0        -       0x0000000c   Zero   RW          450    .bss.timer2_info    motor.o
    0x20000abc        -       0x00000001   Zero   RW          401    .bss.uart2_frame_ready  esp_connect.o
    0x20000abd   0x00006138   0x00000003   PAD
    0x20000ac0        -       0x00000040   Zero   RW          400    .bss.uart2_rx_buffer  esp_connect.o
    0x20000b00        -       0x00000001   Zero   RW          399    .bss.uart2_rx_index  esp_connect.o
    0x20000b01   0x00006138   0x00000003   PAD
    0x20000b04        -       0x0000000a   Zero   RW          357    .bss.uart8_rx_buffer  k230_connect.o
    0x20000b0e        -       0x00000001   Zero   RW          356    .bss.uart8_rx_index  k230_connect.o
    0x20000b0f        -       0x0000000a   Zero   RW          427    .bss.uart9_rx_buffer  asr_pro.o
    0x20000b19        -       0x00000001   Zero   RW          426    .bss.uart9_rx_index  asr_pro.o
    0x20000b1a   0x00006138   0x00000002   PAD
    0x20000b1c        -       0x0000000a   Zero   RW          241    .bss.uid            pn532.o
    0x20000b26        -       0x00000001   Zero   RW          236    .bss.uid_len        pn532.o
    0x20000b27        -       0x00000004   Zero   RW          239    .bss.version        pn532.o
    0x20000b2b        -       0x00000001   Zero   RW          320    .bss.wifi_data_type  tjc_usart_hmi.o
    0x20000b2c        -       0x00000001   Zero   RW          321    .bss.wifi_frame_received  tjc_usart_hmi.o
    0x20000b2d   0x00006138   0x00000003   PAD
    0x20000b30        -       0x00000040   Zero   RW          325    .bss.wifi_pwd       tjc_usart_hmi.o
    0x20000b70        -       0x00000001   Zero   RW          324    .bss.wifi_pwd_len   tjc_usart_hmi.o
    0x20000b71   0x00006138   0x00000003   PAD
    0x20000b74        -       0x00000020   Zero   RW          323    .bss.wifi_ssid      tjc_usart_hmi.o
    0x20000b94        -       0x00000001   Zero   RW          322    .bss.wifi_ssid_len  tjc_usart_hmi.o


    Execution Region NOINIT (Exec base: 0x20000b98, Load base: 0x00006138, Size: 0x0000001c, Max: 0xffffffff, ABSOLUTE, UNINIT)

    Exec Addr    Load Addr    Size         Type   Attr      Idx    E Section Name        Object

    0x20000b98        -       0x0000001c   Zero   RW          508    .bss.noinit         bsp_clocks.o


    Execution Region ARM_LIB_HEAP (Exec base: 0x20000bb8, Load base: 0x00006138, Size: 0x00000000, Max: 0xffffffff, ABSOLUTE, UNINIT)

    **** No section assigned to this execution region ****


    Execution Region ARM_LIB_STACK (Exec base: 0x20000bb8, Load base: 0x00006138, Size: 0x00000000, Max: 0x00000000, ABSOLUTE, UNINIT)

    Exec Addr    Load Addr    Size         Type   Attr      Idx    E Section Name        Object

    0x20000bb8        -       0x00000000   Zero   RW            3    ARM_LIB_STACK.bss   anon$$obj.o


    Execution Region STACK (Exec base: 0x20000bb8, Load base: 0x00006138, Size: 0x00000400, Max: 0xffffffff, ABSOLUTE, UNINIT)

    Exec Addr    Load Addr    Size         Type   Attr      Idx    E Section Name        Object

    0x20000bb8        -       0x00000400   Zero   RW          464    .bss.stack          startup.o


    Execution Region RAM_END (Exec base: 0x20000fb8, Load base: 0x00006138, Size: 0x00000004, Max: 0x00000004, ABSOLUTE)

    Exec Addr    Load Addr    Size         Type   Attr      Idx    E Section Name        Object

    0x20000fb8        -       0x00000004   Zero   RW            4    RAM_END.bss         anon$$obj.o


    Execution Region __tz_RAM_C (Exec base: 0x20080000, Load base: 0x00006138, Size: 0x00000000, Max: 0x00000000, ABSOLUTE)

    Exec Addr    Load Addr    Size         Type   Attr      Idx    E Section Name        Object

    0x20080000        -       0x00000000   Zero   RW            5    __tz_RAM_C.bss      anon$$obj.o


    Execution Region __tz_RAM_N (Exec base: 0x20080000, Load base: 0x00006138, Size: 0x00000000, Max: 0x00000000, ABSOLUTE)

    Exec Addr    Load Addr    Size         Type   Attr      Idx    E Section Name        Object

    0x20080000        -       0x00000000   Zero   RW            6    __tz_RAM_N.bss      anon$$obj.o


    Execution Region RAM_LIMIT (Exec base: 0x20080000, Load base: 0x00006138, Size: 0x00000004, Max: 0x00000004, ABSOLUTE)

    Exec Addr    Load Addr    Size         Type   Attr      Idx    E Section Name        Object

    0x20080000        -       0x00000004   Zero   RW            7    RAM_LIMIT.bss       anon$$obj.o


    Execution Region OSPI_DEVICE_0_NO_LOAD (Exec base: 0x68000000, Load base: 0x00006138, Size: 0x00000000, Max: 0xffffffff, ABSOLUTE, UNINIT)

    **** No section assigned to this execution region ****


    Execution Region OSPI_DEVICE_1_NO_LOAD (Exec base: 0x70000000, Load base: 0x00006138, Size: 0x00000000, Max: 0xffffffff, ABSOLUTE, UNINIT)

    **** No section assigned to this execution region ****



  Load Region LOAD_REGION_NSC_FLASH (Base: 0x00007400, Size: 0x00000000, Max: 0xffffffff, ABSOLUTE)

    Execution Region __tz_FLASH_C (Exec base: 0x00007400, Load base: 0x00007400, Size: 0x00000000, Max: 0x00000000, ABSOLUTE)

    Exec Addr    Load Addr    Size         Type   Attr      Idx    E Section Name        Object

    0x00007400        -       0x00000000   Zero   RW            8    __tz_FLASH_C.bss    anon$$obj.o


    Execution Region EXEC_NSCR (Exec base: 0x00007400, Load base: 0x00007400, Size: 0x00000000, Max: 0xffffffff, ABSOLUTE, FIXED)

    **** No section assigned to this execution region ****


    Execution Region __tz_FLASH_N (Exec base: 0x00008000, Load base: 0x00007400, Size: 0x00000000, Max: 0x00000000, ABSOLUTE)

    Exec Addr    Load Addr    Size         Type   Attr      Idx    E Section Name        Object

    0x00008000        -       0x00000000   Zero   RW            9    __tz_FLASH_N.bss    anon$$obj.o



  Load Region LOAD_REGION_ID_CODE (Base: 0x00000000, Size: 0x00000000, Max: 0x00000004, ABSOLUTE)

    Execution Region __tz_ID_CODE_S (Exec base: 0x00000000, Load base: 0x00000000, Size: 0x00000000, Max: 0x00000000, ABSOLUTE)

    Exec Addr    Load Addr    Size         Type   Attr      Idx    E Section Name        Object

    0x00000000        -       0x00000000   Zero   RW           10    __tz_ID_CODE_S.bss  anon$$obj.o


    Execution Region __tz_ID_CODE_N (Exec base: 0x00000000, Load base: 0x00000000, Size: 0x00000000, Max: 0x00000000, ABSOLUTE)

    Exec Addr    Load Addr    Size         Type   Attr      Idx    E Section Name        Object

    0x00000000        -       0x00000000   Zero   RW           11    __tz_ID_CODE_N.bss  anon$$obj.o



  Load Region LOAD_REGION_OPTION_SETTING (Base: 0x0100a100, Size: 0x00000080, Max: 0x00000100, ABSOLUTE)

    Execution Region __tz_OPTION_SETTING_S (Exec base: 0x0100a100, Load base: 0x0100a100, Size: 0x00000000, Max: 0x00000000, ABSOLUTE)

    Exec Addr    Load Addr    Size         Type   Attr      Idx    E Section Name        Object

    0x0100a100        -       0x00000000   Zero   RW           12    __tz_OPTION_SETTING_S.bss  anon$$obj.o


    Execution Region OFS0 (Exec base: 0x0100a100, Load base: 0x0100a100, Size: 0x00000004, Max: 0xffffffff, ABSOLUTE, FIXED)

    Exec Addr    Load Addr    Size         Type   Attr      Idx    E Section Name        Object

    0x0100a100   0x0100a100   0x00000004   Data   RO          592    .option_setting_ofs0  bsp_rom_registers.o


    Execution Region UNUSED_0 (Exec base: 0x0100a104, Load base: 0x0100a104, Size: 0x00000000, Max: 0x00000000, ABSOLUTE, FIXED)

    Exec Addr    Load Addr    Size         Type   Attr      Idx    E Section Name        Object

    0x0100a104        -       0x00000000   Zero   RW           13    UNUSED_0.bss        anon$$obj.o


    Execution Region OFS2 (Exec base: 0x0100a104, Load base: 0x0100a104, Size: 0x00000000, Max: 0xffffffff, ABSOLUTE, FIXED)

    **** No section assigned to this execution region ****


    Execution Region UNUSED_1 (Exec base: 0x0100a104, Load base: 0x0100a104, Size: 0x0000000c, Max: 0x0000000c, ABSOLUTE, FIXED)

    Exec Addr    Load Addr    Size         Type   Attr      Idx    E Section Name        Object

    0x0100a104        -       0x0000000c   Zero   RW           14    UNUSED_1.bss        anon$$obj.o


    Execution Region DUALSEL (Exec base: 0x0100a110, Load base: 0x0100a110, Size: 0x00000004, Max: 0xffffffff, ABSOLUTE, FIXED)

    Exec Addr    Load Addr    Size         Type   Attr      Idx    E Section Name        Object

    0x0100a110   0x0100a110   0x00000004   Data   RO          593    .option_setting_dualsel  bsp_rom_registers.o


    Execution Region UNUSED_2 (Exec base: 0x0100a114, Load base: 0x0100a114, Size: 0x00000020, Max: 0x00000020, ABSOLUTE, FIXED)

    Exec Addr    Load Addr    Size         Type   Attr      Idx    E Section Name        Object

    0x0100a114        -       0x00000020   Zero   RW           15    UNUSED_2.bss        anon$$obj.o


    Execution Region SAS (Exec base: 0x0100a134, Load base: 0x0100a134, Size: 0x00000004, Max: 0xffffffff, ABSOLUTE, FIXED)

    Exec Addr    Load Addr    Size         Type   Attr      Idx    E Section Name        Object

    0x0100a134   0x0100a134   0x00000004   Data   RO          594    .option_setting_sas  bsp_rom_registers.o


    Execution Region UNUSED_3 (Exec base: 0x0100a138, Load base: 0x0100a138, Size: 0x00000048, Max: 0x00000048, ABSOLUTE, FIXED)

    Exec Addr    Load Addr    Size         Type   Attr      Idx    E Section Name        Object

    0x0100a138        -       0x00000048   Zero   RW           16    UNUSED_3.bss        anon$$obj.o


    Execution Region __tz_OPTION_SETTING_N (Exec base: 0x0100a180, Load base: 0x0100a180, Size: 0x00000000, Max: 0x00000000, ABSOLUTE)

    Exec Addr    Load Addr    Size         Type   Attr      Idx    E Section Name        Object

    0x0100a180        -       0x00000000   Zero   RW           17    __tz_OPTION_SETTING_N.bss  anon$$obj.o



  Load Region LOAD_REGION_OPTION_SETTING_S (Base: 0x0100a200, Size: 0x00000100, Max: 0x00000100, ABSOLUTE)

    Execution Region __tz_OPTION_SETTING_S_S (Exec base: 0x0100a200, Load base: 0x0100a200, Size: 0x00000000, Max: 0x00000000, ABSOLUTE)

    Exec Addr    Load Addr    Size         Type   Attr      Idx    E Section Name        Object

    0x0100a200        -       0x00000000   Zero   RW           18    __tz_OPTION_SETTING_S_S.bss  anon$$obj.o


    Execution Region OFS1_SEC (Exec base: 0x0100a200, Load base: 0x0100a200, Size: 0x00000004, Max: 0xffffffff, ABSOLUTE, FIXED)

    Exec Addr    Load Addr    Size         Type   Attr      Idx    E Section Name        Object

    0x0100a200   0x0100a200   0x00000004   Data   RO          595    .option_setting_ofs1_sec  bsp_rom_registers.o


    Execution Region UNUSED_7 (Exec base: 0x0100a204, Load base: 0x0100a204, Size: 0x00000000, Max: 0x00000000, ABSOLUTE, FIXED)

    Exec Addr    Load Addr    Size         Type   Attr      Idx    E Section Name        Object

    0x0100a204        -       0x00000000   Zero   RW           19    UNUSED_7.bss        anon$$obj.o


    Execution Region OFS3_SEC (Exec base: 0x0100a204, Load base: 0x0100a204, Size: 0x00000000, Max: 0xffffffff, ABSOLUTE, FIXED)

    **** No section assigned to this execution region ****


    Execution Region UNUSED_8 (Exec base: 0x0100a204, Load base: 0x0100a204, Size: 0x0000000c, Max: 0x0000000c, ABSOLUTE, FIXED)

    Exec Addr    Load Addr    Size         Type   Attr      Idx    E Section Name        Object

    0x0100a204        -       0x0000000c   Zero   RW           20    UNUSED_8.bss        anon$$obj.o


    Execution Region BANKSEL_SEC (Exec base: 0x0100a210, Load base: 0x0100a210, Size: 0x00000004, Max: 0xffffffff, ABSOLUTE, FIXED)

    Exec Addr    Load Addr    Size         Type   Attr      Idx    E Section Name        Object

    0x0100a210   0x0100a210   0x00000004   Data   RO          596    .option_setting_banksel_sec  bsp_rom_registers.o


    Execution Region UNUSED_9 (Exec base: 0x0100a214, Load base: 0x0100a214, Size: 0x0000002c, Max: 0x0000002c, ABSOLUTE, FIXED)

    Exec Addr    Load Addr    Size         Type   Attr      Idx    E Section Name        Object

    0x0100a214        -       0x0000002c   Zero   RW           21    UNUSED_9.bss        anon$$obj.o


    Execution Region BPS_SEC (Exec base: 0x0100a240, Load base: 0x0100a240, Size: 0x00000010, Max: 0xffffffff, ABSOLUTE, FIXED)

    Exec Addr    Load Addr    Size         Type   Attr      Idx    E Section Name        Object

    0x0100a240   0x0100a240   0x00000004   Data   RO          597    .option_setting_bps_sec0  bsp_rom_registers.o
    0x0100a244   0x0100a244   0x00000004   Data   RO          598    .option_setting_bps_sec1  bsp_rom_registers.o
    0x0100a248   0x0100a248   0x00000004   Data   RO          599    .option_setting_bps_sec2  bsp_rom_registers.o
    0x0100a24c   0x0100a24c   0x00000004   Data   RO          600    .option_setting_bps_sec3  bsp_rom_registers.o


    Execution Region UNUSED_10 (Exec base: 0x0100a250, Load base: 0x0100a250, Size: 0x00000010, Max: 0x00000010, ABSOLUTE, FIXED)

    Exec Addr    Load Addr    Size         Type   Attr      Idx    E Section Name        Object

    0x0100a250        -       0x00000010   Zero   RW           22    UNUSED_10.bss       anon$$obj.o


    Execution Region PBPS_SEC (Exec base: 0x0100a260, Load base: 0x0100a260, Size: 0x00000010, Max: 0xffffffff, ABSOLUTE, FIXED)

    Exec Addr    Load Addr    Size         Type   Attr      Idx    E Section Name        Object

    0x0100a260   0x0100a260   0x00000004   Data   RO          601    .option_setting_pbps_sec0  bsp_rom_registers.o
    0x0100a264   0x0100a264   0x00000004   Data   RO          602    .option_setting_pbps_sec1  bsp_rom_registers.o
    0x0100a268   0x0100a268   0x00000004   Data   RO          603    .option_setting_pbps_sec2  bsp_rom_registers.o
    0x0100a26c   0x0100a26c   0x00000004   Data   RO          604    .option_setting_pbps_sec3  bsp_rom_registers.o


    Execution Region UNUSED_11 (Exec base: 0x0100a270, Load base: 0x0100a270, Size: 0x00000010, Max: 0x00000010, ABSOLUTE, FIXED)

    Exec Addr    Load Addr    Size         Type   Attr      Idx    E Section Name        Object

    0x0100a270        -       0x00000010   Zero   RW           23    UNUSED_11.bss       anon$$obj.o


    Execution Region OFS1_SEL (Exec base: 0x0100a280, Load base: 0x0100a280, Size: 0x00000004, Max: 0xffffffff, ABSOLUTE, FIXED)

    Exec Addr    Load Addr    Size         Type   Attr      Idx    E Section Name        Object

    0x0100a280   0x0100a280   0x00000004   Data   RO          605    .option_setting_ofs1_sel  bsp_rom_registers.o


    Execution Region UNUSED_12 (Exec base: 0x0100a284, Load base: 0x0100a284, Size: 0x00000000, Max: 0x00000000, ABSOLUTE, FIXED)

    Exec Addr    Load Addr    Size         Type   Attr      Idx    E Section Name        Object

    0x0100a284        -       0x00000000   Zero   RW           24    UNUSED_12.bss       anon$$obj.o


    Execution Region OFS3_SEL (Exec base: 0x0100a284, Load base: 0x0100a284, Size: 0x00000000, Max: 0xffffffff, ABSOLUTE, FIXED)

    **** No section assigned to this execution region ****


    Execution Region UNUSED_13 (Exec base: 0x0100a284, Load base: 0x0100a284, Size: 0x0000000c, Max: 0x0000000c, ABSOLUTE, FIXED)

    Exec Addr    Load Addr    Size         Type   Attr      Idx    E Section Name        Object

    0x0100a284        -       0x0000000c   Zero   RW           25    UNUSED_13.bss       anon$$obj.o


    Execution Region BANKSEL_SEL (Exec base: 0x0100a290, Load base: 0x0100a290, Size: 0x00000004, Max: 0xffffffff, ABSOLUTE, FIXED)

    Exec Addr    Load Addr    Size         Type   Attr      Idx    E Section Name        Object

    0x0100a290   0x0100a290   0x00000004   Data   RO          606    .option_setting_banksel_sel  bsp_rom_registers.o


    Execution Region UNUSED_14 (Exec base: 0x0100a294, Load base: 0x0100a294, Size: 0x0000002c, Max: 0x0000002c, ABSOLUTE, FIXED)

    Exec Addr    Load Addr    Size         Type   Attr      Idx    E Section Name        Object

    0x0100a294        -       0x0000002c   Zero   RW           26    UNUSED_14.bss       anon$$obj.o


    Execution Region BPS_SEL (Exec base: 0x0100a2c0, Load base: 0x0100a2c0, Size: 0x00000010, Max: 0xffffffff, ABSOLUTE, FIXED)

    Exec Addr    Load Addr    Size         Type   Attr      Idx    E Section Name        Object

    0x0100a2c0   0x0100a2c0   0x00000004   Data   RO          607    .option_setting_bps_sel0  bsp_rom_registers.o
    0x0100a2c4   0x0100a2c4   0x00000004   Data   RO          608    .option_setting_bps_sel1  bsp_rom_registers.o
    0x0100a2c8   0x0100a2c8   0x00000004   Data   RO          609    .option_setting_bps_sel2  bsp_rom_registers.o
    0x0100a2cc   0x0100a2cc   0x00000004   Data   RO          610    .option_setting_bps_sel3  bsp_rom_registers.o


    Execution Region UNUSED_15 (Exec base: 0x0100a2d0, Load base: 0x0100a2d0, Size: 0x00000030, Max: 0x00000030, ABSOLUTE, FIXED)

    Exec Addr    Load Addr    Size         Type   Attr      Idx    E Section Name        Object

    0x0100a2d0        -       0x00000030   Zero   RW           27    UNUSED_15.bss       anon$$obj.o


    Execution Region __tz_OPTION_SETTING_S_N (Exec base: 0x0100a300, Load base: 0x0100a300, Size: 0x00000000, Max: 0x00000000, ABSOLUTE)

    Exec Addr    Load Addr    Size         Type   Attr      Idx    E Section Name        Object

    0x0100a300        -       0x00000000   Zero   RW           28    __tz_OPTION_SETTING_S_N.bss  anon$$obj.o



  Load Region LOAD_REGION_DATA_FLASH (Base: 0x08000000, Size: 0x00000000, Max: 0x00002000, ABSOLUTE)

    Execution Region __tz_DATA_FLASH_S (Exec base: 0x08000000, Load base: 0x08000000, Size: 0x00000000, Max: 0x00000000, ABSOLUTE)

    Exec Addr    Load Addr    Size         Type   Attr      Idx    E Section Name        Object

    0x08000000        -       0x00000000   Zero   RW           29    __tz_DATA_FLASH_S.bss  anon$$obj.o


    Execution Region DATA_FLASH (Exec base: 0x08000000, Load base: 0x08000000, Size: 0x00000000, Max: 0xffffffff, ABSOLUTE)

    **** No section assigned to this execution region ****


    Execution Region __tz_DATA_FLASH_N (Exec base: 0x08000000, Load base: 0x08000000, Size: 0x00000000, Max: 0x00000000, ABSOLUTE)

    Exec Addr    Load Addr    Size         Type   Attr      Idx    E Section Name        Object

    0x08000000        -       0x00000000   Zero   RW           30    __tz_DATA_FLASH_N.bss  anon$$obj.o



  Load Region LOAD_REGION_QSPI_FLASH (Base: 0x60000000, Size: 0x00000000, Max: 0x04000000, ABSOLUTE)

    Execution Region __tz_QSPI_FLASH_S (Exec base: 0x60000000, Load base: 0x60000000, Size: 0x00000000, Max: 0x00000000, ABSOLUTE)

    Exec Addr    Load Addr    Size         Type   Attr      Idx    E Section Name        Object

    0x60000000        -       0x00000000   Zero   RW           31    __tz_QSPI_FLASH_S.bss  anon$$obj.o


    Execution Region QSPI_FLASH (Exec base: 0x60000000, Load base: 0x60000000, Size: 0x00000000, Max: 0xffffffff, ABSOLUTE, FIXED)

    **** No section assigned to this execution region ****


    Execution Region __tz_QSPI_FLASH_N (Exec base: 0x60000000, Load base: 0x60000000, Size: 0x00000000, Max: 0x00000000, ABSOLUTE)

    Exec Addr    Load Addr    Size         Type   Attr      Idx    E Section Name        Object

    0x60000000        -       0x00000000   Zero   RW           32    __tz_QSPI_FLASH_N.bss  anon$$obj.o



  Load Region LOAD_REGION_OSPI_DEVICE_0 (Base: 0x68000000, Size: 0x00000000, Max: 0x08000000, ABSOLUTE)

    Execution Region __tz_OSPI_DEVICE_0_S (Exec base: 0x68000000, Load base: 0x68000000, Size: 0x00000000, Max: 0x00000000, ABSOLUTE)

    Exec Addr    Load Addr    Size         Type   Attr      Idx    E Section Name        Object

    0x68000000        -       0x00000000   Zero   RW           33    __tz_OSPI_DEVICE_0_S.bss  anon$$obj.o


    Execution Region OSPI_DEVICE_0 (Exec base: 0x68000000, Load base: 0x68000000, Size: 0x00000000, Max: 0xffffffff, ABSOLUTE, FIXED)

    **** No section assigned to this execution region ****


    Execution Region __tz_OSPI_DEVICE_0_N (Exec base: 0x68000000, Load base: 0x68000000, Size: 0x00000000, Max: 0x00000000, ABSOLUTE)

    Exec Addr    Load Addr    Size         Type   Attr      Idx    E Section Name        Object

    0x68000000        -       0x00000000   Zero   RW           34    __tz_OSPI_DEVICE_0_N.bss  anon$$obj.o



  Load Region LOAD_REGION_OSPI_DEVICE_1 (Base: 0x70000000, Size: 0x00000000, Max: 0x10000000, ABSOLUTE)

    Execution Region __tz_OSPI_DEVICE_1_S (Exec base: 0x70000000, Load base: 0x70000000, Size: 0x00000000, Max: 0x00000000, ABSOLUTE)

    Exec Addr    Load Addr    Size         Type   Attr      Idx    E Section Name        Object

    0x70000000        -       0x00000000   Zero   RW           35    __tz_OSPI_DEVICE_1_S.bss  anon$$obj.o


    Execution Region OSPI_DEVICE_1 (Exec base: 0x70000000, Load base: 0x70000000, Size: 0x00000000, Max: 0xffffffff, ABSOLUTE, FIXED)

    **** No section assigned to this execution region ****


    Execution Region __tz_OSPI_DEVICE_1_N (Exec base: 0x70000000, Load base: 0x70000000, Size: 0x00000000, Max: 0x00000000, ABSOLUTE)

    Exec Addr    Load Addr    Size         Type   Attr      Idx    E Section Name        Object

    0x70000000        -       0x00000000   Zero   RW           36    __tz_OSPI_DEVICE_1_N.bss  anon$$obj.o



  Load Region LOAD_REGION_SDRAM (Base: 0x80010000, Size: 0x00000000, Max: 0x00000000, ABSOLUTE)

    Execution Region __tz_SDRAM_S (Exec base: 0x80010000, Load base: 0x80010000, Size: 0x00000000, Max: 0x00000000, ABSOLUTE)

    Exec Addr    Load Addr    Size         Type   Attr      Idx    E Section Name        Object

    0x80010000        -       0x00000000   Zero   RW           37    __tz_SDRAM_S.bss    anon$$obj.o


    Execution Region SDRAM (Exec base: 0x80010000, Load base: 0x80010000, Size: 0x00000000, Max: 0xffffffff, ABSOLUTE, FIXED)

    **** No section assigned to this execution region ****


    Execution Region __tz_SDRAM_N (Exec base: 0x80010000, Load base: 0x80010000, Size: 0x00000000, Max: 0x00000000, ABSOLUTE)

    Exec Addr    Load Addr    Size         Type   Attr      Idx    E Section Name        Object

    0x80010000        -       0x00000000   Zero   RW           38    __tz_SDRAM_N.bss    anon$$obj.o


==============================================================================

Image component sizes


      Code (inc. data)   RO Data    RW Data    ZI Data      Debug   Object Name

      3824        296        217          4        527      37401   as608pro.o
       246          8          0          2         15      10807   asr_pro.o
       484          0          0          0         28      35130   bsp_clocks.o
         2          0         78          0          0       9832   bsp_common.o
        80          0          0          0          0       1595   bsp_delay.o
        68          0          0          0         64      14117   bsp_group_irq.o
         0          0          0          0          4        487   bsp_io.o
       150          0          0          0        384      18672   bsp_irq.o
       160          0          8          0          8      22689   bsp_register_protection.o
         0          0         76          0          0       1150   bsp_rom_registers.o
         0          0         32          0          0        848   bsp_security.o
         0          0         12          0          8      17598   common_data.o
      1086        148         24          1        128      12886   esp_connect.o
       460         48          0          8         43      20655   fun.o
         0          0       1200         24        448      62405   hal_data.o
       178         20          0          0          0      16972   hal_entry.o
       524         52          0          0        119      11126   k230_connect.o
        10          0          0          0          0        382   main.o
       586          4          0          0         25      14801   motor.o
         0          0        228          0          0       7993   pin_data.o
      1472        138          6        129        244      11697   pn532.o
       484          0          0          0         10      11736   pn532_hal.o
      1524          0         52          0          0      78081   r_gpt.o
      2442          0         32          0          0      59736   r_iic_master.o
       950         12         52          0          0      58356   r_ioport.o
      1774          0         36          0          0      74661   r_sci_uart.o
        14          0         64          0       1024        913   startup.o
       244          0          0          0          4       6671   system.o
      1588        156         26          0        720      26609   tjc_usart_hmi.o
         0          0        768          0          0       9809   vector_data.o

    ----------------------------------------------------------------------
     18402        882       2916        172       4156     655815   Object Totals
         0          0          0          0        316          0   (incl. Generated)
        52          0          5          4         37          0   (incl. Padding)

    ----------------------------------------------------------------------

      Code (inc. data)   RO Data    RW Data    ZI Data      Debug   Library Member Name

        56          8          0          0          0         84   __0sscanf.o
        28          0          0          0          0         68   _chval.o
       812          4          0          0          0        112   _scanf.o
       332          0          0          0          0         96   _scanf_int.o
        64          0          0          0          0         84   _sgetc.o
       158          0          0          0          0         92   _strtoul.o
        26          0          0          0          0         80   atoi.o
         8          4        133          0          0         68   ctype_o.o
         8          4          0          4          0         68   errno.o
        18          0          0          0          0         76   isspace_o.o
        30          0          0          0          0         68   llshl.o
        32          0          0          0          0         68   llushr.o
        26          0          0          0          0         80   memcmp.o
        36          0          0          0          0         68   memcpya.o
        36          0          0          0          0        108   memseta.o
      1278         64          0          0          0        660   printf8.o
        36          6          0          0          0         80   puts.o
        40          8          0          0          0         84   scanf_char.o
         0          0          0          4          0          0   stdout.o
        20          0          0          0          0         68   strchr.o
        18          0          0          0          0         68   strcpy.o
        14          0          0          0          0         68   strlen.o
        36          0          0          0          0         80   strstr.o
       112          0          0          0          0         88   strtol.o
        98          0          0          0          0         92   uldiv.o

    ----------------------------------------------------------------------
      3330         98        136          8          0       2508   Library Totals
         8          0          3          0          0          0   (incl. Padding)

    ----------------------------------------------------------------------

      Code (inc. data)   RO Data    RW Data    ZI Data      Debug   Library Name

      3322         98        133          8          0       2508   mc_w.l

    ----------------------------------------------------------------------
      3330         98        136          8          0       2508   Library Totals

    ----------------------------------------------------------------------

==============================================================================


      Code (inc. data)   RO Data    RW Data    ZI Data      Debug   

     21732        980       3052        180       4156     656479   Grand Totals
     21732        980       3052        180       4156     656479   ELF Image Totals
     21732        980       3052        180          0          0   ROM Totals

==============================================================================

    Total RO  Size (Code + RO Data)                24784 (  24.20kB)
    Total RW  Size (RW Data + ZI Data)              4336 (   4.23kB)
    Total ROM Size (Code + RO Data + RW Data)      24964 (  24.38kB)

==============================================================================

