<!doctype html public "-//w3c//dtd html 4.0 transitional//en">
<html><head>
<title>Static Call Graph - [.\Objects\26_competuer.axf]</title></head>
<body><HR>
<H1>Static Call Graph for image .\Objects\26_competuer.axf</H1><HR>
<BR><P>#&#060CALLGRAPH&#062# ARM Linker, 6180002: Last Updated: Fri Mar 27 18:21:51 2026
<BR><P>
<H3>Maximum Stack Usage =        256 bytes + Unknown(Cycles, Untraceable Function Pointers)</H3><H3>
Call chain for Maximum Stack Depth:</H3>
Reset_Handler &rArr; main &rArr; hal_entry &rArr; process_uart2_data &rArr; __0sscanf &rArr; __vfscanf_char &rArr; __vfscanf &rArr; _scanf_int
<P>
<H3>
Mutually Recursive functions
</H3> <LI><a href="#[96]">bsp_prv_software_delay_loop</a>&nbsp;&nbsp;&nbsp;&rArr;&nbsp;&nbsp;&nbsp;<a href="#[96]">bsp_prv_software_delay_loop</a><BR>
</UL>
<P>
<H3>
Function Pointers
</H3><UL>
 <LI><a href="#[4]">BusFault_Handler</a> from startup.o(.text.Default_Handler) referenced from startup.o(.fixed_vectors)
 <LI><a href="#[8]">DebugMon_Handler</a> from startup.o(.text.Default_Handler) referenced from startup.o(.fixed_vectors)
 <LI><a href="#[2]">HardFault_Handler</a> from startup.o(.text.Default_Handler) referenced from startup.o(.fixed_vectors)
 <LI><a href="#[3]">MemManage_Handler</a> from startup.o(.text.Default_Handler) referenced from startup.o(.fixed_vectors)
 <LI><a href="#[1]">NMI_Handler</a> from bsp_group_irq.o(.text.NMI_Handler) referenced from startup.o(.fixed_vectors)
 <LI><a href="#[9]">PendSV_Handler</a> from startup.o(.text.Default_Handler) referenced from startup.o(.fixed_vectors)
 <LI><a href="#[3d]">R_GPT_CallbackSet</a> from r_gpt.o(.text.R_GPT_CallbackSet) referenced from r_gpt.o(.rodata.g_timer_on_gpt)
 <LI><a href="#[3e]">R_GPT_Close</a> from r_gpt.o(.text.R_GPT_Close) referenced from r_gpt.o(.rodata.g_timer_on_gpt)
 <LI><a href="#[3a]">R_GPT_CompareMatchSet</a> from r_gpt.o(.text.R_GPT_CompareMatchSet) referenced from r_gpt.o(.rodata.g_timer_on_gpt)
 <LI><a href="#[37]">R_GPT_Disable</a> from r_gpt.o(.text.R_GPT_Disable) referenced from r_gpt.o(.rodata.g_timer_on_gpt)
 <LI><a href="#[39]">R_GPT_DutyCycleSet</a> from r_gpt.o(.text.R_GPT_DutyCycleSet) referenced from r_gpt.o(.rodata.g_timer_on_gpt)
 <LI><a href="#[36]">R_GPT_Enable</a> from r_gpt.o(.text.R_GPT_Enable) referenced from r_gpt.o(.rodata.g_timer_on_gpt)
 <LI><a href="#[3b]">R_GPT_InfoGet</a> from r_gpt.o(.text.R_GPT_InfoGet) referenced from r_gpt.o(.rodata.g_timer_on_gpt)
 <LI><a href="#[32]">R_GPT_Open</a> from r_gpt.o(.text.R_GPT_Open) referenced from r_gpt.o(.rodata.g_timer_on_gpt)
 <LI><a href="#[38]">R_GPT_PeriodSet</a> from r_gpt.o(.text.R_GPT_PeriodSet) referenced from r_gpt.o(.rodata.g_timer_on_gpt)
 <LI><a href="#[35]">R_GPT_Reset</a> from r_gpt.o(.text.R_GPT_Reset) referenced from r_gpt.o(.rodata.g_timer_on_gpt)
 <LI><a href="#[33]">R_GPT_Start</a> from r_gpt.o(.text.R_GPT_Start) referenced from r_gpt.o(.rodata.g_timer_on_gpt)
 <LI><a href="#[3c]">R_GPT_StatusGet</a> from r_gpt.o(.text.R_GPT_StatusGet) referenced from r_gpt.o(.rodata.g_timer_on_gpt)
 <LI><a href="#[34]">R_GPT_Stop</a> from r_gpt.o(.text.R_GPT_Stop) referenced from r_gpt.o(.rodata.g_timer_on_gpt)
 <LI><a href="#[1f]">R_IIC_MASTER_Abort</a> from r_iic_master.o(.text.R_IIC_MASTER_Abort) referenced from r_iic_master.o(.rodata.g_i2c_master_on_iic)
 <LI><a href="#[21]">R_IIC_MASTER_CallbackSet</a> from r_iic_master.o(.text.R_IIC_MASTER_CallbackSet) referenced from r_iic_master.o(.rodata.g_i2c_master_on_iic)
 <LI><a href="#[23]">R_IIC_MASTER_Close</a> from r_iic_master.o(.text.R_IIC_MASTER_Close) referenced from r_iic_master.o(.rodata.g_i2c_master_on_iic)
 <LI><a href="#[1c]">R_IIC_MASTER_Open</a> from r_iic_master.o(.text.R_IIC_MASTER_Open) referenced from r_iic_master.o(.rodata.g_i2c_master_on_iic)
 <LI><a href="#[1d]">R_IIC_MASTER_Read</a> from r_iic_master.o(.text.R_IIC_MASTER_Read) referenced from r_iic_master.o(.rodata.g_i2c_master_on_iic)
 <LI><a href="#[20]">R_IIC_MASTER_SlaveAddressSet</a> from r_iic_master.o(.text.R_IIC_MASTER_SlaveAddressSet) referenced from r_iic_master.o(.rodata.g_i2c_master_on_iic)
 <LI><a href="#[22]">R_IIC_MASTER_StatusGet</a> from r_iic_master.o(.text.R_IIC_MASTER_StatusGet) referenced from r_iic_master.o(.rodata.g_i2c_master_on_iic)
 <LI><a href="#[1e]">R_IIC_MASTER_Write</a> from r_iic_master.o(.text.R_IIC_MASTER_Write) referenced from r_iic_master.o(.rodata.g_i2c_master_on_iic)
 <LI><a href="#[25]">R_IOPORT_Close</a> from r_ioport.o(.text.R_IOPORT_Close) referenced from r_ioport.o(.rodata.g_ioport_on_ioport)
 <LI><a href="#[24]">R_IOPORT_Open</a> from r_ioport.o(.text.R_IOPORT_Open) referenced from r_ioport.o(.rodata.g_ioport_on_ioport)
 <LI><a href="#[27]">R_IOPORT_PinCfg</a> from r_ioport.o(.text.R_IOPORT_PinCfg) referenced from r_ioport.o(.rodata.g_ioport_on_ioport)
 <LI><a href="#[28]">R_IOPORT_PinEventInputRead</a> from r_ioport.o(.text.R_IOPORT_PinEventInputRead) referenced from r_ioport.o(.rodata.g_ioport_on_ioport)
 <LI><a href="#[29]">R_IOPORT_PinEventOutputWrite</a> from r_ioport.o(.text.R_IOPORT_PinEventOutputWrite) referenced from r_ioport.o(.rodata.g_ioport_on_ioport)
 <LI><a href="#[2a]">R_IOPORT_PinRead</a> from r_ioport.o(.text.R_IOPORT_PinRead) referenced from r_ioport.o(.rodata.g_ioport_on_ioport)
 <LI><a href="#[2b]">R_IOPORT_PinWrite</a> from r_ioport.o(.text.R_IOPORT_PinWrite) referenced from r_ioport.o(.rodata.g_ioport_on_ioport)
 <LI><a href="#[26]">R_IOPORT_PinsCfg</a> from r_ioport.o(.text.R_IOPORT_PinsCfg) referenced from r_ioport.o(.rodata.g_ioport_on_ioport)
 <LI><a href="#[2c]">R_IOPORT_PortDirectionSet</a> from r_ioport.o(.text.R_IOPORT_PortDirectionSet) referenced from r_ioport.o(.rodata.g_ioport_on_ioport)
 <LI><a href="#[2d]">R_IOPORT_PortEventInputRead</a> from r_ioport.o(.text.R_IOPORT_PortEventInputRead) referenced from r_ioport.o(.rodata.g_ioport_on_ioport)
 <LI><a href="#[2e]">R_IOPORT_PortEventOutputWrite</a> from r_ioport.o(.text.R_IOPORT_PortEventOutputWrite) referenced from r_ioport.o(.rodata.g_ioport_on_ioport)
 <LI><a href="#[2f]">R_IOPORT_PortRead</a> from r_ioport.o(.text.R_IOPORT_PortRead) referenced from r_ioport.o(.rodata.g_ioport_on_ioport)
 <LI><a href="#[30]">R_IOPORT_PortWrite</a> from r_ioport.o(.text.R_IOPORT_PortWrite) referenced from r_ioport.o(.rodata.g_ioport_on_ioport)
 <LI><a href="#[4a]">R_SCI_UART_Abort</a> from r_sci_uart.o(.text.R_SCI_UART_Abort) referenced from r_sci_uart.o(.rodata.g_uart_on_sci)
 <LI><a href="#[48]">R_SCI_UART_BaudSet</a> from r_sci_uart.o(.text.R_SCI_UART_BaudSet) referenced from r_sci_uart.o(.rodata.g_uart_on_sci)
 <LI><a href="#[4b]">R_SCI_UART_CallbackSet</a> from r_sci_uart.o(.text.R_SCI_UART_CallbackSet) referenced from r_sci_uart.o(.rodata.g_uart_on_sci)
 <LI><a href="#[4c]">R_SCI_UART_Close</a> from r_sci_uart.o(.text.R_SCI_UART_Close) referenced from r_sci_uart.o(.rodata.g_uart_on_sci)
 <LI><a href="#[49]">R_SCI_UART_InfoGet</a> from r_sci_uart.o(.text.R_SCI_UART_InfoGet) referenced from r_sci_uart.o(.rodata.g_uart_on_sci)
 <LI><a href="#[45]">R_SCI_UART_Open</a> from r_sci_uart.o(.text.R_SCI_UART_Open) referenced from r_sci_uart.o(.rodata.g_uart_on_sci)
 <LI><a href="#[46]">R_SCI_UART_Read</a> from r_sci_uart.o(.text.R_SCI_UART_Read) referenced from r_sci_uart.o(.rodata.g_uart_on_sci)
 <LI><a href="#[4d]">R_SCI_UART_ReadStop</a> from r_sci_uart.o(.text.R_SCI_UART_ReadStop) referenced from r_sci_uart.o(.rodata.g_uart_on_sci)
 <LI><a href="#[47]">R_SCI_UART_Write</a> from r_sci_uart.o(.text.R_SCI_UART_Write) referenced from r_sci_uart.o(.rodata.g_uart_on_sci)
 <LI><a href="#[0]">Reset_Handler</a> from startup.o(.text.Reset_Handler) referenced from startup.o(.fixed_vectors)
 <LI><a href="#[7]">SVC_Handler</a> from startup.o(.text.Default_Handler) referenced from startup.o(.fixed_vectors)
 <LI><a href="#[6]">SecureFault_Handler</a> from startup.o(.text.Default_Handler) referenced from startup.o(.fixed_vectors)
 <LI><a href="#[a]">SysTick_Handler</a> from startup.o(.text.Default_Handler) referenced from startup.o(.fixed_vectors)
 <LI><a href="#[5]">UsageFault_Handler</a> from startup.o(.text.Default_Handler) referenced from startup.o(.fixed_vectors)
 <LI><a href="#[15]">_sbackspace</a> from _sgetc.o(.text) referenced from __0sscanf.o(.text)
 <LI><a href="#[16]">_scanf_char_input</a> from scanf_char.o(.text) referenced from scanf_char.o(.text)
 <LI><a href="#[14]">_sgetc</a> from _sgetc.o(.text) referenced from __0sscanf.o(.text)
 <LI><a href="#[19]">_snputc</a> from printf8.o(i._snputc) referenced from printf8.o(i.__0snprintf$8)
 <LI><a href="#[1a]">_sputc</a> from printf8.o(i._sputc) referenced from printf8.o(i.__0sprintf$8)
 <LI><a href="#[18]">fputc</a> from fun.o(.text.fputc) referenced from printf8.o(i.__0printf$8)
 <LI><a href="#[13]">gpt_counter_overflow_isr</a> from r_gpt.o(.text.gpt_counter_overflow_isr) referenced from vector_data.o(.application_vectors)
 <LI><a href="#[1b]">i2c_master_callback</a> from pn532_hal.o(.text.i2c_master_callback) referenced from hal_data.o(.rodata.g_i2c1_cfg)
 <LI><a href="#[e]">iic_master_eri_isr</a> from r_iic_master.o(.text.iic_master_eri_isr) referenced from vector_data.o(.application_vectors)
 <LI><a href="#[b]">iic_master_rxi_isr</a> from r_iic_master.o(.text.iic_master_rxi_isr) referenced from vector_data.o(.application_vectors)
 <LI><a href="#[d]">iic_master_tei_isr</a> from r_iic_master.o(.text.iic_master_tei_isr) referenced from vector_data.o(.application_vectors)
 <LI><a href="#[c]">iic_master_txi_isr</a> from r_iic_master.o(.text.iic_master_txi_isr) referenced from vector_data.o(.application_vectors)
 <LI><a href="#[17]">isspace</a> from isspace_o.o(.text) referenced from scanf_char.o(.text)
 <LI><a href="#[12]">sci_uart_eri_isr</a> from r_sci_uart.o(.text.sci_uart_eri_isr) referenced 6 times from vector_data.o(.application_vectors)
 <LI><a href="#[f]">sci_uart_rxi_isr</a> from r_sci_uart.o(.text.sci_uart_rxi_isr) referenced 6 times from vector_data.o(.application_vectors)
 <LI><a href="#[11]">sci_uart_tei_isr</a> from r_sci_uart.o(.text.sci_uart_tei_isr) referenced 6 times from vector_data.o(.application_vectors)
 <LI><a href="#[10]">sci_uart_txi_isr</a> from r_sci_uart.o(.text.sci_uart_txi_isr) referenced 6 times from vector_data.o(.application_vectors)
 <LI><a href="#[31]">timer_1ms_callback</a> from fun.o(.text.timer_1ms_callback) referenced from hal_data.o(.rodata.g_timer_1ms_cfg)
 <LI><a href="#[3f]">uart2_callback</a> from esp_connect.o(.text.uart2_callback) referenced from hal_data.o(.rodata.g_uart2_cfg)
 <LI><a href="#[40]">uart3_callback</a> from as608pro.o(.text.uart3_callback) referenced from hal_data.o(.rodata.g_uart3_cfg)
 <LI><a href="#[41]">uart5_callback</a> from tjc_usart_hmi.o(.text.uart5_callback) referenced from hal_data.o(.rodata.g_uart5_cfg)
 <LI><a href="#[42]">uart7_callback</a> from fun.o(.text.uart7_callback) referenced from hal_data.o(.rodata.g_uart7_cfg)
 <LI><a href="#[43]">uart8_callback</a> from k230_connect.o(.text.uart8_callback) referenced from hal_data.o(.rodata.g_uart8_cfg)
 <LI><a href="#[44]">uart9_callback</a> from asr_pro.o(.text.uart9_callback) referenced from hal_data.o(.rodata.g_uart9_cfg)
</UL>
<P>
<H3>
Global Symbols
</H3>
<P><STRONG><a name="[85]"></a>__aeabi_memcpy</STRONG> (Thumb, 36 bytes, Stack size 0 bytes, memcpya.o(.text))
<BR><BR>[Called By]<UL><LI><a href="#[f]">&gt;&gt;</a>&nbsp;&nbsp;&nbsp;sci_uart_rxi_isr
<LI><a href="#[44]">&gt;&gt;</a>&nbsp;&nbsp;&nbsp;uart9_callback
<LI><a href="#[3f]">&gt;&gt;</a>&nbsp;&nbsp;&nbsp;uart2_callback
<LI><a href="#[43]">&gt;&gt;</a>&nbsp;&nbsp;&nbsp;uart8_callback
<LI><a href="#[84]">&gt;&gt;</a>&nbsp;&nbsp;&nbsp;PN532_ReadPassTarget
<LI><a href="#[7c]">&gt;&gt;</a>&nbsp;&nbsp;&nbsp;PN532_send_data
</UL>

<P><STRONG><a name="[a1]"></a>__aeabi_memcpy4</STRONG> (Thumb, 0 bytes, Stack size 0 bytes, memcpya.o(.text))
<BR><BR>[Called By]<UL><LI><a href="#[9e]">&gt;&gt;</a>&nbsp;&nbsp;&nbsp;SystemInit
</UL>

<P><STRONG><a name="[c2]"></a>__aeabi_memcpy8</STRONG> (Thumb, 0 bytes, Stack size 0 bytes, memcpya.o(.text), UNUSED)

<P><STRONG><a name="[4f]"></a>__aeabi_memset</STRONG> (Thumb, 14 bytes, Stack size 0 bytes, memseta.o(.text), UNUSED)
<BR><BR>[Called By]<UL><LI><a href="#[50]">&gt;&gt;</a>&nbsp;&nbsp;&nbsp;_memset$wrapper
<LI><a href="#[4e]">&gt;&gt;</a>&nbsp;&nbsp;&nbsp;__aeabi_memclr
</UL>

<P><STRONG><a name="[c3]"></a>__aeabi_memset4</STRONG> (Thumb, 0 bytes, Stack size 0 bytes, memseta.o(.text), UNUSED)

<P><STRONG><a name="[c4]"></a>__aeabi_memset8</STRONG> (Thumb, 0 bytes, Stack size 0 bytes, memseta.o(.text), UNUSED)

<P><STRONG><a name="[4e]"></a>__aeabi_memclr</STRONG> (Thumb, 4 bytes, Stack size 0 bytes, memseta.o(.text), UNUSED)
<BR><BR>[Calls]<UL><LI><a href="#[4f]">&gt;&gt;</a>&nbsp;&nbsp;&nbsp;__aeabi_memset
</UL>

<P><STRONG><a name="[73]"></a>__aeabi_memclr4</STRONG> (Thumb, 0 bytes, Stack size 0 bytes, memseta.o(.text))
<BR><BR>[Called By]<UL><LI><a href="#[9e]">&gt;&gt;</a>&nbsp;&nbsp;&nbsp;SystemInit
<LI><a href="#[7d]">&gt;&gt;</a>&nbsp;&nbsp;&nbsp;PN532_recv_ack
<LI><a href="#[72]">&gt;&gt;</a>&nbsp;&nbsp;&nbsp;HIM_connection
<LI><a href="#[aa]">&gt;&gt;</a>&nbsp;&nbsp;&nbsp;uart2_init
</UL>

<P><STRONG><a name="[c5]"></a>__aeabi_memclr8</STRONG> (Thumb, 0 bytes, Stack size 0 bytes, memseta.o(.text), UNUSED)

<P><STRONG><a name="[50]"></a>_memset$wrapper</STRONG> (Thumb, 18 bytes, Stack size 8 bytes, memseta.o(.text), UNUSED)
<BR><BR>[Calls]<UL><LI><a href="#[4f]">&gt;&gt;</a>&nbsp;&nbsp;&nbsp;__aeabi_memset
</UL>

<P><STRONG><a name="[7a]"></a>strstr</STRONG> (Thumb, 36 bytes, Stack size 12 bytes, strstr.o(.text))
<BR><BR>[Stack]<UL><LI>Max Depth = 12<LI>Call Chain = strstr
</UL>
<BR>[Called By]<UL><LI><a href="#[79]">&gt;&gt;</a>&nbsp;&nbsp;&nbsp;JudgeStr
</UL>

<P><STRONG><a name="[b9]"></a>strchr</STRONG> (Thumb, 20 bytes, Stack size 0 bytes, strchr.o(.text))
<BR><BR>[Called By]<UL><LI><a href="#[3f]">&gt;&gt;</a>&nbsp;&nbsp;&nbsp;uart2_callback
</UL>

<P><STRONG><a name="[bb]"></a>strlen</STRONG> (Thumb, 14 bytes, Stack size 0 bytes, strlen.o(.text))
<BR><BR>[Called By]<UL><LI><a href="#[b5]">&gt;&gt;</a>&nbsp;&nbsp;&nbsp;uart2_send_string
<LI><a href="#[3f]">&gt;&gt;</a>&nbsp;&nbsp;&nbsp;uart2_callback
<LI><a href="#[78]">&gt;&gt;</a>&nbsp;&nbsp;&nbsp;uart8_send_value
<LI><a href="#[8b]">&gt;&gt;</a>&nbsp;&nbsp;&nbsp;uart9_send_value
</UL>

<P><STRONG><a name="[89]"></a>memcmp</STRONG> (Thumb, 26 bytes, Stack size 12 bytes, memcmp.o(.text))
<BR><BR>[Stack]<UL><LI>Max Depth = 12<LI>Call Chain = memcmp
</UL>
<BR>[Called By]<UL><LI><a href="#[7d]">&gt;&gt;</a>&nbsp;&nbsp;&nbsp;PN532_recv_ack
<LI><a href="#[88]">&gt;&gt;</a>&nbsp;&nbsp;&nbsp;PN532_connect
</UL>

<P><STRONG><a name="[ba]"></a>strcpy</STRONG> (Thumb, 18 bytes, Stack size 0 bytes, strcpy.o(.text))
<BR><BR>[Called By]<UL><LI><a href="#[3f]">&gt;&gt;</a>&nbsp;&nbsp;&nbsp;uart2_callback
</UL>

<P><STRONG><a name="[51]"></a>__0sscanf</STRONG> (Thumb, 48 bytes, Stack size 72 bytes, __0sscanf.o(.text))
<BR><BR>[Stack]<UL><LI>Max Depth = 216<LI>Call Chain = __0sscanf &rArr; __vfscanf_char &rArr; __vfscanf &rArr; _scanf_int
</UL>
<BR>[Calls]<UL><LI><a href="#[52]">&gt;&gt;</a>&nbsp;&nbsp;&nbsp;__vfscanf_char
</UL>
<BR>[Called By]<UL><LI><a href="#[af]">&gt;&gt;</a>&nbsp;&nbsp;&nbsp;process_uart2_data
</UL>

<P><STRONG><a name="[53]"></a>_scanf_int</STRONG> (Thumb, 332 bytes, Stack size 56 bytes, _scanf_int.o(.text))
<BR><BR>[Stack]<UL><LI>Max Depth = 56<LI>Call Chain = _scanf_int
</UL>
<BR>[Calls]<UL><LI><a href="#[54]">&gt;&gt;</a>&nbsp;&nbsp;&nbsp;_chval
</UL>
<BR>[Called By]<UL><LI><a href="#[5b]">&gt;&gt;</a>&nbsp;&nbsp;&nbsp;__vfscanf
</UL>

<P><STRONG><a name="[55]"></a>atoi</STRONG> (Thumb, 26 bytes, Stack size 16 bytes, atoi.o(.text))
<BR><BR>[Stack]<UL><LI>Max Depth = 88<LI>Call Chain = atoi &rArr; strtol &rArr; _strtoul
</UL>
<BR>[Calls]<UL><LI><a href="#[57]">&gt;&gt;</a>&nbsp;&nbsp;&nbsp;strtol
<LI><a href="#[56]">&gt;&gt;</a>&nbsp;&nbsp;&nbsp;__aeabi_errno_addr
</UL>
<BR>[Called By]<UL><LI><a href="#[44]">&gt;&gt;</a>&nbsp;&nbsp;&nbsp;uart9_callback
<LI><a href="#[3f]">&gt;&gt;</a>&nbsp;&nbsp;&nbsp;uart2_callback
<LI><a href="#[43]">&gt;&gt;</a>&nbsp;&nbsp;&nbsp;uart8_callback
</UL>

<P><STRONG><a name="[58]"></a>__aeabi_uldivmod</STRONG> (Thumb, 98 bytes, Stack size 40 bytes, uldiv.o(.text), UNUSED)
<BR><BR>[Calls]<UL><LI><a href="#[59]">&gt;&gt;</a>&nbsp;&nbsp;&nbsp;__aeabi_llsr
<LI><a href="#[5a]">&gt;&gt;</a>&nbsp;&nbsp;&nbsp;__aeabi_llsl
</UL>
<BR>[Called By]<UL><LI><a href="#[bd]">&gt;&gt;</a>&nbsp;&nbsp;&nbsp;_printf_core
</UL>

<P><STRONG><a name="[54]"></a>_chval</STRONG> (Thumb, 28 bytes, Stack size 0 bytes, _chval.o(.text))
<BR><BR>[Called By]<UL><LI><a href="#[5d]">&gt;&gt;</a>&nbsp;&nbsp;&nbsp;_strtoul
<LI><a href="#[53]">&gt;&gt;</a>&nbsp;&nbsp;&nbsp;_scanf_int
</UL>

<P><STRONG><a name="[52]"></a>__vfscanf_char</STRONG> (Thumb, 20 bytes, Stack size 0 bytes, scanf_char.o(.text))
<BR><BR>[Stack]<UL><LI>Max Depth = 144<LI>Call Chain = __vfscanf_char &rArr; __vfscanf &rArr; _scanf_int
</UL>
<BR>[Calls]<UL><LI><a href="#[5b]">&gt;&gt;</a>&nbsp;&nbsp;&nbsp;__vfscanf
</UL>
<BR>[Called By]<UL><LI><a href="#[51]">&gt;&gt;</a>&nbsp;&nbsp;&nbsp;__0sscanf
</UL>

<P><STRONG><a name="[14]"></a>_sgetc</STRONG> (Thumb, 30 bytes, Stack size 0 bytes, _sgetc.o(.text))
<BR>[Address Reference Count : 1]<UL><LI> __0sscanf.o(.text)
</UL>
<P><STRONG><a name="[15]"></a>_sbackspace</STRONG> (Thumb, 34 bytes, Stack size 0 bytes, _sgetc.o(.text))
<BR>[Address Reference Count : 1]<UL><LI> __0sscanf.o(.text)
</UL>
<P><STRONG><a name="[57]"></a>strtol</STRONG> (Thumb, 112 bytes, Stack size 32 bytes, strtol.o(.text))
<BR><BR>[Stack]<UL><LI>Max Depth = 72<LI>Call Chain = strtol &rArr; _strtoul
</UL>
<BR>[Calls]<UL><LI><a href="#[5d]">&gt;&gt;</a>&nbsp;&nbsp;&nbsp;_strtoul
<LI><a href="#[5c]">&gt;&gt;</a>&nbsp;&nbsp;&nbsp;__rt_ctype_table
<LI><a href="#[56]">&gt;&gt;</a>&nbsp;&nbsp;&nbsp;__aeabi_errno_addr
</UL>
<BR>[Called By]<UL><LI><a href="#[55]">&gt;&gt;</a>&nbsp;&nbsp;&nbsp;atoi
</UL>

<P><STRONG><a name="[5a]"></a>__aeabi_llsl</STRONG> (Thumb, 30 bytes, Stack size 0 bytes, llshl.o(.text), UNUSED)
<BR><BR>[Called By]<UL><LI><a href="#[58]">&gt;&gt;</a>&nbsp;&nbsp;&nbsp;__aeabi_uldivmod
</UL>

<P><STRONG><a name="[c6]"></a>_ll_shift_l</STRONG> (Thumb, 0 bytes, Stack size 0 bytes, llshl.o(.text), UNUSED)

<P><STRONG><a name="[59]"></a>__aeabi_llsr</STRONG> (Thumb, 32 bytes, Stack size 0 bytes, llushr.o(.text), UNUSED)
<BR><BR>[Called By]<UL><LI><a href="#[58]">&gt;&gt;</a>&nbsp;&nbsp;&nbsp;__aeabi_uldivmod
</UL>

<P><STRONG><a name="[c7]"></a>_ll_ushift_r</STRONG> (Thumb, 0 bytes, Stack size 0 bytes, llushr.o(.text), UNUSED)

<P><STRONG><a name="[5c]"></a>__rt_ctype_table</STRONG> (Thumb, 4 bytes, Stack size 0 bytes, ctype_o.o(.text))
<BR><BR>[Called By]<UL><LI><a href="#[17]">&gt;&gt;</a>&nbsp;&nbsp;&nbsp;isspace
<LI><a href="#[57]">&gt;&gt;</a>&nbsp;&nbsp;&nbsp;strtol
</UL>

<P><STRONG><a name="[17]"></a>isspace</STRONG> (Thumb, 18 bytes, Stack size 8 bytes, isspace_o.o(.text))
<BR><BR>[Stack]<UL><LI>Max Depth = 8<LI>Call Chain = isspace
</UL>
<BR>[Calls]<UL><LI><a href="#[5c]">&gt;&gt;</a>&nbsp;&nbsp;&nbsp;__rt_ctype_table
</UL>
<BR>[Address Reference Count : 1]<UL><LI> scanf_char.o(.text)
</UL>
<P><STRONG><a name="[5b]"></a>__vfscanf</STRONG> (Thumb, 808 bytes, Stack size 88 bytes, _scanf.o(.text))
<BR><BR>[Stack]<UL><LI>Max Depth = 144<LI>Call Chain = __vfscanf &rArr; _scanf_int
</UL>
<BR>[Calls]<UL><LI><a href="#[53]">&gt;&gt;</a>&nbsp;&nbsp;&nbsp;_scanf_int
</UL>
<BR>[Called By]<UL><LI><a href="#[52]">&gt;&gt;</a>&nbsp;&nbsp;&nbsp;__vfscanf_char
</UL>

<P><STRONG><a name="[5d]"></a>_strtoul</STRONG> (Thumb, 158 bytes, Stack size 40 bytes, _strtoul.o(.text))
<BR><BR>[Stack]<UL><LI>Max Depth = 40<LI>Call Chain = _strtoul
</UL>
<BR>[Calls]<UL><LI><a href="#[54]">&gt;&gt;</a>&nbsp;&nbsp;&nbsp;_chval
<LI><a href="#[56]">&gt;&gt;</a>&nbsp;&nbsp;&nbsp;__aeabi_errno_addr
</UL>
<BR>[Called By]<UL><LI><a href="#[57]">&gt;&gt;</a>&nbsp;&nbsp;&nbsp;strtol
</UL>

<P><STRONG><a name="[5e]"></a>AS608_AddFR</STRONG> (Thumb, 102 bytes, Stack size 8 bytes, as608pro.o(.text.AS608_AddFR))
<BR><BR>[Stack]<UL><LI>Max Depth = 92<LI>Call Chain = AS608_AddFR &rArr; PS_StoreChar &rArr; JudgeStr &rArr; strstr
</UL>
<BR>[Calls]<UL><LI><a href="#[64]">&gt;&gt;</a>&nbsp;&nbsp;&nbsp;PS_StoreChar
<LI><a href="#[63]">&gt;&gt;</a>&nbsp;&nbsp;&nbsp;PS_ValidTempleteNum
<LI><a href="#[62]">&gt;&gt;</a>&nbsp;&nbsp;&nbsp;PS_RegModel
<LI><a href="#[61]">&gt;&gt;</a>&nbsp;&nbsp;&nbsp;PS_Match
<LI><a href="#[60]">&gt;&gt;</a>&nbsp;&nbsp;&nbsp;PS_GenChar
<LI><a href="#[5f]">&gt;&gt;</a>&nbsp;&nbsp;&nbsp;PS_GetImage
</UL>
<BR>[Called By]<UL><LI><a href="#[76]">&gt;&gt;</a>&nbsp;&nbsp;&nbsp;finger_addtion
</UL>

<P><STRONG><a name="[65]"></a>AS608_Check</STRONG> (Thumb, 172 bytes, Stack size 24 bytes, as608pro.o(.text.AS608_Check))
<BR><BR>[Stack]<UL><LI>Max Depth = 92<LI>Call Chain = AS608_Check &rArr; PS_ReadSysPara &rArr; JudgeStr &rArr; strstr
</UL>
<BR>[Calls]<UL><LI><a href="#[6a]">&gt;&gt;</a>&nbsp;&nbsp;&nbsp;PS_ReadSysPara
<LI><a href="#[66]">&gt;&gt;</a>&nbsp;&nbsp;&nbsp;PS_HandShake
<LI><a href="#[63]">&gt;&gt;</a>&nbsp;&nbsp;&nbsp;PS_ValidTempleteNum
<LI><a href="#[68]">&gt;&gt;</a>&nbsp;&nbsp;&nbsp;R_BSP_SoftwareDelay
<LI><a href="#[67]">&gt;&gt;</a>&nbsp;&nbsp;&nbsp;__2printf
<LI><a href="#[69]">&gt;&gt;</a>&nbsp;&nbsp;&nbsp;puts
</UL>
<BR>[Called By]<UL><LI><a href="#[6f]">&gt;&gt;</a>&nbsp;&nbsp;&nbsp;AS608_Init
</UL>

<P><STRONG><a name="[6b]"></a>AS608_DeleteFR</STRONG> (Thumb, 30 bytes, Stack size 8 bytes, as608pro.o(.text.AS608_DeleteFR))
<BR><BR>[Stack]<UL><LI>Max Depth = 92<LI>Call Chain = AS608_DeleteFR &rArr; PS_DeletChar &rArr; JudgeStr &rArr; strstr
</UL>
<BR>[Calls]<UL><LI><a href="#[6d]">&gt;&gt;</a>&nbsp;&nbsp;&nbsp;PS_Empty
<LI><a href="#[6c]">&gt;&gt;</a>&nbsp;&nbsp;&nbsp;PS_DeletChar
</UL>
<BR>[Called By]<UL><LI><a href="#[72]">&gt;&gt;</a>&nbsp;&nbsp;&nbsp;HIM_connection
</UL>

<P><STRONG><a name="[6e]"></a>AS608_GetFRNumber</STRONG> (Thumb, 20 bytes, Stack size 8 bytes, as608pro.o(.text.AS608_GetFRNumber))
<BR><BR>[Stack]<UL><LI>Max Depth = 76<LI>Call Chain = AS608_GetFRNumber &rArr; PS_ValidTempleteNum &rArr; JudgeStr &rArr; strstr
</UL>
<BR>[Calls]<UL><LI><a href="#[63]">&gt;&gt;</a>&nbsp;&nbsp;&nbsp;PS_ValidTempleteNum
</UL>
<BR>[Called By]<UL><LI><a href="#[88]">&gt;&gt;</a>&nbsp;&nbsp;&nbsp;PN532_connect
<LI><a href="#[72]">&gt;&gt;</a>&nbsp;&nbsp;&nbsp;HIM_connection
</UL>

<P><STRONG><a name="[6f]"></a>AS608_Init</STRONG> (Thumb, 38 bytes, Stack size 8 bytes, as608pro.o(.text.AS608_Init))
<BR><BR>[Stack]<UL><LI>Max Depth = 100<LI>Call Chain = AS608_Init &rArr; AS608_Check &rArr; PS_ReadSysPara &rArr; JudgeStr &rArr; strstr
</UL>
<BR>[Calls]<UL><LI><a href="#[65]">&gt;&gt;</a>&nbsp;&nbsp;&nbsp;AS608_Check
<LI><a href="#[68]">&gt;&gt;</a>&nbsp;&nbsp;&nbsp;R_BSP_SoftwareDelay
</UL>
<BR>[Called By]<UL><LI><a href="#[a7]">&gt;&gt;</a>&nbsp;&nbsp;&nbsp;hal_entry
</UL>

<P><STRONG><a name="[70]"></a>AS608_PressFR</STRONG> (Thumb, 110 bytes, Stack size 24 bytes, as608pro.o(.text.AS608_PressFR))
<BR><BR>[Stack]<UL><LI>Max Depth = 116<LI>Call Chain = AS608_PressFR &rArr; PS_HighSpeedSearch &rArr; JudgeStr &rArr; strstr
</UL>
<BR>[Calls]<UL><LI><a href="#[71]">&gt;&gt;</a>&nbsp;&nbsp;&nbsp;PS_HighSpeedSearch
<LI><a href="#[60]">&gt;&gt;</a>&nbsp;&nbsp;&nbsp;PS_GenChar
<LI><a href="#[5f]">&gt;&gt;</a>&nbsp;&nbsp;&nbsp;PS_GetImage
</UL>
<BR>[Called By]<UL><LI><a href="#[a6]">&gt;&gt;</a>&nbsp;&nbsp;&nbsp;finger_search
</UL>

<P><STRONG><a name="[4]"></a>BusFault_Handler</STRONG> (Thumb, 4 bytes, Stack size 0 bytes, startup.o(.text.Default_Handler))
<BR>[Address Reference Count : 1]<UL><LI> startup.o(.fixed_vectors)
</UL>
<P><STRONG><a name="[8]"></a>DebugMon_Handler</STRONG> (Thumb, 4 bytes, Stack size 0 bytes, startup.o(.text.Default_Handler))
<BR>[Address Reference Count : 1]<UL><LI> startup.o(.fixed_vectors)
</UL>
<P><STRONG><a name="[c8]"></a>Default_Handler</STRONG> (Thumb, 4 bytes, Stack size 0 bytes, startup.o(.text.Default_Handler), UNUSED)

<P><STRONG><a name="[2]"></a>HardFault_Handler</STRONG> (Thumb, 4 bytes, Stack size 0 bytes, startup.o(.text.Default_Handler))
<BR>[Address Reference Count : 1]<UL><LI> startup.o(.fixed_vectors)
</UL>
<P><STRONG><a name="[3]"></a>MemManage_Handler</STRONG> (Thumb, 4 bytes, Stack size 0 bytes, startup.o(.text.Default_Handler))
<BR>[Address Reference Count : 1]<UL><LI> startup.o(.fixed_vectors)
</UL>
<P><STRONG><a name="[9]"></a>PendSV_Handler</STRONG> (Thumb, 4 bytes, Stack size 0 bytes, startup.o(.text.Default_Handler))
<BR>[Address Reference Count : 1]<UL><LI> startup.o(.fixed_vectors)
</UL>
<P><STRONG><a name="[7]"></a>SVC_Handler</STRONG> (Thumb, 4 bytes, Stack size 0 bytes, startup.o(.text.Default_Handler))
<BR>[Address Reference Count : 1]<UL><LI> startup.o(.fixed_vectors)
</UL>
<P><STRONG><a name="[6]"></a>SecureFault_Handler</STRONG> (Thumb, 4 bytes, Stack size 0 bytes, startup.o(.text.Default_Handler))
<BR>[Address Reference Count : 1]<UL><LI> startup.o(.fixed_vectors)
</UL>
<P><STRONG><a name="[a]"></a>SysTick_Handler</STRONG> (Thumb, 4 bytes, Stack size 0 bytes, startup.o(.text.Default_Handler))
<BR>[Address Reference Count : 1]<UL><LI> startup.o(.fixed_vectors)
</UL>
<P><STRONG><a name="[5]"></a>UsageFault_Handler</STRONG> (Thumb, 4 bytes, Stack size 0 bytes, startup.o(.text.Default_Handler))
<BR>[Address Reference Count : 1]<UL><LI> startup.o(.fixed_vectors)
</UL>
<P><STRONG><a name="[72]"></a>HIM_connection</STRONG> (Thumb, 1120 bytes, Stack size 40 bytes, tjc_usart_hmi.o(.text.HIM_connection))
<BR><BR>[Stack]<UL><LI>Max Depth = 224<LI>Call Chain = HIM_connection &rArr; send_wifi_to_esp32 &rArr; __2snprintf
</UL>
<BR>[Calls]<UL><LI><a href="#[78]">&gt;&gt;</a>&nbsp;&nbsp;&nbsp;uart8_send_value
<LI><a href="#[74]">&gt;&gt;</a>&nbsp;&nbsp;&nbsp;send_wifi_to_esp32
<LI><a href="#[2b]">&gt;&gt;</a>&nbsp;&nbsp;&nbsp;R_IOPORT_PinWrite
<LI><a href="#[6e]">&gt;&gt;</a>&nbsp;&nbsp;&nbsp;AS608_GetFRNumber
<LI><a href="#[6b]">&gt;&gt;</a>&nbsp;&nbsp;&nbsp;AS608_DeleteFR
<LI><a href="#[75]">&gt;&gt;</a>&nbsp;&nbsp;&nbsp;tjc_send_string
<LI><a href="#[76]">&gt;&gt;</a>&nbsp;&nbsp;&nbsp;finger_addtion
<LI><a href="#[68]">&gt;&gt;</a>&nbsp;&nbsp;&nbsp;R_BSP_SoftwareDelay
<LI><a href="#[77]">&gt;&gt;</a>&nbsp;&nbsp;&nbsp;__2sprintf
<LI><a href="#[67]">&gt;&gt;</a>&nbsp;&nbsp;&nbsp;__2printf
<LI><a href="#[73]">&gt;&gt;</a>&nbsp;&nbsp;&nbsp;__aeabi_memclr4
<LI><a href="#[69]">&gt;&gt;</a>&nbsp;&nbsp;&nbsp;puts
</UL>
<BR>[Called By]<UL><LI><a href="#[a7]">&gt;&gt;</a>&nbsp;&nbsp;&nbsp;hal_entry
</UL>

<P><STRONG><a name="[1]"></a>NMI_Handler</STRONG> (Thumb, 68 bytes, Stack size 24 bytes, bsp_group_irq.o(.text.NMI_Handler))
<BR><BR>[Stack]<UL><LI>Max Depth = 24<LI>Call Chain = NMI_Handler
</UL>
<BR>[Address Reference Count : 1]<UL><LI> startup.o(.fixed_vectors)
</UL>
<P><STRONG><a name="[7b]"></a>PN532_GetFirmVersion</STRONG> (Thumb, 120 bytes, Stack size 16 bytes, pn532.o(.text.PN532_GetFirmVersion))
<BR><BR>[Stack]<UL><LI>Max Depth = 120<LI>Call Chain = PN532_GetFirmVersion &rArr; PN532_recv_data &rArr; PN532_recv &rArr; PN532_WaitReady &rArr; PN532_I2C_Receive
</UL>
<BR>[Calls]<UL><LI><a href="#[7e]">&gt;&gt;</a>&nbsp;&nbsp;&nbsp;PN532_recv_data
<LI><a href="#[7d]">&gt;&gt;</a>&nbsp;&nbsp;&nbsp;PN532_recv_ack
<LI><a href="#[7c]">&gt;&gt;</a>&nbsp;&nbsp;&nbsp;PN532_send_data
</UL>
<BR>[Called By]<UL><LI><a href="#[81]">&gt;&gt;</a>&nbsp;&nbsp;&nbsp;PN532_INIT
</UL>

<P><STRONG><a name="[87]"></a>PN532_GetTick</STRONG> (Thumb, 12 bytes, Stack size 0 bytes, pn532_hal.o(.text.PN532_GetTick))
<BR><BR>[Called By]<UL><LI><a href="#[86]">&gt;&gt;</a>&nbsp;&nbsp;&nbsp;PN532_WaitReady
</UL>

<P><STRONG><a name="[7f]"></a>PN532_I2C_Receive</STRONG> (Thumb, 182 bytes, Stack size 40 bytes, pn532_hal.o(.text.PN532_I2C_Receive))
<BR><BR>[Stack]<UL><LI>Max Depth = 40<LI>Call Chain = PN532_I2C_Receive
</UL>
<BR>[Calls]<UL><LI><a href="#[68]">&gt;&gt;</a>&nbsp;&nbsp;&nbsp;R_BSP_SoftwareDelay
</UL>
<BR>[Called By]<UL><LI><a href="#[8d]">&gt;&gt;</a>&nbsp;&nbsp;&nbsp;PN532_recv
<LI><a href="#[86]">&gt;&gt;</a>&nbsp;&nbsp;&nbsp;PN532_WaitReady
</UL>

<P><STRONG><a name="[80]"></a>PN532_I2C_Transmit</STRONG> (Thumb, 174 bytes, Stack size 40 bytes, pn532_hal.o(.text.PN532_I2C_Transmit))
<BR><BR>[Stack]<UL><LI>Max Depth = 40<LI>Call Chain = PN532_I2C_Transmit
</UL>
<BR>[Calls]<UL><LI><a href="#[68]">&gt;&gt;</a>&nbsp;&nbsp;&nbsp;R_BSP_SoftwareDelay
</UL>
<BR>[Called By]<UL><LI><a href="#[7c]">&gt;&gt;</a>&nbsp;&nbsp;&nbsp;PN532_send_data
</UL>

<P><STRONG><a name="[81]"></a>PN532_INIT</STRONG> (Thumb, 72 bytes, Stack size 8 bytes, pn532.o(.text.PN532_INIT))
<BR><BR>[Stack]<UL><LI>Max Depth = 128<LI>Call Chain = PN532_INIT &rArr; PN532_SetSamConfig &rArr; PN532_recv_data &rArr; PN532_recv &rArr; PN532_WaitReady &rArr; PN532_I2C_Receive
</UL>
<BR>[Calls]<UL><LI><a href="#[83]">&gt;&gt;</a>&nbsp;&nbsp;&nbsp;PN532_SetSamConfig
<LI><a href="#[7b]">&gt;&gt;</a>&nbsp;&nbsp;&nbsp;PN532_GetFirmVersion
<LI><a href="#[82]">&gt;&gt;</a>&nbsp;&nbsp;&nbsp;PN532_Init_Hardware
<LI><a href="#[68]">&gt;&gt;</a>&nbsp;&nbsp;&nbsp;R_BSP_SoftwareDelay
<LI><a href="#[69]">&gt;&gt;</a>&nbsp;&nbsp;&nbsp;puts
</UL>
<BR>[Called By]<UL><LI><a href="#[a7]">&gt;&gt;</a>&nbsp;&nbsp;&nbsp;hal_entry
</UL>

<P><STRONG><a name="[82]"></a>PN532_Init_Hardware</STRONG> (Thumb, 38 bytes, Stack size 8 bytes, pn532_hal.o(.text.PN532_Init_Hardware))
<BR><BR>[Stack]<UL><LI>Max Depth = 8<LI>Call Chain = PN532_Init_Hardware
</UL>
<BR>[Calls]<UL><LI><a href="#[68]">&gt;&gt;</a>&nbsp;&nbsp;&nbsp;R_BSP_SoftwareDelay
</UL>
<BR>[Called By]<UL><LI><a href="#[81]">&gt;&gt;</a>&nbsp;&nbsp;&nbsp;PN532_INIT
</UL>

<P><STRONG><a name="[84]"></a>PN532_ReadPassTarget</STRONG> (Thumb, 162 bytes, Stack size 24 bytes, pn532.o(.text.PN532_ReadPassTarget))
<BR><BR>[Stack]<UL><LI>Max Depth = 128<LI>Call Chain = PN532_ReadPassTarget &rArr; PN532_recv_data &rArr; PN532_recv &rArr; PN532_WaitReady &rArr; PN532_I2C_Receive
</UL>
<BR>[Calls]<UL><LI><a href="#[7e]">&gt;&gt;</a>&nbsp;&nbsp;&nbsp;PN532_recv_data
<LI><a href="#[7d]">&gt;&gt;</a>&nbsp;&nbsp;&nbsp;PN532_recv_ack
<LI><a href="#[7c]">&gt;&gt;</a>&nbsp;&nbsp;&nbsp;PN532_send_data
<LI><a href="#[85]">&gt;&gt;</a>&nbsp;&nbsp;&nbsp;__aeabi_memcpy
</UL>
<BR>[Called By]<UL><LI><a href="#[88]">&gt;&gt;</a>&nbsp;&nbsp;&nbsp;PN532_connect
</UL>

<P><STRONG><a name="[83]"></a>PN532_SetSamConfig</STRONG> (Thumb, 122 bytes, Stack size 16 bytes, pn532.o(.text.PN532_SetSamConfig))
<BR><BR>[Stack]<UL><LI>Max Depth = 120<LI>Call Chain = PN532_SetSamConfig &rArr; PN532_recv_data &rArr; PN532_recv &rArr; PN532_WaitReady &rArr; PN532_I2C_Receive
</UL>
<BR>[Calls]<UL><LI><a href="#[7e]">&gt;&gt;</a>&nbsp;&nbsp;&nbsp;PN532_recv_data
<LI><a href="#[7d]">&gt;&gt;</a>&nbsp;&nbsp;&nbsp;PN532_recv_ack
<LI><a href="#[7c]">&gt;&gt;</a>&nbsp;&nbsp;&nbsp;PN532_send_data
</UL>
<BR>[Called By]<UL><LI><a href="#[81]">&gt;&gt;</a>&nbsp;&nbsp;&nbsp;PN532_INIT
</UL>

<P><STRONG><a name="[86]"></a>PN532_WaitReady</STRONG> (Thumb, 114 bytes, Stack size 32 bytes, pn532.o(.text.PN532_WaitReady))
<BR><BR>[Stack]<UL><LI>Max Depth = 72<LI>Call Chain = PN532_WaitReady &rArr; PN532_I2C_Receive
</UL>
<BR>[Calls]<UL><LI><a href="#[7f]">&gt;&gt;</a>&nbsp;&nbsp;&nbsp;PN532_I2C_Receive
<LI><a href="#[87]">&gt;&gt;</a>&nbsp;&nbsp;&nbsp;PN532_GetTick
<LI><a href="#[68]">&gt;&gt;</a>&nbsp;&nbsp;&nbsp;R_BSP_SoftwareDelay
</UL>
<BR>[Called By]<UL><LI><a href="#[8d]">&gt;&gt;</a>&nbsp;&nbsp;&nbsp;PN532_recv
</UL>

<P><STRONG><a name="[88]"></a>PN532_connect</STRONG> (Thumb, 416 bytes, Stack size 24 bytes, pn532.o(.text.PN532_connect))
<BR><BR>[Stack]<UL><LI>Max Depth = 152<LI>Call Chain = PN532_connect &rArr; PN532_ReadPassTarget &rArr; PN532_recv_data &rArr; PN532_recv &rArr; PN532_WaitReady &rArr; PN532_I2C_Receive
</UL>
<BR>[Calls]<UL><LI><a href="#[84]">&gt;&gt;</a>&nbsp;&nbsp;&nbsp;PN532_ReadPassTarget
<LI><a href="#[6e]">&gt;&gt;</a>&nbsp;&nbsp;&nbsp;AS608_GetFRNumber
<LI><a href="#[8c]">&gt;&gt;</a>&nbsp;&nbsp;&nbsp;dakai_clock_display
<LI><a href="#[8b]">&gt;&gt;</a>&nbsp;&nbsp;&nbsp;uart9_send_value
<LI><a href="#[8a]">&gt;&gt;</a>&nbsp;&nbsp;&nbsp;uart2_send_value
<LI><a href="#[75]">&gt;&gt;</a>&nbsp;&nbsp;&nbsp;tjc_send_string
<LI><a href="#[68]">&gt;&gt;</a>&nbsp;&nbsp;&nbsp;R_BSP_SoftwareDelay
<LI><a href="#[77]">&gt;&gt;</a>&nbsp;&nbsp;&nbsp;__2sprintf
<LI><a href="#[67]">&gt;&gt;</a>&nbsp;&nbsp;&nbsp;__2printf
<LI><a href="#[89]">&gt;&gt;</a>&nbsp;&nbsp;&nbsp;memcmp
<LI><a href="#[69]">&gt;&gt;</a>&nbsp;&nbsp;&nbsp;puts
</UL>
<BR>[Called By]<UL><LI><a href="#[a7]">&gt;&gt;</a>&nbsp;&nbsp;&nbsp;hal_entry
</UL>

<P><STRONG><a name="[8e]"></a>PN532_parse_frame</STRONG> (Thumb, 94 bytes, Stack size 8 bytes, pn532.o(.text.PN532_parse_frame))
<BR><BR>[Stack]<UL><LI>Max Depth = 8<LI>Call Chain = PN532_parse_frame
</UL>
<BR>[Called By]<UL><LI><a href="#[7e]">&gt;&gt;</a>&nbsp;&nbsp;&nbsp;PN532_recv_data
</UL>

<P><STRONG><a name="[8d]"></a>PN532_recv</STRONG> (Thumb, 36 bytes, Stack size 16 bytes, pn532.o(.text.PN532_recv))
<BR><BR>[Stack]<UL><LI>Max Depth = 88<LI>Call Chain = PN532_recv &rArr; PN532_WaitReady &rArr; PN532_I2C_Receive
</UL>
<BR>[Calls]<UL><LI><a href="#[7f]">&gt;&gt;</a>&nbsp;&nbsp;&nbsp;PN532_I2C_Receive
<LI><a href="#[86]">&gt;&gt;</a>&nbsp;&nbsp;&nbsp;PN532_WaitReady
</UL>
<BR>[Called By]<UL><LI><a href="#[7e]">&gt;&gt;</a>&nbsp;&nbsp;&nbsp;PN532_recv_data
<LI><a href="#[7d]">&gt;&gt;</a>&nbsp;&nbsp;&nbsp;PN532_recv_ack
</UL>

<P><STRONG><a name="[7d]"></a>PN532_recv_ack</STRONG> (Thumb, 66 bytes, Stack size 8 bytes, pn532.o(.text.PN532_recv_ack))
<BR><BR>[Stack]<UL><LI>Max Depth = 96<LI>Call Chain = PN532_recv_ack &rArr; PN532_recv &rArr; PN532_WaitReady &rArr; PN532_I2C_Receive
</UL>
<BR>[Calls]<UL><LI><a href="#[8d]">&gt;&gt;</a>&nbsp;&nbsp;&nbsp;PN532_recv
<LI><a href="#[89]">&gt;&gt;</a>&nbsp;&nbsp;&nbsp;memcmp
<LI><a href="#[73]">&gt;&gt;</a>&nbsp;&nbsp;&nbsp;__aeabi_memclr4
</UL>
<BR>[Called By]<UL><LI><a href="#[84]">&gt;&gt;</a>&nbsp;&nbsp;&nbsp;PN532_ReadPassTarget
<LI><a href="#[83]">&gt;&gt;</a>&nbsp;&nbsp;&nbsp;PN532_SetSamConfig
<LI><a href="#[7b]">&gt;&gt;</a>&nbsp;&nbsp;&nbsp;PN532_GetFirmVersion
</UL>

<P><STRONG><a name="[7e]"></a>PN532_recv_data</STRONG> (Thumb, 48 bytes, Stack size 16 bytes, pn532.o(.text.PN532_recv_data))
<BR><BR>[Stack]<UL><LI>Max Depth = 104<LI>Call Chain = PN532_recv_data &rArr; PN532_recv &rArr; PN532_WaitReady &rArr; PN532_I2C_Receive
</UL>
<BR>[Calls]<UL><LI><a href="#[8e]">&gt;&gt;</a>&nbsp;&nbsp;&nbsp;PN532_parse_frame
<LI><a href="#[8d]">&gt;&gt;</a>&nbsp;&nbsp;&nbsp;PN532_recv
</UL>
<BR>[Called By]<UL><LI><a href="#[84]">&gt;&gt;</a>&nbsp;&nbsp;&nbsp;PN532_ReadPassTarget
<LI><a href="#[83]">&gt;&gt;</a>&nbsp;&nbsp;&nbsp;PN532_SetSamConfig
<LI><a href="#[7b]">&gt;&gt;</a>&nbsp;&nbsp;&nbsp;PN532_GetFirmVersion
</UL>

<P><STRONG><a name="[7c]"></a>PN532_send_data</STRONG> (Thumb, 90 bytes, Stack size 16 bytes, pn532.o(.text.PN532_send_data))
<BR><BR>[Stack]<UL><LI>Max Depth = 56<LI>Call Chain = PN532_send_data &rArr; PN532_I2C_Transmit
</UL>
<BR>[Calls]<UL><LI><a href="#[80]">&gt;&gt;</a>&nbsp;&nbsp;&nbsp;PN532_I2C_Transmit
<LI><a href="#[85]">&gt;&gt;</a>&nbsp;&nbsp;&nbsp;__aeabi_memcpy
</UL>
<BR>[Called By]<UL><LI><a href="#[84]">&gt;&gt;</a>&nbsp;&nbsp;&nbsp;PN532_ReadPassTarget
<LI><a href="#[83]">&gt;&gt;</a>&nbsp;&nbsp;&nbsp;PN532_SetSamConfig
<LI><a href="#[7b]">&gt;&gt;</a>&nbsp;&nbsp;&nbsp;PN532_GetFirmVersion
</UL>

<P><STRONG><a name="[6c]"></a>PS_DeletChar</STRONG> (Thumb, 256 bytes, Stack size 40 bytes, as608pro.o(.text.PS_DeletChar))
<BR><BR>[Stack]<UL><LI>Max Depth = 84<LI>Call Chain = PS_DeletChar &rArr; JudgeStr &rArr; strstr
</UL>
<BR>[Calls]<UL><LI><a href="#[8f]">&gt;&gt;</a>&nbsp;&nbsp;&nbsp;SendHead
<LI><a href="#[79]">&gt;&gt;</a>&nbsp;&nbsp;&nbsp;JudgeStr
<LI><a href="#[92]">&gt;&gt;</a>&nbsp;&nbsp;&nbsp;SendCheck
<LI><a href="#[91]">&gt;&gt;</a>&nbsp;&nbsp;&nbsp;SendLength
<LI><a href="#[90]">&gt;&gt;</a>&nbsp;&nbsp;&nbsp;SendAddr
</UL>
<BR>[Called By]<UL><LI><a href="#[6b]">&gt;&gt;</a>&nbsp;&nbsp;&nbsp;AS608_DeleteFR
</UL>

<P><STRONG><a name="[6d]"></a>PS_Empty</STRONG> (Thumb, 124 bytes, Stack size 24 bytes, as608pro.o(.text.PS_Empty))
<BR><BR>[Stack]<UL><LI>Max Depth = 68<LI>Call Chain = PS_Empty &rArr; JudgeStr &rArr; strstr
</UL>
<BR>[Calls]<UL><LI><a href="#[8f]">&gt;&gt;</a>&nbsp;&nbsp;&nbsp;SendHead
<LI><a href="#[79]">&gt;&gt;</a>&nbsp;&nbsp;&nbsp;JudgeStr
<LI><a href="#[92]">&gt;&gt;</a>&nbsp;&nbsp;&nbsp;SendCheck
<LI><a href="#[91]">&gt;&gt;</a>&nbsp;&nbsp;&nbsp;SendLength
<LI><a href="#[90]">&gt;&gt;</a>&nbsp;&nbsp;&nbsp;SendAddr
</UL>
<BR>[Called By]<UL><LI><a href="#[6b]">&gt;&gt;</a>&nbsp;&nbsp;&nbsp;AS608_DeleteFR
</UL>

<P><STRONG><a name="[60]"></a>PS_GenChar</STRONG> (Thumb, 152 bytes, Stack size 24 bytes, as608pro.o(.text.PS_GenChar))
<BR><BR>[Stack]<UL><LI>Max Depth = 68<LI>Call Chain = PS_GenChar &rArr; JudgeStr &rArr; strstr
</UL>
<BR>[Calls]<UL><LI><a href="#[8f]">&gt;&gt;</a>&nbsp;&nbsp;&nbsp;SendHead
<LI><a href="#[79]">&gt;&gt;</a>&nbsp;&nbsp;&nbsp;JudgeStr
<LI><a href="#[92]">&gt;&gt;</a>&nbsp;&nbsp;&nbsp;SendCheck
<LI><a href="#[91]">&gt;&gt;</a>&nbsp;&nbsp;&nbsp;SendLength
<LI><a href="#[90]">&gt;&gt;</a>&nbsp;&nbsp;&nbsp;SendAddr
</UL>
<BR>[Called By]<UL><LI><a href="#[70]">&gt;&gt;</a>&nbsp;&nbsp;&nbsp;AS608_PressFR
<LI><a href="#[5e]">&gt;&gt;</a>&nbsp;&nbsp;&nbsp;AS608_AddFR
</UL>

<P><STRONG><a name="[5f]"></a>PS_GetImage</STRONG> (Thumb, 124 bytes, Stack size 24 bytes, as608pro.o(.text.PS_GetImage))
<BR><BR>[Stack]<UL><LI>Max Depth = 68<LI>Call Chain = PS_GetImage &rArr; JudgeStr &rArr; strstr
</UL>
<BR>[Calls]<UL><LI><a href="#[8f]">&gt;&gt;</a>&nbsp;&nbsp;&nbsp;SendHead
<LI><a href="#[79]">&gt;&gt;</a>&nbsp;&nbsp;&nbsp;JudgeStr
<LI><a href="#[92]">&gt;&gt;</a>&nbsp;&nbsp;&nbsp;SendCheck
<LI><a href="#[91]">&gt;&gt;</a>&nbsp;&nbsp;&nbsp;SendLength
<LI><a href="#[90]">&gt;&gt;</a>&nbsp;&nbsp;&nbsp;SendAddr
</UL>
<BR>[Called By]<UL><LI><a href="#[70]">&gt;&gt;</a>&nbsp;&nbsp;&nbsp;AS608_PressFR
<LI><a href="#[5e]">&gt;&gt;</a>&nbsp;&nbsp;&nbsp;AS608_AddFR
</UL>

<P><STRONG><a name="[66]"></a>PS_HandShake</STRONG> (Thumb, 198 bytes, Stack size 24 bytes, as608pro.o(.text.PS_HandShake))
<BR><BR>[Stack]<UL><LI>Max Depth = 48<LI>Call Chain = PS_HandShake &rArr; SendHead
</UL>
<BR>[Calls]<UL><LI><a href="#[8f]">&gt;&gt;</a>&nbsp;&nbsp;&nbsp;SendHead
<LI><a href="#[90]">&gt;&gt;</a>&nbsp;&nbsp;&nbsp;SendAddr
<LI><a href="#[68]">&gt;&gt;</a>&nbsp;&nbsp;&nbsp;R_BSP_SoftwareDelay
</UL>
<BR>[Called By]<UL><LI><a href="#[65]">&gt;&gt;</a>&nbsp;&nbsp;&nbsp;AS608_Check
</UL>

<P><STRONG><a name="[71]"></a>PS_HighSpeedSearch</STRONG> (Thumb, 312 bytes, Stack size 48 bytes, as608pro.o(.text.PS_HighSpeedSearch))
<BR><BR>[Stack]<UL><LI>Max Depth = 92<LI>Call Chain = PS_HighSpeedSearch &rArr; JudgeStr &rArr; strstr
</UL>
<BR>[Calls]<UL><LI><a href="#[8f]">&gt;&gt;</a>&nbsp;&nbsp;&nbsp;SendHead
<LI><a href="#[79]">&gt;&gt;</a>&nbsp;&nbsp;&nbsp;JudgeStr
<LI><a href="#[92]">&gt;&gt;</a>&nbsp;&nbsp;&nbsp;SendCheck
<LI><a href="#[91]">&gt;&gt;</a>&nbsp;&nbsp;&nbsp;SendLength
<LI><a href="#[90]">&gt;&gt;</a>&nbsp;&nbsp;&nbsp;SendAddr
</UL>
<BR>[Called By]<UL><LI><a href="#[70]">&gt;&gt;</a>&nbsp;&nbsp;&nbsp;AS608_PressFR
</UL>

<P><STRONG><a name="[61]"></a>PS_Match</STRONG> (Thumb, 124 bytes, Stack size 24 bytes, as608pro.o(.text.PS_Match))
<BR><BR>[Stack]<UL><LI>Max Depth = 68<LI>Call Chain = PS_Match &rArr; JudgeStr &rArr; strstr
</UL>
<BR>[Calls]<UL><LI><a href="#[8f]">&gt;&gt;</a>&nbsp;&nbsp;&nbsp;SendHead
<LI><a href="#[79]">&gt;&gt;</a>&nbsp;&nbsp;&nbsp;JudgeStr
<LI><a href="#[92]">&gt;&gt;</a>&nbsp;&nbsp;&nbsp;SendCheck
<LI><a href="#[91]">&gt;&gt;</a>&nbsp;&nbsp;&nbsp;SendLength
<LI><a href="#[90]">&gt;&gt;</a>&nbsp;&nbsp;&nbsp;SendAddr
</UL>
<BR>[Called By]<UL><LI><a href="#[5e]">&gt;&gt;</a>&nbsp;&nbsp;&nbsp;AS608_AddFR
</UL>

<P><STRONG><a name="[6a]"></a>PS_ReadSysPara</STRONG> (Thumb, 154 bytes, Stack size 24 bytes, as608pro.o(.text.PS_ReadSysPara))
<BR><BR>[Stack]<UL><LI>Max Depth = 68<LI>Call Chain = PS_ReadSysPara &rArr; JudgeStr &rArr; strstr
</UL>
<BR>[Calls]<UL><LI><a href="#[8f]">&gt;&gt;</a>&nbsp;&nbsp;&nbsp;SendHead
<LI><a href="#[79]">&gt;&gt;</a>&nbsp;&nbsp;&nbsp;JudgeStr
<LI><a href="#[92]">&gt;&gt;</a>&nbsp;&nbsp;&nbsp;SendCheck
<LI><a href="#[91]">&gt;&gt;</a>&nbsp;&nbsp;&nbsp;SendLength
<LI><a href="#[90]">&gt;&gt;</a>&nbsp;&nbsp;&nbsp;SendAddr
</UL>
<BR>[Called By]<UL><LI><a href="#[65]">&gt;&gt;</a>&nbsp;&nbsp;&nbsp;AS608_Check
</UL>

<P><STRONG><a name="[62]"></a>PS_RegModel</STRONG> (Thumb, 124 bytes, Stack size 24 bytes, as608pro.o(.text.PS_RegModel))
<BR><BR>[Stack]<UL><LI>Max Depth = 68<LI>Call Chain = PS_RegModel &rArr; JudgeStr &rArr; strstr
</UL>
<BR>[Calls]<UL><LI><a href="#[8f]">&gt;&gt;</a>&nbsp;&nbsp;&nbsp;SendHead
<LI><a href="#[79]">&gt;&gt;</a>&nbsp;&nbsp;&nbsp;JudgeStr
<LI><a href="#[92]">&gt;&gt;</a>&nbsp;&nbsp;&nbsp;SendCheck
<LI><a href="#[91]">&gt;&gt;</a>&nbsp;&nbsp;&nbsp;SendLength
<LI><a href="#[90]">&gt;&gt;</a>&nbsp;&nbsp;&nbsp;SendAddr
</UL>
<BR>[Called By]<UL><LI><a href="#[5e]">&gt;&gt;</a>&nbsp;&nbsp;&nbsp;AS608_AddFR
</UL>

<P><STRONG><a name="[64]"></a>PS_StoreChar</STRONG> (Thumb, 222 bytes, Stack size 40 bytes, as608pro.o(.text.PS_StoreChar))
<BR><BR>[Stack]<UL><LI>Max Depth = 84<LI>Call Chain = PS_StoreChar &rArr; JudgeStr &rArr; strstr
</UL>
<BR>[Calls]<UL><LI><a href="#[8f]">&gt;&gt;</a>&nbsp;&nbsp;&nbsp;SendHead
<LI><a href="#[79]">&gt;&gt;</a>&nbsp;&nbsp;&nbsp;JudgeStr
<LI><a href="#[92]">&gt;&gt;</a>&nbsp;&nbsp;&nbsp;SendCheck
<LI><a href="#[91]">&gt;&gt;</a>&nbsp;&nbsp;&nbsp;SendLength
<LI><a href="#[90]">&gt;&gt;</a>&nbsp;&nbsp;&nbsp;SendAddr
</UL>
<BR>[Called By]<UL><LI><a href="#[5e]">&gt;&gt;</a>&nbsp;&nbsp;&nbsp;AS608_AddFR
</UL>

<P><STRONG><a name="[63]"></a>PS_ValidTempleteNum</STRONG> (Thumb, 130 bytes, Stack size 24 bytes, as608pro.o(.text.PS_ValidTempleteNum))
<BR><BR>[Stack]<UL><LI>Max Depth = 68<LI>Call Chain = PS_ValidTempleteNum &rArr; JudgeStr &rArr; strstr
</UL>
<BR>[Calls]<UL><LI><a href="#[8f]">&gt;&gt;</a>&nbsp;&nbsp;&nbsp;SendHead
<LI><a href="#[79]">&gt;&gt;</a>&nbsp;&nbsp;&nbsp;JudgeStr
<LI><a href="#[92]">&gt;&gt;</a>&nbsp;&nbsp;&nbsp;SendCheck
<LI><a href="#[91]">&gt;&gt;</a>&nbsp;&nbsp;&nbsp;SendLength
<LI><a href="#[90]">&gt;&gt;</a>&nbsp;&nbsp;&nbsp;SendAddr
</UL>
<BR>[Called By]<UL><LI><a href="#[6e]">&gt;&gt;</a>&nbsp;&nbsp;&nbsp;AS608_GetFRNumber
<LI><a href="#[65]">&gt;&gt;</a>&nbsp;&nbsp;&nbsp;AS608_Check
<LI><a href="#[5e]">&gt;&gt;</a>&nbsp;&nbsp;&nbsp;AS608_AddFR
</UL>

<P><STRONG><a name="[93]"></a>R_BSP_Init_RTC</STRONG> (Thumb, 122 bytes, Stack size 16 bytes, bsp_clocks.o(.text.R_BSP_Init_RTC))
<BR><BR>[Stack]<UL><LI>Max Depth = 24<LI>Call Chain = R_BSP_Init_RTC &rArr; R_BSP_RegisterProtectDisable
</UL>
<BR>[Calls]<UL><LI><a href="#[95]">&gt;&gt;</a>&nbsp;&nbsp;&nbsp;R_BSP_RegisterProtectEnable
<LI><a href="#[94]">&gt;&gt;</a>&nbsp;&nbsp;&nbsp;R_BSP_RegisterProtectDisable
<LI><a href="#[68]">&gt;&gt;</a>&nbsp;&nbsp;&nbsp;R_BSP_SoftwareDelay
</UL>
<BR>[Called By]<UL><LI><a href="#[9e]">&gt;&gt;</a>&nbsp;&nbsp;&nbsp;SystemInit
</UL>

<P><STRONG><a name="[94]"></a>R_BSP_RegisterProtectDisable</STRONG> (Thumb, 78 bytes, Stack size 8 bytes, bsp_register_protection.o(.text.R_BSP_RegisterProtectDisable))
<BR><BR>[Stack]<UL><LI>Max Depth = 8<LI>Call Chain = R_BSP_RegisterProtectDisable
</UL>
<BR>[Called By]<UL><LI><a href="#[9d]">&gt;&gt;</a>&nbsp;&nbsp;&nbsp;bsp_vbatt_init
<LI><a href="#[a3]">&gt;&gt;</a>&nbsp;&nbsp;&nbsp;bsp_irq_cfg
<LI><a href="#[93]">&gt;&gt;</a>&nbsp;&nbsp;&nbsp;R_BSP_Init_RTC
<LI><a href="#[9e]">&gt;&gt;</a>&nbsp;&nbsp;&nbsp;SystemInit
</UL>

<P><STRONG><a name="[95]"></a>R_BSP_RegisterProtectEnable</STRONG> (Thumb, 82 bytes, Stack size 0 bytes, bsp_register_protection.o(.text.R_BSP_RegisterProtectEnable))
<BR><BR>[Called By]<UL><LI><a href="#[9d]">&gt;&gt;</a>&nbsp;&nbsp;&nbsp;bsp_vbatt_init
<LI><a href="#[a3]">&gt;&gt;</a>&nbsp;&nbsp;&nbsp;bsp_irq_cfg
<LI><a href="#[93]">&gt;&gt;</a>&nbsp;&nbsp;&nbsp;R_BSP_Init_RTC
<LI><a href="#[9e]">&gt;&gt;</a>&nbsp;&nbsp;&nbsp;SystemInit
</UL>

<P><STRONG><a name="[68]"></a>R_BSP_SoftwareDelay</STRONG> (Thumb, 72 bytes, Stack size 0 bytes, bsp_delay.o(.text.R_BSP_SoftwareDelay))
<BR><BR>[Calls]<UL><LI><a href="#[96]">&gt;&gt;</a>&nbsp;&nbsp;&nbsp;bsp_prv_software_delay_loop
</UL>
<BR>[Called By]<UL><LI><a href="#[9d]">&gt;&gt;</a>&nbsp;&nbsp;&nbsp;bsp_vbatt_init
<LI><a href="#[93]">&gt;&gt;</a>&nbsp;&nbsp;&nbsp;R_BSP_Init_RTC
<LI><a href="#[a0]">&gt;&gt;</a>&nbsp;&nbsp;&nbsp;bsp_clock_init
<LI><a href="#[7f]">&gt;&gt;</a>&nbsp;&nbsp;&nbsp;PN532_I2C_Receive
<LI><a href="#[86]">&gt;&gt;</a>&nbsp;&nbsp;&nbsp;PN532_WaitReady
<LI><a href="#[80]">&gt;&gt;</a>&nbsp;&nbsp;&nbsp;PN532_I2C_Transmit
<LI><a href="#[82]">&gt;&gt;</a>&nbsp;&nbsp;&nbsp;PN532_Init_Hardware
<LI><a href="#[66]">&gt;&gt;</a>&nbsp;&nbsp;&nbsp;PS_HandShake
<LI><a href="#[65]">&gt;&gt;</a>&nbsp;&nbsp;&nbsp;AS608_Check
<LI><a href="#[8c]">&gt;&gt;</a>&nbsp;&nbsp;&nbsp;dakai_clock_display
<LI><a href="#[76]">&gt;&gt;</a>&nbsp;&nbsp;&nbsp;finger_addtion
<LI><a href="#[79]">&gt;&gt;</a>&nbsp;&nbsp;&nbsp;JudgeStr
<LI><a href="#[88]">&gt;&gt;</a>&nbsp;&nbsp;&nbsp;PN532_connect
<LI><a href="#[72]">&gt;&gt;</a>&nbsp;&nbsp;&nbsp;HIM_connection
<LI><a href="#[a6]">&gt;&gt;</a>&nbsp;&nbsp;&nbsp;finger_search
<LI><a href="#[81]">&gt;&gt;</a>&nbsp;&nbsp;&nbsp;PN532_INIT
<LI><a href="#[6f]">&gt;&gt;</a>&nbsp;&nbsp;&nbsp;AS608_Init
<LI><a href="#[a7]">&gt;&gt;</a>&nbsp;&nbsp;&nbsp;hal_entry
</UL>

<P><STRONG><a name="[a5]"></a>R_BSP_SubClockStabilizeWaitAfterReset</STRONG> (Thumb, 2 bytes, Stack size 0 bytes, bsp_clocks.o(.text.R_BSP_SubClockStabilizeWaitAfterReset))
<BR><BR>[Called By]<UL><LI><a href="#[a0]">&gt;&gt;</a>&nbsp;&nbsp;&nbsp;bsp_clock_init
</UL>

<P><STRONG><a name="[97]"></a>R_BSP_WarmStart</STRONG> (Thumb, 26 bytes, Stack size 0 bytes, hal_entry.o(.text.R_BSP_WarmStart))
<BR><BR>[Stack]<UL><LI>Max Depth = 72<LI>Call Chain = R_BSP_WarmStart &rArr; R_IOPORT_Open &rArr; r_ioport_pins_config &rArr; bsp_vbatt_init &rArr; R_BSP_RegisterProtectDisable
</UL>
<BR>[Calls]<UL><LI><a href="#[24]">&gt;&gt;</a>&nbsp;&nbsp;&nbsp;R_IOPORT_Open
</UL>
<BR>[Called By]<UL><LI><a href="#[9e]">&gt;&gt;</a>&nbsp;&nbsp;&nbsp;SystemInit
</UL>

<P><STRONG><a name="[3d]"></a>R_GPT_CallbackSet</STRONG> (Thumb, 14 bytes, Stack size 0 bytes, r_gpt.o(.text.R_GPT_CallbackSet))
<BR>[Address Reference Count : 1]<UL><LI> r_gpt.o(.rodata.g_timer_on_gpt)
</UL>
<P><STRONG><a name="[3e]"></a>R_GPT_Close</STRONG> (Thumb, 148 bytes, Stack size 8 bytes, r_gpt.o(.text.R_GPT_Close))
<BR><BR>[Stack]<UL><LI>Max Depth = 8<LI>Call Chain = R_GPT_Close
</UL>
<BR>[Called By]<UL><LI><a href="#[ac]">&gt;&gt;</a>&nbsp;&nbsp;&nbsp;motor_init
</UL>
<BR>[Address Reference Count : 1]<UL><LI> r_gpt.o(.rodata.g_timer_on_gpt)
</UL>
<P><STRONG><a name="[3a]"></a>R_GPT_CompareMatchSet</STRONG> (Thumb, 14 bytes, Stack size 0 bytes, r_gpt.o(.text.R_GPT_CompareMatchSet))
<BR>[Address Reference Count : 1]<UL><LI> r_gpt.o(.rodata.g_timer_on_gpt)
</UL>
<P><STRONG><a name="[37]"></a>R_GPT_Disable</STRONG> (Thumb, 30 bytes, Stack size 0 bytes, r_gpt.o(.text.R_GPT_Disable))
<BR>[Address Reference Count : 1]<UL><LI> r_gpt.o(.rodata.g_timer_on_gpt)
</UL>
<P><STRONG><a name="[39]"></a>R_GPT_DutyCycleSet</STRONG> (Thumb, 164 bytes, Stack size 32 bytes, r_gpt.o(.text.R_GPT_DutyCycleSet))
<BR><BR>[Stack]<UL><LI>Max Depth = 48<LI>Call Chain = R_GPT_DutyCycleSet &rArr; gpt_calculate_duty_cycle
</UL>
<BR>[Calls]<UL><LI><a href="#[98]">&gt;&gt;</a>&nbsp;&nbsp;&nbsp;gpt_calculate_duty_cycle
</UL>
<BR>[Called By]<UL><LI><a href="#[b1]">&gt;&gt;</a>&nbsp;&nbsp;&nbsp;motor_task
<LI><a href="#[ac]">&gt;&gt;</a>&nbsp;&nbsp;&nbsp;motor_init
</UL>
<BR>[Address Reference Count : 1]<UL><LI> r_gpt.o(.rodata.g_timer_on_gpt)
</UL>
<P><STRONG><a name="[36]"></a>R_GPT_Enable</STRONG> (Thumb, 56 bytes, Stack size 8 bytes, r_gpt.o(.text.R_GPT_Enable))
<BR><BR>[Stack]<UL><LI>Max Depth = 8<LI>Call Chain = R_GPT_Enable
</UL>
<BR>[Address Reference Count : 1]<UL><LI> r_gpt.o(.rodata.g_timer_on_gpt)
</UL>
<P><STRONG><a name="[3b]"></a>R_GPT_InfoGet</STRONG> (Thumb, 60 bytes, Stack size 0 bytes, r_gpt.o(.text.R_GPT_InfoGet))
<BR><BR>[Called By]<UL><LI><a href="#[ac]">&gt;&gt;</a>&nbsp;&nbsp;&nbsp;motor_init
</UL>
<BR>[Address Reference Count : 1]<UL><LI> r_gpt.o(.rodata.g_timer_on_gpt)
</UL>
<P><STRONG><a name="[32]"></a>R_GPT_Open</STRONG> (Thumb, 580 bytes, Stack size 40 bytes, r_gpt.o(.text.R_GPT_Open))
<BR><BR>[Stack]<UL><LI>Max Depth = 56<LI>Call Chain = R_GPT_Open &rArr; gpt_calculate_duty_cycle
</UL>
<BR>[Calls]<UL><LI><a href="#[99]">&gt;&gt;</a>&nbsp;&nbsp;&nbsp;r_gpt_enable_irq
<LI><a href="#[98]">&gt;&gt;</a>&nbsp;&nbsp;&nbsp;gpt_calculate_duty_cycle
</UL>
<BR>[Called By]<UL><LI><a href="#[ac]">&gt;&gt;</a>&nbsp;&nbsp;&nbsp;motor_init
</UL>
<BR>[Address Reference Count : 1]<UL><LI> r_gpt.o(.rodata.g_timer_on_gpt)
</UL>
<P><STRONG><a name="[38]"></a>R_GPT_PeriodSet</STRONG> (Thumb, 56 bytes, Stack size 0 bytes, r_gpt.o(.text.R_GPT_PeriodSet))
<BR>[Address Reference Count : 1]<UL><LI> r_gpt.o(.rodata.g_timer_on_gpt)
</UL>
<P><STRONG><a name="[35]"></a>R_GPT_Reset</STRONG> (Thumb, 10 bytes, Stack size 0 bytes, r_gpt.o(.text.R_GPT_Reset))
<BR>[Address Reference Count : 1]<UL><LI> r_gpt.o(.rodata.g_timer_on_gpt)
</UL>
<P><STRONG><a name="[33]"></a>R_GPT_Start</STRONG> (Thumb, 10 bytes, Stack size 0 bytes, r_gpt.o(.text.R_GPT_Start))
<BR><BR>[Called By]<UL><LI><a href="#[ac]">&gt;&gt;</a>&nbsp;&nbsp;&nbsp;motor_init
</UL>
<BR>[Address Reference Count : 1]<UL><LI> r_gpt.o(.rodata.g_timer_on_gpt)
</UL>
<P><STRONG><a name="[3c]"></a>R_GPT_StatusGet</STRONG> (Thumb, 18 bytes, Stack size 0 bytes, r_gpt.o(.text.R_GPT_StatusGet))
<BR>[Address Reference Count : 1]<UL><LI> r_gpt.o(.rodata.g_timer_on_gpt)
</UL>
<P><STRONG><a name="[34]"></a>R_GPT_Stop</STRONG> (Thumb, 10 bytes, Stack size 0 bytes, r_gpt.o(.text.R_GPT_Stop))
<BR><BR>[Called By]<UL><LI><a href="#[ac]">&gt;&gt;</a>&nbsp;&nbsp;&nbsp;motor_init
</UL>
<BR>[Address Reference Count : 1]<UL><LI> r_gpt.o(.rodata.g_timer_on_gpt)
</UL>
<P><STRONG><a name="[1f]"></a>R_IIC_MASTER_Abort</STRONG> (Thumb, 50 bytes, Stack size 16 bytes, r_iic_master.o(.text.R_IIC_MASTER_Abort))
<BR><BR>[Stack]<UL><LI>Max Depth = 36<LI>Call Chain = R_IIC_MASTER_Abort &rArr; iic_master_open_hw_master
</UL>
<BR>[Calls]<UL><LI><a href="#[9a]">&gt;&gt;</a>&nbsp;&nbsp;&nbsp;iic_master_open_hw_master
</UL>
<BR>[Address Reference Count : 1]<UL><LI> r_iic_master.o(.rodata.g_i2c_master_on_iic)
</UL>
<P><STRONG><a name="[21]"></a>R_IIC_MASTER_CallbackSet</STRONG> (Thumb, 14 bytes, Stack size 0 bytes, r_iic_master.o(.text.R_IIC_MASTER_CallbackSet))
<BR>[Address Reference Count : 1]<UL><LI> r_iic_master.o(.rodata.g_i2c_master_on_iic)
</UL>
<P><STRONG><a name="[23]"></a>R_IIC_MASTER_Close</STRONG> (Thumb, 208 bytes, Stack size 16 bytes, r_iic_master.o(.text.R_IIC_MASTER_Close))
<BR><BR>[Stack]<UL><LI>Max Depth = 36<LI>Call Chain = R_IIC_MASTER_Close &rArr; iic_master_open_hw_master
</UL>
<BR>[Calls]<UL><LI><a href="#[9a]">&gt;&gt;</a>&nbsp;&nbsp;&nbsp;iic_master_open_hw_master
</UL>
<BR>[Address Reference Count : 1]<UL><LI> r_iic_master.o(.rodata.g_i2c_master_on_iic)
</UL>
<P><STRONG><a name="[1c]"></a>R_IIC_MASTER_Open</STRONG> (Thumb, 128 bytes, Stack size 16 bytes, r_iic_master.o(.text.R_IIC_MASTER_Open))
<BR><BR>[Stack]<UL><LI>Max Depth = 36<LI>Call Chain = R_IIC_MASTER_Open &rArr; iic_master_open_hw_master
</UL>
<BR>[Calls]<UL><LI><a href="#[9a]">&gt;&gt;</a>&nbsp;&nbsp;&nbsp;iic_master_open_hw_master
</UL>
<BR>[Address Reference Count : 1]<UL><LI> r_iic_master.o(.rodata.g_i2c_master_on_iic)
</UL>
<P><STRONG><a name="[1d]"></a>R_IIC_MASTER_Read</STRONG> (Thumb, 12 bytes, Stack size 0 bytes, r_iic_master.o(.text.R_IIC_MASTER_Read))
<BR><BR>[Stack]<UL><LI>Max Depth = 12<LI>Call Chain = R_IIC_MASTER_Read &rArr; iic_master_read_write
</UL>
<BR>[Calls]<UL><LI><a href="#[9b]">&gt;&gt;</a>&nbsp;&nbsp;&nbsp;iic_master_read_write
</UL>
<BR>[Address Reference Count : 1]<UL><LI> r_iic_master.o(.rodata.g_i2c_master_on_iic)
</UL>
<P><STRONG><a name="[20]"></a>R_IIC_MASTER_SlaveAddressSet</STRONG> (Thumb, 10 bytes, Stack size 0 bytes, r_iic_master.o(.text.R_IIC_MASTER_SlaveAddressSet))
<BR>[Address Reference Count : 1]<UL><LI> r_iic_master.o(.rodata.g_i2c_master_on_iic)
</UL>
<P><STRONG><a name="[22]"></a>R_IIC_MASTER_StatusGet</STRONG> (Thumb, 24 bytes, Stack size 0 bytes, r_iic_master.o(.text.R_IIC_MASTER_StatusGet))
<BR>[Address Reference Count : 1]<UL><LI> r_iic_master.o(.rodata.g_i2c_master_on_iic)
</UL>
<P><STRONG><a name="[1e]"></a>R_IIC_MASTER_Write</STRONG> (Thumb, 12 bytes, Stack size 0 bytes, r_iic_master.o(.text.R_IIC_MASTER_Write))
<BR><BR>[Stack]<UL><LI>Max Depth = 12<LI>Call Chain = R_IIC_MASTER_Write &rArr; iic_master_read_write
</UL>
<BR>[Calls]<UL><LI><a href="#[9b]">&gt;&gt;</a>&nbsp;&nbsp;&nbsp;iic_master_read_write
</UL>
<BR>[Address Reference Count : 1]<UL><LI> r_iic_master.o(.rodata.g_i2c_master_on_iic)
</UL>
<P><STRONG><a name="[25]"></a>R_IOPORT_Close</STRONG> (Thumb, 10 bytes, Stack size 0 bytes, r_ioport.o(.text.R_IOPORT_Close))
<BR>[Address Reference Count : 1]<UL><LI> r_ioport.o(.rodata.g_ioport_on_ioport)
</UL>
<P><STRONG><a name="[24]"></a>R_IOPORT_Open</STRONG> (Thumb, 22 bytes, Stack size 8 bytes, r_ioport.o(.text.R_IOPORT_Open))
<BR><BR>[Stack]<UL><LI>Max Depth = 72<LI>Call Chain = R_IOPORT_Open &rArr; r_ioport_pins_config &rArr; bsp_vbatt_init &rArr; R_BSP_RegisterProtectDisable
</UL>
<BR>[Calls]<UL><LI><a href="#[9c]">&gt;&gt;</a>&nbsp;&nbsp;&nbsp;r_ioport_pins_config
</UL>
<BR>[Called By]<UL><LI><a href="#[97]">&gt;&gt;</a>&nbsp;&nbsp;&nbsp;R_BSP_WarmStart
</UL>
<BR>[Address Reference Count : 1]<UL><LI> r_ioport.o(.rodata.g_ioport_on_ioport)
</UL>
<P><STRONG><a name="[27]"></a>R_IOPORT_PinCfg</STRONG> (Thumb, 174 bytes, Stack size 40 bytes, r_ioport.o(.text.R_IOPORT_PinCfg))
<BR><BR>[Stack]<UL><LI>Max Depth = 88<LI>Call Chain = R_IOPORT_PinCfg &rArr; bsp_vbatt_init &rArr; R_BSP_RegisterProtectDisable
</UL>
<BR>[Calls]<UL><LI><a href="#[9d]">&gt;&gt;</a>&nbsp;&nbsp;&nbsp;bsp_vbatt_init
</UL>
<BR>[Address Reference Count : 1]<UL><LI> r_ioport.o(.rodata.g_ioport_on_ioport)
</UL>
<P><STRONG><a name="[28]"></a>R_IOPORT_PinEventInputRead</STRONG> (Thumb, 40 bytes, Stack size 0 bytes, r_ioport.o(.text.R_IOPORT_PinEventInputRead))
<BR>[Address Reference Count : 1]<UL><LI> r_ioport.o(.rodata.g_ioport_on_ioport)
</UL>
<P><STRONG><a name="[29]"></a>R_IOPORT_PinEventOutputWrite</STRONG> (Thumb, 60 bytes, Stack size 0 bytes, r_ioport.o(.text.R_IOPORT_PinEventOutputWrite))
<BR>[Address Reference Count : 1]<UL><LI> r_ioport.o(.rodata.g_ioport_on_ioport)
</UL>
<P><STRONG><a name="[2a]"></a>R_IOPORT_PinRead</STRONG> (Thumb, 34 bytes, Stack size 0 bytes, r_ioport.o(.text.R_IOPORT_PinRead))
<BR>[Address Reference Count : 1]<UL><LI> r_ioport.o(.rodata.g_ioport_on_ioport)
</UL>
<P><STRONG><a name="[2b]"></a>R_IOPORT_PinWrite</STRONG> (Thumb, 36 bytes, Stack size 0 bytes, r_ioport.o(.text.R_IOPORT_PinWrite))
<BR><BR>[Called By]<UL><LI><a href="#[31]">&gt;&gt;</a>&nbsp;&nbsp;&nbsp;timer_1ms_callback
<LI><a href="#[72]">&gt;&gt;</a>&nbsp;&nbsp;&nbsp;HIM_connection
</UL>
<BR>[Address Reference Count : 1]<UL><LI> r_ioport.o(.rodata.g_ioport_on_ioport)
</UL>
<P><STRONG><a name="[26]"></a>R_IOPORT_PinsCfg</STRONG> (Thumb, 12 bytes, Stack size 8 bytes, r_ioport.o(.text.R_IOPORT_PinsCfg))
<BR><BR>[Stack]<UL><LI>Max Depth = 72<LI>Call Chain = R_IOPORT_PinsCfg &rArr; r_ioport_pins_config &rArr; bsp_vbatt_init &rArr; R_BSP_RegisterProtectDisable
</UL>
<BR>[Calls]<UL><LI><a href="#[9c]">&gt;&gt;</a>&nbsp;&nbsp;&nbsp;r_ioport_pins_config
</UL>
<BR>[Address Reference Count : 1]<UL><LI> r_ioport.o(.rodata.g_ioport_on_ioport)
</UL>
<P><STRONG><a name="[2c]"></a>R_IOPORT_PortDirectionSet</STRONG> (Thumb, 44 bytes, Stack size 8 bytes, r_ioport.o(.text.R_IOPORT_PortDirectionSet))
<BR><BR>[Stack]<UL><LI>Max Depth = 8<LI>Call Chain = R_IOPORT_PortDirectionSet
</UL>
<BR>[Address Reference Count : 1]<UL><LI> r_ioport.o(.rodata.g_ioport_on_ioport)
</UL>
<P><STRONG><a name="[2d]"></a>R_IOPORT_PortEventInputRead</STRONG> (Thumb, 24 bytes, Stack size 0 bytes, r_ioport.o(.text.R_IOPORT_PortEventInputRead))
<BR>[Address Reference Count : 1]<UL><LI> r_ioport.o(.rodata.g_ioport_on_ioport)
</UL>
<P><STRONG><a name="[2e]"></a>R_IOPORT_PortEventOutputWrite</STRONG> (Thumb, 32 bytes, Stack size 0 bytes, r_ioport.o(.text.R_IOPORT_PortEventOutputWrite))
<BR>[Address Reference Count : 1]<UL><LI> r_ioport.o(.rodata.g_ioport_on_ioport)
</UL>
<P><STRONG><a name="[2f]"></a>R_IOPORT_PortRead</STRONG> (Thumb, 22 bytes, Stack size 0 bytes, r_ioport.o(.text.R_IOPORT_PortRead))
<BR>[Address Reference Count : 1]<UL><LI> r_ioport.o(.rodata.g_ioport_on_ioport)
</UL>
<P><STRONG><a name="[30]"></a>R_IOPORT_PortWrite</STRONG> (Thumb, 32 bytes, Stack size 0 bytes, r_ioport.o(.text.R_IOPORT_PortWrite))
<BR>[Address Reference Count : 1]<UL><LI> r_ioport.o(.rodata.g_ioport_on_ioport)
</UL>
<P><STRONG><a name="[4a]"></a>R_SCI_UART_Abort</STRONG> (Thumb, 34 bytes, Stack size 0 bytes, r_sci_uart.o(.text.R_SCI_UART_Abort))
<BR>[Address Reference Count : 1]<UL><LI> r_sci_uart.o(.rodata.g_uart_on_sci)
</UL>
<P><STRONG><a name="[48]"></a>R_SCI_UART_BaudSet</STRONG> (Thumb, 104 bytes, Stack size 8 bytes, r_sci_uart.o(.text.R_SCI_UART_BaudSet))
<BR><BR>[Stack]<UL><LI>Max Depth = 8<LI>Call Chain = R_SCI_UART_BaudSet
</UL>
<BR>[Address Reference Count : 1]<UL><LI> r_sci_uart.o(.rodata.g_uart_on_sci)
</UL>
<P><STRONG><a name="[4b]"></a>R_SCI_UART_CallbackSet</STRONG> (Thumb, 14 bytes, Stack size 0 bytes, r_sci_uart.o(.text.R_SCI_UART_CallbackSet))
<BR>[Address Reference Count : 1]<UL><LI> r_sci_uart.o(.rodata.g_uart_on_sci)
</UL>
<P><STRONG><a name="[4c]"></a>R_SCI_UART_Close</STRONG> (Thumb, 166 bytes, Stack size 0 bytes, r_sci_uart.o(.text.R_SCI_UART_Close))
<BR>[Address Reference Count : 1]<UL><LI> r_sci_uart.o(.rodata.g_uart_on_sci)
</UL>
<P><STRONG><a name="[49]"></a>R_SCI_UART_InfoGet</STRONG> (Thumb, 12 bytes, Stack size 0 bytes, r_sci_uart.o(.text.R_SCI_UART_InfoGet))
<BR>[Address Reference Count : 1]<UL><LI> r_sci_uart.o(.rodata.g_uart_on_sci)
</UL>
<P><STRONG><a name="[45]"></a>R_SCI_UART_Open</STRONG> (Thumb, 826 bytes, Stack size 32 bytes, r_sci_uart.o(.text.R_SCI_UART_Open))
<BR><BR>[Stack]<UL><LI>Max Depth = 32<LI>Call Chain = R_SCI_UART_Open
</UL>
<BR>[Address Reference Count : 1]<UL><LI> r_sci_uart.o(.rodata.g_uart_on_sci)
</UL>
<P><STRONG><a name="[46]"></a>R_SCI_UART_Read</STRONG> (Thumb, 10 bytes, Stack size 0 bytes, r_sci_uart.o(.text.R_SCI_UART_Read))
<BR>[Address Reference Count : 1]<UL><LI> r_sci_uart.o(.rodata.g_uart_on_sci)
</UL>
<P><STRONG><a name="[4d]"></a>R_SCI_UART_ReadStop</STRONG> (Thumb, 14 bytes, Stack size 0 bytes, r_sci_uart.o(.text.R_SCI_UART_ReadStop))
<BR>[Address Reference Count : 1]<UL><LI> r_sci_uart.o(.rodata.g_uart_on_sci)
</UL>
<P><STRONG><a name="[47]"></a>R_SCI_UART_Write</STRONG> (Thumb, 74 bytes, Stack size 8 bytes, r_sci_uart.o(.text.R_SCI_UART_Write))
<BR><BR>[Stack]<UL><LI>Max Depth = 8<LI>Call Chain = R_SCI_UART_Write
</UL>
<BR>[Called By]<UL><LI><a href="#[b5]">&gt;&gt;</a>&nbsp;&nbsp;&nbsp;uart2_send_string
<LI><a href="#[78]">&gt;&gt;</a>&nbsp;&nbsp;&nbsp;uart8_send_value
<LI><a href="#[8b]">&gt;&gt;</a>&nbsp;&nbsp;&nbsp;uart9_send_value
</UL>
<BR>[Address Reference Count : 1]<UL><LI> r_sci_uart.o(.rodata.g_uart_on_sci)
</UL>
<P><STRONG><a name="[0]"></a>Reset_Handler</STRONG> (Thumb, 10 bytes, Stack size 0 bytes, startup.o(.text.Reset_Handler))
<BR><BR>[Stack]<UL><LI>Max Depth = 256<LI>Call Chain = Reset_Handler &rArr; main &rArr; hal_entry &rArr; process_uart2_data &rArr; __0sscanf &rArr; __vfscanf_char &rArr; __vfscanf &rArr; _scanf_int
</UL>
<BR>[Calls]<UL><LI><a href="#[9f]">&gt;&gt;</a>&nbsp;&nbsp;&nbsp;main
<LI><a href="#[9e]">&gt;&gt;</a>&nbsp;&nbsp;&nbsp;SystemInit
</UL>
<BR>[Address Reference Count : 1]<UL><LI> startup.o(.fixed_vectors)
</UL>
<P><STRONG><a name="[8f]"></a>SendHead</STRONG> (Thumb, 86 bytes, Stack size 24 bytes, as608pro.o(.text.SendHead))
<BR><BR>[Stack]<UL><LI>Max Depth = 24<LI>Call Chain = SendHead
</UL>
<BR>[Called By]<UL><LI><a href="#[6d]">&gt;&gt;</a>&nbsp;&nbsp;&nbsp;PS_Empty
<LI><a href="#[6c]">&gt;&gt;</a>&nbsp;&nbsp;&nbsp;PS_DeletChar
<LI><a href="#[6a]">&gt;&gt;</a>&nbsp;&nbsp;&nbsp;PS_ReadSysPara
<LI><a href="#[66]">&gt;&gt;</a>&nbsp;&nbsp;&nbsp;PS_HandShake
<LI><a href="#[71]">&gt;&gt;</a>&nbsp;&nbsp;&nbsp;PS_HighSpeedSearch
<LI><a href="#[64]">&gt;&gt;</a>&nbsp;&nbsp;&nbsp;PS_StoreChar
<LI><a href="#[63]">&gt;&gt;</a>&nbsp;&nbsp;&nbsp;PS_ValidTempleteNum
<LI><a href="#[62]">&gt;&gt;</a>&nbsp;&nbsp;&nbsp;PS_RegModel
<LI><a href="#[61]">&gt;&gt;</a>&nbsp;&nbsp;&nbsp;PS_Match
<LI><a href="#[60]">&gt;&gt;</a>&nbsp;&nbsp;&nbsp;PS_GenChar
<LI><a href="#[5f]">&gt;&gt;</a>&nbsp;&nbsp;&nbsp;PS_GetImage
</UL>

<P><STRONG><a name="[a2]"></a>SystemCoreClockUpdate</STRONG> (Thumb, 44 bytes, Stack size 0 bytes, bsp_clocks.o(.text.SystemCoreClockUpdate))
<BR><BR>[Called By]<UL><LI><a href="#[9e]">&gt;&gt;</a>&nbsp;&nbsp;&nbsp;SystemInit
</UL>

<P><STRONG><a name="[9e]"></a>SystemInit</STRONG> (Thumb, 244 bytes, Stack size 16 bytes, system.o(.text.SystemInit))
<BR><BR>[Stack]<UL><LI>Max Depth = 88<LI>Call Chain = SystemInit &rArr; R_BSP_WarmStart &rArr; R_IOPORT_Open &rArr; r_ioport_pins_config &rArr; bsp_vbatt_init &rArr; R_BSP_RegisterProtectDisable
</UL>
<BR>[Calls]<UL><LI><a href="#[a4]">&gt;&gt;</a>&nbsp;&nbsp;&nbsp;bsp_init
<LI><a href="#[a3]">&gt;&gt;</a>&nbsp;&nbsp;&nbsp;bsp_irq_cfg
<LI><a href="#[95]">&gt;&gt;</a>&nbsp;&nbsp;&nbsp;R_BSP_RegisterProtectEnable
<LI><a href="#[94]">&gt;&gt;</a>&nbsp;&nbsp;&nbsp;R_BSP_RegisterProtectDisable
<LI><a href="#[93]">&gt;&gt;</a>&nbsp;&nbsp;&nbsp;R_BSP_Init_RTC
<LI><a href="#[a2]">&gt;&gt;</a>&nbsp;&nbsp;&nbsp;SystemCoreClockUpdate
<LI><a href="#[a0]">&gt;&gt;</a>&nbsp;&nbsp;&nbsp;bsp_clock_init
<LI><a href="#[97]">&gt;&gt;</a>&nbsp;&nbsp;&nbsp;R_BSP_WarmStart
<LI><a href="#[73]">&gt;&gt;</a>&nbsp;&nbsp;&nbsp;__aeabi_memclr4
<LI><a href="#[a1]">&gt;&gt;</a>&nbsp;&nbsp;&nbsp;__aeabi_memcpy4
</UL>
<BR>[Called By]<UL><LI><a href="#[0]">&gt;&gt;</a>&nbsp;&nbsp;&nbsp;Reset_Handler
</UL>

<P><STRONG><a name="[a8]"></a>UART_HIM_Init</STRONG> (Thumb, 32 bytes, Stack size 8 bytes, tjc_usart_hmi.o(.text.UART_HIM_Init))
<BR><BR>[Stack]<UL><LI>Max Depth = 8<LI>Call Chain = UART_HIM_Init
</UL>
<BR>[Called By]<UL><LI><a href="#[a7]">&gt;&gt;</a>&nbsp;&nbsp;&nbsp;hal_entry
</UL>

<P><STRONG><a name="[a0]"></a>bsp_clock_init</STRONG> (Thumb, 316 bytes, Stack size 24 bytes, bsp_clocks.o(.text.bsp_clock_init))
<BR><BR>[Stack]<UL><LI>Max Depth = 24<LI>Call Chain = bsp_clock_init
</UL>
<BR>[Calls]<UL><LI><a href="#[a5]">&gt;&gt;</a>&nbsp;&nbsp;&nbsp;R_BSP_SubClockStabilizeWaitAfterReset
<LI><a href="#[68]">&gt;&gt;</a>&nbsp;&nbsp;&nbsp;R_BSP_SoftwareDelay
</UL>
<BR>[Called By]<UL><LI><a href="#[9e]">&gt;&gt;</a>&nbsp;&nbsp;&nbsp;SystemInit
</UL>

<P><STRONG><a name="[a4]"></a>bsp_init</STRONG> (Thumb, 2 bytes, Stack size 0 bytes, bsp_common.o(.text.bsp_init_internal))
<BR><BR>[Called By]<UL><LI><a href="#[9e]">&gt;&gt;</a>&nbsp;&nbsp;&nbsp;SystemInit
</UL>

<P><STRONG><a name="[c9]"></a>bsp_init_internal</STRONG> (Thumb, 2 bytes, Stack size 0 bytes, bsp_common.o(.text.bsp_init_internal), UNUSED)

<P><STRONG><a name="[a3]"></a>bsp_irq_cfg</STRONG> (Thumb, 150 bytes, Stack size 32 bytes, bsp_irq.o(.text.bsp_irq_cfg))
<BR><BR>[Stack]<UL><LI>Max Depth = 40<LI>Call Chain = bsp_irq_cfg &rArr; R_BSP_RegisterProtectDisable
</UL>
<BR>[Calls]<UL><LI><a href="#[95]">&gt;&gt;</a>&nbsp;&nbsp;&nbsp;R_BSP_RegisterProtectEnable
<LI><a href="#[94]">&gt;&gt;</a>&nbsp;&nbsp;&nbsp;R_BSP_RegisterProtectDisable
</UL>
<BR>[Called By]<UL><LI><a href="#[9e]">&gt;&gt;</a>&nbsp;&nbsp;&nbsp;SystemInit
</UL>

<P><STRONG><a name="[96]"></a>bsp_prv_software_delay_loop</STRONG> (Thumb, 8 bytes, Stack size 0 bytes, bsp_delay.o(.text.bsp_prv_software_delay_loop))
<BR><BR>[Calls]<UL><LI><a href="#[96]">&gt;&gt;</a>&nbsp;&nbsp;&nbsp;bsp_prv_software_delay_loop
</UL>
<BR>[Called By]<UL><LI><a href="#[96]">&gt;&gt;</a>&nbsp;&nbsp;&nbsp;bsp_prv_software_delay_loop
<LI><a href="#[68]">&gt;&gt;</a>&nbsp;&nbsp;&nbsp;R_BSP_SoftwareDelay
</UL>

<P><STRONG><a name="[8c]"></a>dakai_clock_display</STRONG> (Thumb, 60 bytes, Stack size 24 bytes, esp_connect.o(.text.dakai_clock_display))
<BR><BR>[Stack]<UL><LI>Max Depth = 56<LI>Call Chain = dakai_clock_display &rArr; tjc_send_string
</UL>
<BR>[Calls]<UL><LI><a href="#[75]">&gt;&gt;</a>&nbsp;&nbsp;&nbsp;tjc_send_string
<LI><a href="#[68]">&gt;&gt;</a>&nbsp;&nbsp;&nbsp;R_BSP_SoftwareDelay
<LI><a href="#[77]">&gt;&gt;</a>&nbsp;&nbsp;&nbsp;__2sprintf
</UL>
<BR>[Called By]<UL><LI><a href="#[ae]">&gt;&gt;</a>&nbsp;&nbsp;&nbsp;process_uart8_data
<LI><a href="#[88]">&gt;&gt;</a>&nbsp;&nbsp;&nbsp;PN532_connect
<LI><a href="#[a6]">&gt;&gt;</a>&nbsp;&nbsp;&nbsp;finger_search
</UL>

<P><STRONG><a name="[76]"></a>finger_addtion</STRONG> (Thumb, 200 bytes, Stack size 16 bytes, as608pro.o(.text.finger_addtion))
<BR><BR>[Stack]<UL><LI>Max Depth = 108<LI>Call Chain = finger_addtion &rArr; AS608_AddFR &rArr; PS_StoreChar &rArr; JudgeStr &rArr; strstr
</UL>
<BR>[Calls]<UL><LI><a href="#[5e]">&gt;&gt;</a>&nbsp;&nbsp;&nbsp;AS608_AddFR
<LI><a href="#[75]">&gt;&gt;</a>&nbsp;&nbsp;&nbsp;tjc_send_string
<LI><a href="#[68]">&gt;&gt;</a>&nbsp;&nbsp;&nbsp;R_BSP_SoftwareDelay
<LI><a href="#[69]">&gt;&gt;</a>&nbsp;&nbsp;&nbsp;puts
</UL>
<BR>[Called By]<UL><LI><a href="#[72]">&gt;&gt;</a>&nbsp;&nbsp;&nbsp;HIM_connection
</UL>

<P><STRONG><a name="[a6]"></a>finger_search</STRONG> (Thumb, 232 bytes, Stack size 16 bytes, as608pro.o(.text.finger_search))
<BR><BR>[Stack]<UL><LI>Max Depth = 132<LI>Call Chain = finger_search &rArr; AS608_PressFR &rArr; PS_HighSpeedSearch &rArr; JudgeStr &rArr; strstr
</UL>
<BR>[Calls]<UL><LI><a href="#[8c]">&gt;&gt;</a>&nbsp;&nbsp;&nbsp;dakai_clock_display
<LI><a href="#[8b]">&gt;&gt;</a>&nbsp;&nbsp;&nbsp;uart9_send_value
<LI><a href="#[8a]">&gt;&gt;</a>&nbsp;&nbsp;&nbsp;uart2_send_value
<LI><a href="#[70]">&gt;&gt;</a>&nbsp;&nbsp;&nbsp;AS608_PressFR
<LI><a href="#[75]">&gt;&gt;</a>&nbsp;&nbsp;&nbsp;tjc_send_string
<LI><a href="#[68]">&gt;&gt;</a>&nbsp;&nbsp;&nbsp;R_BSP_SoftwareDelay
<LI><a href="#[67]">&gt;&gt;</a>&nbsp;&nbsp;&nbsp;__2printf
<LI><a href="#[69]">&gt;&gt;</a>&nbsp;&nbsp;&nbsp;puts
</UL>
<BR>[Called By]<UL><LI><a href="#[a7]">&gt;&gt;</a>&nbsp;&nbsp;&nbsp;hal_entry
</UL>

<P><STRONG><a name="[18]"></a>fputc</STRONG> (Thumb, 52 bytes, Stack size 16 bytes, fun.o(.text.fputc))
<BR><BR>[Stack]<UL><LI>Max Depth = 16<LI>Call Chain = fputc
</UL>
<BR>[Called By]<UL><LI><a href="#[69]">&gt;&gt;</a>&nbsp;&nbsp;&nbsp;puts
</UL>
<BR>[Address Reference Count : 1]<UL><LI> printf8.o(i.__0printf$8)
</UL>
<P><STRONG><a name="[b7]"></a>g_system_tick</STRONG> (Thumb, 16 bytes, Stack size 0 bytes, pn532_hal.o(.text.g_system_tick))
<BR><BR>[Called By]<UL><LI><a href="#[31]">&gt;&gt;</a>&nbsp;&nbsp;&nbsp;timer_1ms_callback
</UL>

<P><STRONG><a name="[13]"></a>gpt_counter_overflow_isr</STRONG> (Thumb, 172 bytes, Stack size 24 bytes, r_gpt.o(.text.gpt_counter_overflow_isr))
<BR><BR>[Stack]<UL><LI>Max Depth = 24<LI>Call Chain = gpt_counter_overflow_isr
</UL>
<BR>[Address Reference Count : 1]<UL><LI> vector_data.o(.application_vectors)
</UL>
<P><STRONG><a name="[a7]"></a>hal_entry</STRONG> (Thumb, 132 bytes, Stack size 0 bytes, hal_entry.o(.text.hal_entry))
<BR><BR>[Stack]<UL><LI>Max Depth = 248<LI>Call Chain = hal_entry &rArr; process_uart2_data &rArr; __0sscanf &rArr; __vfscanf_char &rArr; __vfscanf &rArr; _scanf_int
</UL>
<BR>[Calls]<UL><LI><a href="#[b1]">&gt;&gt;</a>&nbsp;&nbsp;&nbsp;motor_task
<LI><a href="#[b0]">&gt;&gt;</a>&nbsp;&nbsp;&nbsp;update_clock_display
<LI><a href="#[af]">&gt;&gt;</a>&nbsp;&nbsp;&nbsp;process_uart2_data
<LI><a href="#[ae]">&gt;&gt;</a>&nbsp;&nbsp;&nbsp;process_uart8_data
<LI><a href="#[ad]">&gt;&gt;</a>&nbsp;&nbsp;&nbsp;key_scan
<LI><a href="#[88]">&gt;&gt;</a>&nbsp;&nbsp;&nbsp;PN532_connect
<LI><a href="#[72]">&gt;&gt;</a>&nbsp;&nbsp;&nbsp;HIM_connection
<LI><a href="#[a6]">&gt;&gt;</a>&nbsp;&nbsp;&nbsp;finger_search
<LI><a href="#[ac]">&gt;&gt;</a>&nbsp;&nbsp;&nbsp;motor_init
<LI><a href="#[ab]">&gt;&gt;</a>&nbsp;&nbsp;&nbsp;uart9_init
<LI><a href="#[aa]">&gt;&gt;</a>&nbsp;&nbsp;&nbsp;uart2_init
<LI><a href="#[a9]">&gt;&gt;</a>&nbsp;&nbsp;&nbsp;uart8_init
<LI><a href="#[81]">&gt;&gt;</a>&nbsp;&nbsp;&nbsp;PN532_INIT
<LI><a href="#[6f]">&gt;&gt;</a>&nbsp;&nbsp;&nbsp;AS608_Init
<LI><a href="#[a8]">&gt;&gt;</a>&nbsp;&nbsp;&nbsp;UART_HIM_Init
<LI><a href="#[68]">&gt;&gt;</a>&nbsp;&nbsp;&nbsp;R_BSP_SoftwareDelay
<LI><a href="#[67]">&gt;&gt;</a>&nbsp;&nbsp;&nbsp;__2printf
</UL>
<BR>[Called By]<UL><LI><a href="#[9f]">&gt;&gt;</a>&nbsp;&nbsp;&nbsp;main
</UL>

<P><STRONG><a name="[1b]"></a>i2c_master_callback</STRONG> (Thumb, 62 bytes, Stack size 0 bytes, pn532_hal.o(.text.i2c_master_callback))
<BR>[Address Reference Count : 1]<UL><LI> hal_data.o(.rodata.g_i2c1_cfg)
</UL>
<P><STRONG><a name="[e]"></a>iic_master_eri_isr</STRONG> (Thumb, 328 bytes, Stack size 16 bytes, r_iic_master.o(.text.iic_master_eri_isr))
<BR><BR>[Stack]<UL><LI>Max Depth = 36<LI>Call Chain = iic_master_eri_isr &rArr; iic_master_open_hw_master
</UL>
<BR>[Calls]<UL><LI><a href="#[b2]">&gt;&gt;</a>&nbsp;&nbsp;&nbsp;iic_master_notify
<LI><a href="#[9a]">&gt;&gt;</a>&nbsp;&nbsp;&nbsp;iic_master_open_hw_master
</UL>
<BR>[Address Reference Count : 1]<UL><LI> vector_data.o(.application_vectors)
</UL>
<P><STRONG><a name="[b]"></a>iic_master_rxi_isr</STRONG> (Thumb, 398 bytes, Stack size 16 bytes, r_iic_master.o(.text.iic_master_rxi_isr))
<BR><BR>[Stack]<UL><LI>Max Depth = 32<LI>Call Chain = iic_master_rxi_isr &rArr; iic_master_notify
</UL>
<BR>[Calls]<UL><LI><a href="#[b2]">&gt;&gt;</a>&nbsp;&nbsp;&nbsp;iic_master_notify
</UL>
<BR>[Address Reference Count : 1]<UL><LI> vector_data.o(.application_vectors)
</UL>
<P><STRONG><a name="[d]"></a>iic_master_tei_isr</STRONG> (Thumb, 222 bytes, Stack size 8 bytes, r_iic_master.o(.text.iic_master_tei_isr))
<BR><BR>[Stack]<UL><LI>Max Depth = 24<LI>Call Chain = iic_master_tei_isr &rArr; iic_master_notify
</UL>
<BR>[Calls]<UL><LI><a href="#[b2]">&gt;&gt;</a>&nbsp;&nbsp;&nbsp;iic_master_notify
</UL>
<BR>[Address Reference Count : 1]<UL><LI> vector_data.o(.application_vectors)
</UL>
<P><STRONG><a name="[c]"></a>iic_master_txi_isr</STRONG> (Thumb, 282 bytes, Stack size 16 bytes, r_iic_master.o(.text.iic_master_txi_isr))
<BR><BR>[Stack]<UL><LI>Max Depth = 32<LI>Call Chain = iic_master_txi_isr &rArr; iic_master_notify
</UL>
<BR>[Calls]<UL><LI><a href="#[b2]">&gt;&gt;</a>&nbsp;&nbsp;&nbsp;iic_master_notify
</UL>
<BR>[Address Reference Count : 1]<UL><LI> vector_data.o(.application_vectors)
</UL>
<P><STRONG><a name="[ad]"></a>key_scan</STRONG> (Thumb, 192 bytes, Stack size 16 bytes, fun.o(.text.key_scan))
<BR><BR>[Stack]<UL><LI>Max Depth = 40<LI>Call Chain = key_scan &rArr; puts &rArr; fputc
</UL>
<BR>[Calls]<UL><LI><a href="#[69]">&gt;&gt;</a>&nbsp;&nbsp;&nbsp;puts
</UL>
<BR>[Called By]<UL><LI><a href="#[a7]">&gt;&gt;</a>&nbsp;&nbsp;&nbsp;hal_entry
</UL>

<P><STRONG><a name="[9f]"></a>main</STRONG> (Thumb, 10 bytes, Stack size 8 bytes, main.o(.text.main))
<BR><BR>[Stack]<UL><LI>Max Depth = 256<LI>Call Chain = main &rArr; hal_entry &rArr; process_uart2_data &rArr; __0sscanf &rArr; __vfscanf_char &rArr; __vfscanf &rArr; _scanf_int
</UL>
<BR>[Calls]<UL><LI><a href="#[a7]">&gt;&gt;</a>&nbsp;&nbsp;&nbsp;hal_entry
</UL>
<BR>[Called By]<UL><LI><a href="#[0]">&gt;&gt;</a>&nbsp;&nbsp;&nbsp;Reset_Handler
</UL>

<P><STRONG><a name="[ac]"></a>motor_init</STRONG> (Thumb, 298 bytes, Stack size 24 bytes, motor.o(.text.motor_init))
<BR><BR>[Stack]<UL><LI>Max Depth = 80<LI>Call Chain = motor_init &rArr; R_GPT_Open &rArr; gpt_calculate_duty_cycle
</UL>
<BR>[Calls]<UL><LI><a href="#[39]">&gt;&gt;</a>&nbsp;&nbsp;&nbsp;R_GPT_DutyCycleSet
<LI><a href="#[34]">&gt;&gt;</a>&nbsp;&nbsp;&nbsp;R_GPT_Stop
<LI><a href="#[33]">&gt;&gt;</a>&nbsp;&nbsp;&nbsp;R_GPT_Start
<LI><a href="#[3b]">&gt;&gt;</a>&nbsp;&nbsp;&nbsp;R_GPT_InfoGet
<LI><a href="#[3e]">&gt;&gt;</a>&nbsp;&nbsp;&nbsp;R_GPT_Close
<LI><a href="#[32]">&gt;&gt;</a>&nbsp;&nbsp;&nbsp;R_GPT_Open
</UL>
<BR>[Called By]<UL><LI><a href="#[a7]">&gt;&gt;</a>&nbsp;&nbsp;&nbsp;hal_entry
</UL>

<P><STRONG><a name="[b1]"></a>motor_task</STRONG> (Thumb, 288 bytes, Stack size 24 bytes, motor.o(.text.motor_task))
<BR><BR>[Stack]<UL><LI>Max Depth = 72<LI>Call Chain = motor_task &rArr; R_GPT_DutyCycleSet &rArr; gpt_calculate_duty_cycle
</UL>
<BR>[Calls]<UL><LI><a href="#[39]">&gt;&gt;</a>&nbsp;&nbsp;&nbsp;R_GPT_DutyCycleSet
</UL>
<BR>[Called By]<UL><LI><a href="#[a7]">&gt;&gt;</a>&nbsp;&nbsp;&nbsp;hal_entry
</UL>

<P><STRONG><a name="[af]"></a>process_uart2_data</STRONG> (Thumb, 220 bytes, Stack size 32 bytes, esp_connect.o(.text.process_uart2_data))
<BR><BR>[Stack]<UL><LI>Max Depth = 248<LI>Call Chain = process_uart2_data &rArr; __0sscanf &rArr; __vfscanf_char &rArr; __vfscanf &rArr; _scanf_int
</UL>
<BR>[Calls]<UL><LI><a href="#[75]">&gt;&gt;</a>&nbsp;&nbsp;&nbsp;tjc_send_string
<LI><a href="#[51]">&gt;&gt;</a>&nbsp;&nbsp;&nbsp;__0sscanf
<LI><a href="#[77]">&gt;&gt;</a>&nbsp;&nbsp;&nbsp;__2sprintf
<LI><a href="#[67]">&gt;&gt;</a>&nbsp;&nbsp;&nbsp;__2printf
<LI><a href="#[69]">&gt;&gt;</a>&nbsp;&nbsp;&nbsp;puts
</UL>
<BR>[Called By]<UL><LI><a href="#[a7]">&gt;&gt;</a>&nbsp;&nbsp;&nbsp;hal_entry
</UL>

<P><STRONG><a name="[ae]"></a>process_uart8_data</STRONG> (Thumb, 184 bytes, Stack size 24 bytes, k230_connect.o(.text.process_uart8_data))
<BR><BR>[Stack]<UL><LI>Max Depth = 80<LI>Call Chain = process_uart8_data &rArr; dakai_clock_display &rArr; tjc_send_string
</UL>
<BR>[Calls]<UL><LI><a href="#[8c]">&gt;&gt;</a>&nbsp;&nbsp;&nbsp;dakai_clock_display
<LI><a href="#[8b]">&gt;&gt;</a>&nbsp;&nbsp;&nbsp;uart9_send_value
<LI><a href="#[8a]">&gt;&gt;</a>&nbsp;&nbsp;&nbsp;uart2_send_value
<LI><a href="#[75]">&gt;&gt;</a>&nbsp;&nbsp;&nbsp;tjc_send_string
</UL>
<BR>[Called By]<UL><LI><a href="#[a7]">&gt;&gt;</a>&nbsp;&nbsp;&nbsp;hal_entry
</UL>

<P><STRONG><a name="[12]"></a>sci_uart_eri_isr</STRONG> (Thumb, 106 bytes, Stack size 16 bytes, r_sci_uart.o(.text.sci_uart_eri_isr))
<BR><BR>[Stack]<UL><LI>Max Depth = 48<LI>Call Chain = sci_uart_eri_isr &rArr; r_sci_uart_call_callback
</UL>
<BR>[Calls]<UL><LI><a href="#[b3]">&gt;&gt;</a>&nbsp;&nbsp;&nbsp;r_sci_uart_call_callback
</UL>
<BR>[Address Reference Count : 1]<UL><LI> vector_data.o(.application_vectors)
</UL>
<P><STRONG><a name="[f]"></a>sci_uart_rxi_isr</STRONG> (Thumb, 136 bytes, Stack size 16 bytes, r_sci_uart.o(.text.sci_uart_rxi_isr))
<BR><BR>[Stack]<UL><LI>Max Depth = 48<LI>Call Chain = sci_uart_rxi_isr &rArr; r_sci_uart_call_callback
</UL>
<BR>[Calls]<UL><LI><a href="#[b3]">&gt;&gt;</a>&nbsp;&nbsp;&nbsp;r_sci_uart_call_callback
<LI><a href="#[85]">&gt;&gt;</a>&nbsp;&nbsp;&nbsp;__aeabi_memcpy
</UL>
<BR>[Address Reference Count : 1]<UL><LI> vector_data.o(.application_vectors)
</UL>
<P><STRONG><a name="[11]"></a>sci_uart_tei_isr</STRONG> (Thumb, 74 bytes, Stack size 8 bytes, r_sci_uart.o(.text.sci_uart_tei_isr))
<BR><BR>[Stack]<UL><LI>Max Depth = 40<LI>Call Chain = sci_uart_tei_isr &rArr; r_sci_uart_call_callback
</UL>
<BR>[Calls]<UL><LI><a href="#[b3]">&gt;&gt;</a>&nbsp;&nbsp;&nbsp;r_sci_uart_call_callback
</UL>
<BR>[Address Reference Count : 1]<UL><LI> vector_data.o(.application_vectors)
</UL>
<P><STRONG><a name="[10]"></a>sci_uart_txi_isr</STRONG> (Thumb, 140 bytes, Stack size 0 bytes, r_sci_uart.o(.text.sci_uart_txi_isr))
<BR><BR>[Stack]<UL><LI>Max Depth = 32<LI>Call Chain = sci_uart_txi_isr &rArr; r_sci_uart_call_callback
</UL>
<BR>[Calls]<UL><LI><a href="#[b3]">&gt;&gt;</a>&nbsp;&nbsp;&nbsp;r_sci_uart_call_callback
</UL>
<BR>[Address Reference Count : 1]<UL><LI> vector_data.o(.application_vectors)
</UL>
<P><STRONG><a name="[74]"></a>send_wifi_to_esp32</STRONG> (Thumb, 44 bytes, Stack size 144 bytes, esp_connect.o(.text.send_wifi_to_esp32))
<BR><BR>[Stack]<UL><LI>Max Depth = 184<LI>Call Chain = send_wifi_to_esp32 &rArr; __2snprintf
</UL>
<BR>[Calls]<UL><LI><a href="#[b5]">&gt;&gt;</a>&nbsp;&nbsp;&nbsp;uart2_send_string
<LI><a href="#[b4]">&gt;&gt;</a>&nbsp;&nbsp;&nbsp;__2snprintf
<LI><a href="#[67]">&gt;&gt;</a>&nbsp;&nbsp;&nbsp;__2printf
</UL>
<BR>[Called By]<UL><LI><a href="#[72]">&gt;&gt;</a>&nbsp;&nbsp;&nbsp;HIM_connection
</UL>

<P><STRONG><a name="[b6]"></a>timeout_search_1ms</STRONG> (Thumb, 42 bytes, Stack size 0 bytes, as608pro.o(.text.timeout_search_1ms))
<BR><BR>[Called By]<UL><LI><a href="#[31]">&gt;&gt;</a>&nbsp;&nbsp;&nbsp;timer_1ms_callback
</UL>

<P><STRONG><a name="[31]"></a>timer_1ms_callback</STRONG> (Thumb, 112 bytes, Stack size 16 bytes, fun.o(.text.timer_1ms_callback))
<BR><BR>[Stack]<UL><LI>Max Depth = 16<LI>Call Chain = timer_1ms_callback
</UL>
<BR>[Calls]<UL><LI><a href="#[2b]">&gt;&gt;</a>&nbsp;&nbsp;&nbsp;R_IOPORT_PinWrite
<LI><a href="#[b8]">&gt;&gt;</a>&nbsp;&nbsp;&nbsp;timer_callback
<LI><a href="#[b7]">&gt;&gt;</a>&nbsp;&nbsp;&nbsp;g_system_tick
<LI><a href="#[b6]">&gt;&gt;</a>&nbsp;&nbsp;&nbsp;timeout_search_1ms
</UL>
<BR>[Address Reference Count : 1]<UL><LI> hal_data.o(.rodata.g_timer_1ms_cfg)
</UL>
<P><STRONG><a name="[b8]"></a>timer_callback</STRONG> (Thumb, 92 bytes, Stack size 0 bytes, esp_connect.o(.text.timer_callback))
<BR><BR>[Called By]<UL><LI><a href="#[31]">&gt;&gt;</a>&nbsp;&nbsp;&nbsp;timer_1ms_callback
</UL>

<P><STRONG><a name="[75]"></a>tjc_send_string</STRONG> (Thumb, 164 bytes, Stack size 32 bytes, tjc_usart_hmi.o(.text.tjc_send_string))
<BR><BR>[Stack]<UL><LI>Max Depth = 32<LI>Call Chain = tjc_send_string
</UL>
<BR>[Called By]<UL><LI><a href="#[8c]">&gt;&gt;</a>&nbsp;&nbsp;&nbsp;dakai_clock_display
<LI><a href="#[76]">&gt;&gt;</a>&nbsp;&nbsp;&nbsp;finger_addtion
<LI><a href="#[b0]">&gt;&gt;</a>&nbsp;&nbsp;&nbsp;update_clock_display
<LI><a href="#[af]">&gt;&gt;</a>&nbsp;&nbsp;&nbsp;process_uart2_data
<LI><a href="#[ae]">&gt;&gt;</a>&nbsp;&nbsp;&nbsp;process_uart8_data
<LI><a href="#[88]">&gt;&gt;</a>&nbsp;&nbsp;&nbsp;PN532_connect
<LI><a href="#[72]">&gt;&gt;</a>&nbsp;&nbsp;&nbsp;HIM_connection
<LI><a href="#[a6]">&gt;&gt;</a>&nbsp;&nbsp;&nbsp;finger_search
</UL>

<P><STRONG><a name="[3f]"></a>uart2_callback</STRONG> (Thumb, 258 bytes, Stack size 32 bytes, esp_connect.o(.text.uart2_callback))
<BR><BR>[Stack]<UL><LI>Max Depth = 120<LI>Call Chain = uart2_callback &rArr; atoi &rArr; strtol &rArr; _strtoul
</UL>
<BR>[Calls]<UL><LI><a href="#[55]">&gt;&gt;</a>&nbsp;&nbsp;&nbsp;atoi
<LI><a href="#[ba]">&gt;&gt;</a>&nbsp;&nbsp;&nbsp;strcpy
<LI><a href="#[bb]">&gt;&gt;</a>&nbsp;&nbsp;&nbsp;strlen
<LI><a href="#[b9]">&gt;&gt;</a>&nbsp;&nbsp;&nbsp;strchr
<LI><a href="#[85]">&gt;&gt;</a>&nbsp;&nbsp;&nbsp;__aeabi_memcpy
</UL>
<BR>[Address Reference Count : 1]<UL><LI> hal_data.o(.rodata.g_uart2_cfg)
</UL>
<P><STRONG><a name="[aa]"></a>uart2_init</STRONG> (Thumb, 102 bytes, Stack size 8 bytes, esp_connect.o(.text.uart2_init))
<BR><BR>[Stack]<UL><LI>Max Depth = 8<LI>Call Chain = uart2_init
</UL>
<BR>[Calls]<UL><LI><a href="#[73]">&gt;&gt;</a>&nbsp;&nbsp;&nbsp;__aeabi_memclr4
</UL>
<BR>[Called By]<UL><LI><a href="#[a7]">&gt;&gt;</a>&nbsp;&nbsp;&nbsp;hal_entry
</UL>

<P><STRONG><a name="[b5]"></a>uart2_send_string</STRONG> (Thumb, 52 bytes, Stack size 8 bytes, esp_connect.o(.text.uart2_send_string))
<BR><BR>[Stack]<UL><LI>Max Depth = 16<LI>Call Chain = uart2_send_string &rArr; R_SCI_UART_Write
</UL>
<BR>[Calls]<UL><LI><a href="#[47]">&gt;&gt;</a>&nbsp;&nbsp;&nbsp;R_SCI_UART_Write
<LI><a href="#[bb]">&gt;&gt;</a>&nbsp;&nbsp;&nbsp;strlen
</UL>
<BR>[Called By]<UL><LI><a href="#[74]">&gt;&gt;</a>&nbsp;&nbsp;&nbsp;send_wifi_to_esp32
<LI><a href="#[8a]">&gt;&gt;</a>&nbsp;&nbsp;&nbsp;uart2_send_value
</UL>

<P><STRONG><a name="[8a]"></a>uart2_send_value</STRONG> (Thumb, 28 bytes, Stack size 24 bytes, esp_connect.o(.text.uart2_send_value))
<BR><BR>[Stack]<UL><LI>Max Depth = 48<LI>Call Chain = uart2_send_value &rArr; __2sprintf
</UL>
<BR>[Calls]<UL><LI><a href="#[b5]">&gt;&gt;</a>&nbsp;&nbsp;&nbsp;uart2_send_string
<LI><a href="#[77]">&gt;&gt;</a>&nbsp;&nbsp;&nbsp;__2sprintf
</UL>
<BR>[Called By]<UL><LI><a href="#[ae]">&gt;&gt;</a>&nbsp;&nbsp;&nbsp;process_uart8_data
<LI><a href="#[88]">&gt;&gt;</a>&nbsp;&nbsp;&nbsp;PN532_connect
<LI><a href="#[a6]">&gt;&gt;</a>&nbsp;&nbsp;&nbsp;finger_search
</UL>

<P><STRONG><a name="[40]"></a>uart3_callback</STRONG> (Thumb, 122 bytes, Stack size 0 bytes, as608pro.o(.text.uart3_callback))
<BR>[Address Reference Count : 1]<UL><LI> hal_data.o(.rodata.g_uart3_cfg)
</UL>
<P><STRONG><a name="[41]"></a>uart5_callback</STRONG> (Thumb, 124 bytes, Stack size 8 bytes, tjc_usart_hmi.o(.text.uart5_callback))
<BR><BR>[Stack]<UL><LI>Max Depth = 8<LI>Call Chain = uart5_callback
</UL>
<BR>[Address Reference Count : 1]<UL><LI> hal_data.o(.rodata.g_uart5_cfg)
</UL>
<P><STRONG><a name="[42]"></a>uart7_callback</STRONG> (Thumb, 56 bytes, Stack size 0 bytes, fun.o(.text.uart7_callback))
<BR>[Address Reference Count : 1]<UL><LI> hal_data.o(.rodata.g_uart7_cfg)
</UL>
<P><STRONG><a name="[43]"></a>uart8_callback</STRONG> (Thumb, 182 bytes, Stack size 32 bytes, k230_connect.o(.text.uart8_callback))
<BR><BR>[Stack]<UL><LI>Max Depth = 120<LI>Call Chain = uart8_callback &rArr; atoi &rArr; strtol &rArr; _strtoul
</UL>
<BR>[Calls]<UL><LI><a href="#[55]">&gt;&gt;</a>&nbsp;&nbsp;&nbsp;atoi
<LI><a href="#[85]">&gt;&gt;</a>&nbsp;&nbsp;&nbsp;__aeabi_memcpy
</UL>
<BR>[Address Reference Count : 1]<UL><LI> hal_data.o(.rodata.g_uart8_cfg)
</UL>
<P><STRONG><a name="[a9]"></a>uart8_init</STRONG> (Thumb, 50 bytes, Stack size 0 bytes, k230_connect.o(.text.uart8_init))
<BR><BR>[Called By]<UL><LI><a href="#[a7]">&gt;&gt;</a>&nbsp;&nbsp;&nbsp;hal_entry
</UL>

<P><STRONG><a name="[78]"></a>uart8_send_value</STRONG> (Thumb, 64 bytes, Stack size 24 bytes, k230_connect.o(.text.uart8_send_value))
<BR><BR>[Stack]<UL><LI>Max Depth = 48<LI>Call Chain = uart8_send_value &rArr; __2sprintf
</UL>
<BR>[Calls]<UL><LI><a href="#[47]">&gt;&gt;</a>&nbsp;&nbsp;&nbsp;R_SCI_UART_Write
<LI><a href="#[77]">&gt;&gt;</a>&nbsp;&nbsp;&nbsp;__2sprintf
<LI><a href="#[bb]">&gt;&gt;</a>&nbsp;&nbsp;&nbsp;strlen
</UL>
<BR>[Called By]<UL><LI><a href="#[72]">&gt;&gt;</a>&nbsp;&nbsp;&nbsp;HIM_connection
</UL>

<P><STRONG><a name="[44]"></a>uart9_callback</STRONG> (Thumb, 160 bytes, Stack size 32 bytes, asr_pro.o(.text.uart9_callback))
<BR><BR>[Stack]<UL><LI>Max Depth = 120<LI>Call Chain = uart9_callback &rArr; atoi &rArr; strtol &rArr; _strtoul
</UL>
<BR>[Calls]<UL><LI><a href="#[55]">&gt;&gt;</a>&nbsp;&nbsp;&nbsp;atoi
<LI><a href="#[85]">&gt;&gt;</a>&nbsp;&nbsp;&nbsp;__aeabi_memcpy
</UL>
<BR>[Address Reference Count : 1]<UL><LI> hal_data.o(.rodata.g_uart9_cfg)
</UL>
<P><STRONG><a name="[ab]"></a>uart9_init</STRONG> (Thumb, 14 bytes, Stack size 0 bytes, asr_pro.o(.text.uart9_init))
<BR><BR>[Called By]<UL><LI><a href="#[a7]">&gt;&gt;</a>&nbsp;&nbsp;&nbsp;hal_entry
</UL>

<P><STRONG><a name="[8b]"></a>uart9_send_value</STRONG> (Thumb, 64 bytes, Stack size 24 bytes, asr_pro.o(.text.uart9_send_value))
<BR><BR>[Stack]<UL><LI>Max Depth = 48<LI>Call Chain = uart9_send_value &rArr; __2sprintf
</UL>
<BR>[Calls]<UL><LI><a href="#[47]">&gt;&gt;</a>&nbsp;&nbsp;&nbsp;R_SCI_UART_Write
<LI><a href="#[77]">&gt;&gt;</a>&nbsp;&nbsp;&nbsp;__2sprintf
<LI><a href="#[bb]">&gt;&gt;</a>&nbsp;&nbsp;&nbsp;strlen
</UL>
<BR>[Called By]<UL><LI><a href="#[ae]">&gt;&gt;</a>&nbsp;&nbsp;&nbsp;process_uart8_data
<LI><a href="#[88]">&gt;&gt;</a>&nbsp;&nbsp;&nbsp;PN532_connect
<LI><a href="#[a6]">&gt;&gt;</a>&nbsp;&nbsp;&nbsp;finger_search
</UL>

<P><STRONG><a name="[b0]"></a>update_clock_display</STRONG> (Thumb, 90 bytes, Stack size 24 bytes, esp_connect.o(.text.update_clock_display))
<BR><BR>[Stack]<UL><LI>Max Depth = 56<LI>Call Chain = update_clock_display &rArr; tjc_send_string
</UL>
<BR>[Calls]<UL><LI><a href="#[75]">&gt;&gt;</a>&nbsp;&nbsp;&nbsp;tjc_send_string
<LI><a href="#[77]">&gt;&gt;</a>&nbsp;&nbsp;&nbsp;__2sprintf
</UL>
<BR>[Called By]<UL><LI><a href="#[a7]">&gt;&gt;</a>&nbsp;&nbsp;&nbsp;hal_entry
</UL>

<P><STRONG><a name="[bc]"></a>__0printf$8</STRONG> (Thumb, 22 bytes, Stack size 24 bytes, printf8.o(i.__0printf$8), UNUSED)
<BR><BR>[Calls]<UL><LI><a href="#[bd]">&gt;&gt;</a>&nbsp;&nbsp;&nbsp;_printf_core
</UL>

<P><STRONG><a name="[ca]"></a>__1printf$8</STRONG> (Thumb, 0 bytes, Stack size 24 bytes, printf8.o(i.__0printf$8), UNUSED)

<P><STRONG><a name="[67]"></a>__2printf</STRONG> (Thumb, 0 bytes, Stack size 24 bytes, printf8.o(i.__0printf$8))
<BR><BR>[Stack]<UL><LI>Max Depth = 24<LI>Call Chain = __2printf
</UL>
<BR>[Called By]<UL><LI><a href="#[74]">&gt;&gt;</a>&nbsp;&nbsp;&nbsp;send_wifi_to_esp32
<LI><a href="#[65]">&gt;&gt;</a>&nbsp;&nbsp;&nbsp;AS608_Check
<LI><a href="#[af]">&gt;&gt;</a>&nbsp;&nbsp;&nbsp;process_uart2_data
<LI><a href="#[88]">&gt;&gt;</a>&nbsp;&nbsp;&nbsp;PN532_connect
<LI><a href="#[72]">&gt;&gt;</a>&nbsp;&nbsp;&nbsp;HIM_connection
<LI><a href="#[a6]">&gt;&gt;</a>&nbsp;&nbsp;&nbsp;finger_search
<LI><a href="#[a7]">&gt;&gt;</a>&nbsp;&nbsp;&nbsp;hal_entry
</UL>

<P><STRONG><a name="[be]"></a>__0snprintf$8</STRONG> (Thumb, 48 bytes, Stack size 40 bytes, printf8.o(i.__0snprintf$8), UNUSED)
<BR><BR>[Calls]<UL><LI><a href="#[bd]">&gt;&gt;</a>&nbsp;&nbsp;&nbsp;_printf_core
</UL>

<P><STRONG><a name="[cb]"></a>__1snprintf$8</STRONG> (Thumb, 0 bytes, Stack size 40 bytes, printf8.o(i.__0snprintf$8), UNUSED)

<P><STRONG><a name="[b4]"></a>__2snprintf</STRONG> (Thumb, 0 bytes, Stack size 40 bytes, printf8.o(i.__0snprintf$8))
<BR><BR>[Stack]<UL><LI>Max Depth = 40<LI>Call Chain = __2snprintf
</UL>
<BR>[Called By]<UL><LI><a href="#[74]">&gt;&gt;</a>&nbsp;&nbsp;&nbsp;send_wifi_to_esp32
</UL>

<P><STRONG><a name="[bf]"></a>__0sprintf$8</STRONG> (Thumb, 34 bytes, Stack size 24 bytes, printf8.o(i.__0sprintf$8), UNUSED)
<BR><BR>[Calls]<UL><LI><a href="#[1a]">&gt;&gt;</a>&nbsp;&nbsp;&nbsp;_sputc
<LI><a href="#[bd]">&gt;&gt;</a>&nbsp;&nbsp;&nbsp;_printf_core
</UL>

<P><STRONG><a name="[cc]"></a>__1sprintf$8</STRONG> (Thumb, 0 bytes, Stack size 24 bytes, printf8.o(i.__0sprintf$8), UNUSED)

<P><STRONG><a name="[77]"></a>__2sprintf</STRONG> (Thumb, 0 bytes, Stack size 24 bytes, printf8.o(i.__0sprintf$8))
<BR><BR>[Stack]<UL><LI>Max Depth = 24<LI>Call Chain = __2sprintf
</UL>
<BR>[Called By]<UL><LI><a href="#[78]">&gt;&gt;</a>&nbsp;&nbsp;&nbsp;uart8_send_value
<LI><a href="#[8c]">&gt;&gt;</a>&nbsp;&nbsp;&nbsp;dakai_clock_display
<LI><a href="#[8b]">&gt;&gt;</a>&nbsp;&nbsp;&nbsp;uart9_send_value
<LI><a href="#[8a]">&gt;&gt;</a>&nbsp;&nbsp;&nbsp;uart2_send_value
<LI><a href="#[b0]">&gt;&gt;</a>&nbsp;&nbsp;&nbsp;update_clock_display
<LI><a href="#[af]">&gt;&gt;</a>&nbsp;&nbsp;&nbsp;process_uart2_data
<LI><a href="#[88]">&gt;&gt;</a>&nbsp;&nbsp;&nbsp;PN532_connect
<LI><a href="#[72]">&gt;&gt;</a>&nbsp;&nbsp;&nbsp;HIM_connection
</UL>

<P><STRONG><a name="[56]"></a>__aeabi_errno_addr</STRONG> (Thumb, 4 bytes, Stack size 0 bytes, errno.o(i.__aeabi_errno_addr))
<BR><BR>[Called By]<UL><LI><a href="#[5d]">&gt;&gt;</a>&nbsp;&nbsp;&nbsp;_strtoul
<LI><a href="#[57]">&gt;&gt;</a>&nbsp;&nbsp;&nbsp;strtol
<LI><a href="#[55]">&gt;&gt;</a>&nbsp;&nbsp;&nbsp;atoi
</UL>

<P><STRONG><a name="[cd]"></a>__rt_errno_addr</STRONG> (Thumb, 0 bytes, Stack size 0 bytes, errno.o(i.__aeabi_errno_addr), UNUSED)

<P><STRONG><a name="[69]"></a>puts</STRONG> (Thumb, 30 bytes, Stack size 8 bytes, puts.o(i.puts))
<BR><BR>[Stack]<UL><LI>Max Depth = 24<LI>Call Chain = puts &rArr; fputc
</UL>
<BR>[Calls]<UL><LI><a href="#[18]">&gt;&gt;</a>&nbsp;&nbsp;&nbsp;fputc
</UL>
<BR>[Called By]<UL><LI><a href="#[65]">&gt;&gt;</a>&nbsp;&nbsp;&nbsp;AS608_Check
<LI><a href="#[76]">&gt;&gt;</a>&nbsp;&nbsp;&nbsp;finger_addtion
<LI><a href="#[af]">&gt;&gt;</a>&nbsp;&nbsp;&nbsp;process_uart2_data
<LI><a href="#[ad]">&gt;&gt;</a>&nbsp;&nbsp;&nbsp;key_scan
<LI><a href="#[88]">&gt;&gt;</a>&nbsp;&nbsp;&nbsp;PN532_connect
<LI><a href="#[72]">&gt;&gt;</a>&nbsp;&nbsp;&nbsp;HIM_connection
<LI><a href="#[a6]">&gt;&gt;</a>&nbsp;&nbsp;&nbsp;finger_search
<LI><a href="#[81]">&gt;&gt;</a>&nbsp;&nbsp;&nbsp;PN532_INIT
</UL>
<P>
<H3>
Local Symbols
</H3>
<P><STRONG><a name="[90]"></a>SendAddr</STRONG> (Thumb, 150 bytes, Stack size 24 bytes, as608pro.o(.text.SendAddr))
<BR><BR>[Stack]<UL><LI>Max Depth = 24<LI>Call Chain = SendAddr
</UL>
<BR>[Called By]<UL><LI><a href="#[6d]">&gt;&gt;</a>&nbsp;&nbsp;&nbsp;PS_Empty
<LI><a href="#[6c]">&gt;&gt;</a>&nbsp;&nbsp;&nbsp;PS_DeletChar
<LI><a href="#[6a]">&gt;&gt;</a>&nbsp;&nbsp;&nbsp;PS_ReadSysPara
<LI><a href="#[66]">&gt;&gt;</a>&nbsp;&nbsp;&nbsp;PS_HandShake
<LI><a href="#[71]">&gt;&gt;</a>&nbsp;&nbsp;&nbsp;PS_HighSpeedSearch
<LI><a href="#[64]">&gt;&gt;</a>&nbsp;&nbsp;&nbsp;PS_StoreChar
<LI><a href="#[63]">&gt;&gt;</a>&nbsp;&nbsp;&nbsp;PS_ValidTempleteNum
<LI><a href="#[62]">&gt;&gt;</a>&nbsp;&nbsp;&nbsp;PS_RegModel
<LI><a href="#[61]">&gt;&gt;</a>&nbsp;&nbsp;&nbsp;PS_Match
<LI><a href="#[60]">&gt;&gt;</a>&nbsp;&nbsp;&nbsp;PS_GenChar
<LI><a href="#[5f]">&gt;&gt;</a>&nbsp;&nbsp;&nbsp;PS_GetImage
</UL>

<P><STRONG><a name="[91]"></a>SendLength</STRONG> (Thumb, 86 bytes, Stack size 24 bytes, as608pro.o(.text.SendLength))
<BR><BR>[Stack]<UL><LI>Max Depth = 24<LI>Call Chain = SendLength
</UL>
<BR>[Called By]<UL><LI><a href="#[6d]">&gt;&gt;</a>&nbsp;&nbsp;&nbsp;PS_Empty
<LI><a href="#[6c]">&gt;&gt;</a>&nbsp;&nbsp;&nbsp;PS_DeletChar
<LI><a href="#[6a]">&gt;&gt;</a>&nbsp;&nbsp;&nbsp;PS_ReadSysPara
<LI><a href="#[71]">&gt;&gt;</a>&nbsp;&nbsp;&nbsp;PS_HighSpeedSearch
<LI><a href="#[64]">&gt;&gt;</a>&nbsp;&nbsp;&nbsp;PS_StoreChar
<LI><a href="#[63]">&gt;&gt;</a>&nbsp;&nbsp;&nbsp;PS_ValidTempleteNum
<LI><a href="#[62]">&gt;&gt;</a>&nbsp;&nbsp;&nbsp;PS_RegModel
<LI><a href="#[61]">&gt;&gt;</a>&nbsp;&nbsp;&nbsp;PS_Match
<LI><a href="#[60]">&gt;&gt;</a>&nbsp;&nbsp;&nbsp;PS_GenChar
<LI><a href="#[5f]">&gt;&gt;</a>&nbsp;&nbsp;&nbsp;PS_GetImage
</UL>

<P><STRONG><a name="[92]"></a>SendCheck</STRONG> (Thumb, 86 bytes, Stack size 24 bytes, as608pro.o(.text.SendCheck))
<BR><BR>[Stack]<UL><LI>Max Depth = 24<LI>Call Chain = SendCheck
</UL>
<BR>[Called By]<UL><LI><a href="#[6d]">&gt;&gt;</a>&nbsp;&nbsp;&nbsp;PS_Empty
<LI><a href="#[6c]">&gt;&gt;</a>&nbsp;&nbsp;&nbsp;PS_DeletChar
<LI><a href="#[6a]">&gt;&gt;</a>&nbsp;&nbsp;&nbsp;PS_ReadSysPara
<LI><a href="#[71]">&gt;&gt;</a>&nbsp;&nbsp;&nbsp;PS_HighSpeedSearch
<LI><a href="#[64]">&gt;&gt;</a>&nbsp;&nbsp;&nbsp;PS_StoreChar
<LI><a href="#[63]">&gt;&gt;</a>&nbsp;&nbsp;&nbsp;PS_ValidTempleteNum
<LI><a href="#[62]">&gt;&gt;</a>&nbsp;&nbsp;&nbsp;PS_RegModel
<LI><a href="#[61]">&gt;&gt;</a>&nbsp;&nbsp;&nbsp;PS_Match
<LI><a href="#[60]">&gt;&gt;</a>&nbsp;&nbsp;&nbsp;PS_GenChar
<LI><a href="#[5f]">&gt;&gt;</a>&nbsp;&nbsp;&nbsp;PS_GetImage
</UL>

<P><STRONG><a name="[79]"></a>JudgeStr</STRONG> (Thumb, 132 bytes, Stack size 32 bytes, as608pro.o(.text.JudgeStr))
<BR><BR>[Stack]<UL><LI>Max Depth = 44<LI>Call Chain = JudgeStr &rArr; strstr
</UL>
<BR>[Calls]<UL><LI><a href="#[68]">&gt;&gt;</a>&nbsp;&nbsp;&nbsp;R_BSP_SoftwareDelay
<LI><a href="#[7a]">&gt;&gt;</a>&nbsp;&nbsp;&nbsp;strstr
</UL>
<BR>[Called By]<UL><LI><a href="#[6d]">&gt;&gt;</a>&nbsp;&nbsp;&nbsp;PS_Empty
<LI><a href="#[6c]">&gt;&gt;</a>&nbsp;&nbsp;&nbsp;PS_DeletChar
<LI><a href="#[6a]">&gt;&gt;</a>&nbsp;&nbsp;&nbsp;PS_ReadSysPara
<LI><a href="#[71]">&gt;&gt;</a>&nbsp;&nbsp;&nbsp;PS_HighSpeedSearch
<LI><a href="#[64]">&gt;&gt;</a>&nbsp;&nbsp;&nbsp;PS_StoreChar
<LI><a href="#[63]">&gt;&gt;</a>&nbsp;&nbsp;&nbsp;PS_ValidTempleteNum
<LI><a href="#[62]">&gt;&gt;</a>&nbsp;&nbsp;&nbsp;PS_RegModel
<LI><a href="#[61]">&gt;&gt;</a>&nbsp;&nbsp;&nbsp;PS_Match
<LI><a href="#[60]">&gt;&gt;</a>&nbsp;&nbsp;&nbsp;PS_GenChar
<LI><a href="#[5f]">&gt;&gt;</a>&nbsp;&nbsp;&nbsp;PS_GetImage
</UL>

<P><STRONG><a name="[98]"></a>gpt_calculate_duty_cycle</STRONG> (Thumb, 94 bytes, Stack size 16 bytes, r_gpt.o(.text.gpt_calculate_duty_cycle))
<BR><BR>[Stack]<UL><LI>Max Depth = 16<LI>Call Chain = gpt_calculate_duty_cycle
</UL>
<BR>[Called By]<UL><LI><a href="#[39]">&gt;&gt;</a>&nbsp;&nbsp;&nbsp;R_GPT_DutyCycleSet
<LI><a href="#[32]">&gt;&gt;</a>&nbsp;&nbsp;&nbsp;R_GPT_Open
</UL>

<P><STRONG><a name="[99]"></a>r_gpt_enable_irq</STRONG> (Thumb, 88 bytes, Stack size 0 bytes, r_gpt.o(.text.r_gpt_enable_irq))
<BR><BR>[Called By]<UL><LI><a href="#[32]">&gt;&gt;</a>&nbsp;&nbsp;&nbsp;R_GPT_Open
</UL>

<P><STRONG><a name="[9a]"></a>iic_master_open_hw_master</STRONG> (Thumb, 370 bytes, Stack size 20 bytes, r_iic_master.o(.text.iic_master_open_hw_master))
<BR><BR>[Stack]<UL><LI>Max Depth = 20<LI>Call Chain = iic_master_open_hw_master
</UL>
<BR>[Called By]<UL><LI><a href="#[e]">&gt;&gt;</a>&nbsp;&nbsp;&nbsp;iic_master_eri_isr
<LI><a href="#[23]">&gt;&gt;</a>&nbsp;&nbsp;&nbsp;R_IIC_MASTER_Close
<LI><a href="#[1f]">&gt;&gt;</a>&nbsp;&nbsp;&nbsp;R_IIC_MASTER_Abort
<LI><a href="#[1c]">&gt;&gt;</a>&nbsp;&nbsp;&nbsp;R_IIC_MASTER_Open
</UL>

<P><STRONG><a name="[9b]"></a>iic_master_read_write</STRONG> (Thumb, 330 bytes, Stack size 12 bytes, r_iic_master.o(.text.iic_master_read_write))
<BR><BR>[Stack]<UL><LI>Max Depth = 12<LI>Call Chain = iic_master_read_write
</UL>
<BR>[Called By]<UL><LI><a href="#[1e]">&gt;&gt;</a>&nbsp;&nbsp;&nbsp;R_IIC_MASTER_Write
<LI><a href="#[1d]">&gt;&gt;</a>&nbsp;&nbsp;&nbsp;R_IIC_MASTER_Read
</UL>

<P><STRONG><a name="[b2]"></a>iic_master_notify</STRONG> (Thumb, 54 bytes, Stack size 16 bytes, r_iic_master.o(.text.iic_master_notify))
<BR><BR>[Stack]<UL><LI>Max Depth = 16<LI>Call Chain = iic_master_notify
</UL>
<BR>[Called By]<UL><LI><a href="#[e]">&gt;&gt;</a>&nbsp;&nbsp;&nbsp;iic_master_eri_isr
<LI><a href="#[d]">&gt;&gt;</a>&nbsp;&nbsp;&nbsp;iic_master_tei_isr
<LI><a href="#[c]">&gt;&gt;</a>&nbsp;&nbsp;&nbsp;iic_master_txi_isr
<LI><a href="#[b]">&gt;&gt;</a>&nbsp;&nbsp;&nbsp;iic_master_rxi_isr
</UL>

<P><STRONG><a name="[9c]"></a>r_ioport_pins_config</STRONG> (Thumb, 192 bytes, Stack size 16 bytes, r_ioport.o(.text.r_ioport_pins_config))
<BR><BR>[Stack]<UL><LI>Max Depth = 64<LI>Call Chain = r_ioport_pins_config &rArr; bsp_vbatt_init &rArr; R_BSP_RegisterProtectDisable
</UL>
<BR>[Calls]<UL><LI><a href="#[9d]">&gt;&gt;</a>&nbsp;&nbsp;&nbsp;bsp_vbatt_init
</UL>
<BR>[Called By]<UL><LI><a href="#[26]">&gt;&gt;</a>&nbsp;&nbsp;&nbsp;R_IOPORT_PinsCfg
<LI><a href="#[24]">&gt;&gt;</a>&nbsp;&nbsp;&nbsp;R_IOPORT_Open
</UL>

<P><STRONG><a name="[9d]"></a>bsp_vbatt_init</STRONG> (Thumb, 204 bytes, Stack size 40 bytes, r_ioport.o(.text.bsp_vbatt_init))
<BR><BR>[Stack]<UL><LI>Max Depth = 48<LI>Call Chain = bsp_vbatt_init &rArr; R_BSP_RegisterProtectDisable
</UL>
<BR>[Calls]<UL><LI><a href="#[95]">&gt;&gt;</a>&nbsp;&nbsp;&nbsp;R_BSP_RegisterProtectEnable
<LI><a href="#[94]">&gt;&gt;</a>&nbsp;&nbsp;&nbsp;R_BSP_RegisterProtectDisable
<LI><a href="#[68]">&gt;&gt;</a>&nbsp;&nbsp;&nbsp;R_BSP_SoftwareDelay
</UL>
<BR>[Called By]<UL><LI><a href="#[27]">&gt;&gt;</a>&nbsp;&nbsp;&nbsp;R_IOPORT_PinCfg
<LI><a href="#[9c]">&gt;&gt;</a>&nbsp;&nbsp;&nbsp;r_ioport_pins_config
</UL>

<P><STRONG><a name="[b3]"></a>r_sci_uart_call_callback</STRONG> (Thumb, 64 bytes, Stack size 32 bytes, r_sci_uart.o(.text.r_sci_uart_call_callback))
<BR><BR>[Stack]<UL><LI>Max Depth = 32<LI>Call Chain = r_sci_uart_call_callback
</UL>
<BR>[Called By]<UL><LI><a href="#[12]">&gt;&gt;</a>&nbsp;&nbsp;&nbsp;sci_uart_eri_isr
<LI><a href="#[11]">&gt;&gt;</a>&nbsp;&nbsp;&nbsp;sci_uart_tei_isr
<LI><a href="#[f]">&gt;&gt;</a>&nbsp;&nbsp;&nbsp;sci_uart_rxi_isr
<LI><a href="#[10]">&gt;&gt;</a>&nbsp;&nbsp;&nbsp;sci_uart_txi_isr
</UL>

<P><STRONG><a name="[bd]"></a>_printf_core</STRONG> (Thumb, 996 bytes, Stack size 104 bytes, printf8.o(i._printf_core), UNUSED)
<BR><BR>[Calls]<UL><LI><a href="#[58]">&gt;&gt;</a>&nbsp;&nbsp;&nbsp;__aeabi_uldivmod
<LI><a href="#[c0]">&gt;&gt;</a>&nbsp;&nbsp;&nbsp;_printf_pre_padding
<LI><a href="#[c1]">&gt;&gt;</a>&nbsp;&nbsp;&nbsp;_printf_post_padding
</UL>
<BR>[Called By]<UL><LI><a href="#[bf]">&gt;&gt;</a>&nbsp;&nbsp;&nbsp;__0sprintf$8
<LI><a href="#[be]">&gt;&gt;</a>&nbsp;&nbsp;&nbsp;__0snprintf$8
<LI><a href="#[bc]">&gt;&gt;</a>&nbsp;&nbsp;&nbsp;__0printf$8
</UL>

<P><STRONG><a name="[c1]"></a>_printf_post_padding</STRONG> (Thumb, 36 bytes, Stack size 24 bytes, printf8.o(i._printf_post_padding), UNUSED)
<BR><BR>[Called By]<UL><LI><a href="#[bd]">&gt;&gt;</a>&nbsp;&nbsp;&nbsp;_printf_core
</UL>

<P><STRONG><a name="[c0]"></a>_printf_pre_padding</STRONG> (Thumb, 46 bytes, Stack size 24 bytes, printf8.o(i._printf_pre_padding), UNUSED)
<BR><BR>[Called By]<UL><LI><a href="#[bd]">&gt;&gt;</a>&nbsp;&nbsp;&nbsp;_printf_core
</UL>

<P><STRONG><a name="[19]"></a>_snputc</STRONG> (Thumb, 22 bytes, Stack size 0 bytes, printf8.o(i._snputc))
<BR>[Address Reference Count : 1]<UL><LI> printf8.o(i.__0snprintf$8)
</UL>
<P><STRONG><a name="[1a]"></a>_sputc</STRONG> (Thumb, 10 bytes, Stack size 0 bytes, printf8.o(i._sputc))
<BR><BR>[Called By]<UL><LI><a href="#[bf]">&gt;&gt;</a>&nbsp;&nbsp;&nbsp;__0sprintf$8
</UL>
<BR>[Address Reference Count : 1]<UL><LI> printf8.o(i.__0sprintf$8)
</UL>
<P><STRONG><a name="[16]"></a>_scanf_char_input</STRONG> (Thumb, 12 bytes, Stack size 0 bytes, scanf_char.o(.text))
<BR>[Address Reference Count : 1]<UL><LI> scanf_char.o(.text)
</UL><P>
<H3>
Undefined Global Symbols
</H3><HR></body></html>
